02-27 14:50:46.864  8521  8569 D StrictMode: 	at org.chromium.net.CronetEngine$Builder.<init>(PG:1)
02-27 14:50:46.864  8521  8569 D StrictMode: 	at org.chromium.net.ExperimentalCronetEngine$Builder.<init>(PG:1)
02-27 14:50:46.864  8521  8569 D StrictMode: 	at zrs.c(PG:125)
02-27 14:50:46.864  8521  8569 D StrictMode: 	at zrs.b(PG:265)
02-27 14:50:46.864  8521  8569 D StrictMode: 	at daqh.b(PG:1)
02-27 14:50:46.864  8521  8569 D StrictMode: 	at zrz.c(Unknown Source:5390)
02-27 14:50:46.864  8521  8569 D StrictMode: 	at zrz.b(PG:1)
02-27 14:50:46.864  8521  8569 D StrictMode: 	at daqh.b(PG:1)
02-27 14:50:46.864  8521  8569 D StrictMode: 	at zfb.b(PG:1)
02-27 14:50:46.864  8521  8569 D StrictMode: 	at zfa.get(PG:1)
02-27 14:50:46.864  8521  8569 D StrictMode: 	at cpdm.get(PG:1)
02-27 14:50:46.864  8521  8569 D StrictMode: 	at zfb.a(PG:1)
02-27 14:50:46.864  8521  8569 D StrictMode: 	at zse.e(PG:70)
02-27 14:50:46.864  8521  8569 D StrictMode: 	at zse.b(PG:32)
02-27 14:50:46.864  8521  8569 D StrictMode: 	at daqh.b(PG:1)
02-27 14:50:46.864  8521  8569 D StrictMode: 	at btcl.a(PG:11)
02-27 14:50:46.864  8521  8569 D StrictMode: 	at ctbg.d(PG:2)
02-27 14:50:46.864  8521  8569 D StrictMode: 	at ctbi.run(PG:9)
02-27 14:50:46.864  8521  8569 D StrictMode: 	at bxfd.run(PG:1)
02-27 14:50:46.864  8521  8569 D StrictMode: 	at java.util.concurrent.ThreadPoolExecutor.runWorker(ThreadPoolExecutor.java:1145)
02-27 14:50:46.864  8521  8569 D StrictMode: 	at java.util.concurrent.ThreadPoolExecutor$Worker.run(ThreadPoolExecutor.java:644)
02-27 14:50:46.864  8521  8569 D StrictMode: 	at bxho.run(PG:3)
02-27 14:50:46.864  8521  8569 D StrictMode: 	at bxei.run(PG:2)
02-27 14:50:46.864  8521  8569 D StrictMode: 	at java.lang.Thread.run(Thread.java:1012)
02-27 14:50:46.864  8521  8569 D StrictMode: 	at bxfj.run(PG:5)
02-27 14:50:46.890  8521  8579 D nativeloader: Configuring product-clns-10 for unbundled product apk /product/priv-app/PrebuiltGmsCore/PrebuiltGmsCore.apk. target_sdk_version=33, uses_libraries=, library_path=/product/priv-app/PrebuiltGmsCore/lib/x86_64:/product/priv-app/PrebuiltGmsCore/PrebuiltGmsCore.apk!/lib/x86_64:/product/lib64:/system/product/lib64, permitted_path=/data:/mnt/expand:/data/user/0/com.google.android.gms:/product/lib64:/system/product/lib64
02-27 14:50:46.902  8521  8569 D StrictMode: StrictMode policy violation: android.os.strictmode.DiskReadViolation
02-27 14:50:46.902  8521  8569 D StrictMode: 	at android.os.StrictMode$AndroidBlockGuardPolicy.onReadFromDisk(StrictMode.java:1666)
02-27 14:50:46.902  8521  8569 D StrictMode: 	at java.io.UnixFileSystem.getBooleanAttributes(UnixFileSystem.java:282)
02-27 14:50:46.902  8521  8569 D StrictMode: 	at java.io.File.isDirectory(File.java:843)
02-27 14:50:46.902  8521  8569 D StrictMode: 	at dalvik.system.DexPathList.makeDexElements(DexPathList.java:376)
02-27 14:50:46.902  8521  8569 D StrictMode: 	at dalvik.system.DexPathList.<init>(DexPathList.java:166)
02-27 14:50:46.902  8521  8569 D StrictMode: 	at dalvik.system.BaseDexClassLoader.<init>(BaseDexClassLoader.java:160)
02-27 14:50:46.902  8521  8569 D StrictMode: 	at dalvik.system.BaseDexClassLoader.<init>(BaseDexClassLoader.java:105)
02-27 14:50:46.902  8521  8569 D StrictMode: 	at dalvik.system.PathClassLoader.<init>(PathClassLoader.java:71)
02-27 14:50:46.902  8521  8569 D StrictMode: 	at dalvik.system.DelegateLastClassLoader.<init>(DelegateLastClassLoader.java:106)
02-27 14:50:46.902  8521  8569 D StrictMode: 	at dalvik.system.DelegateLastClassLoader.<init>(DelegateLastClassLoader.java:56)
02-27 14:50:46.902  8521  8569 D StrictMode: 	at com.google.android.gms.dynamite.DynamiteModule.b(PG:17)
02-27 14:50:46.902  8521  8569 D StrictMode: 	at bnzi.b(PG:1)
02-27 14:50:46.902  8521  8569 D StrictMode: 	at bnzj.a(PG:1)
02-27 14:50:46.902  8521  8569 D StrictMode: 	at com.google.android.gms.dynamite.DynamiteModule.d(PG:8)
02-27 14:50:46.902  8521  8569 D StrictMode: 	at boxj.b(PG:12)
02-27 14:50:46.902  8521  8569 D StrictMode: 	at com.google.android.gms.net.PlayServicesCronetProvider.tryToInstallCronetProvider(PG:1)
02-27 14:50:46.902  8521  8569 D StrictMode: 	at com.google.android.gms.net.PlayServicesCronetProvider.isEnabled(PG:1)
02-27 14:50:46.902  8521  8569 D StrictMode: 	at org.chromium.net.CronetEngine$Builder.getEnabledCronetProviders(PG:5)
02-27 14:50:46.902  8521  8569 D StrictMode: 	at org.chromium.net.CronetEngine$Builder.createBuilderDelegate(PG:2)
02-27 14:50:46.902  8521  8569 D StrictMode: 	at org.chromium.net.CronetEngine$Builder.<init>(PG:1)
02-27 14:50:46.902  8521  8569 D StrictMode: 	at org.chromium.net.ExperimentalCronetEngine$Builder.<init>(PG:1)
02-27 14:50:46.902  8521  8569 D StrictMode: 	at zrs.c(PG:125)
02-27 14:50:46.902  8521  8569 D StrictMode: 	at zrs.b(PG:265)
02-27 14:50:46.902  8521  8569 D StrictMode: 	at daqh.b(PG:1)
02-27 14:50:46.902  8521  8569 D StrictMode: 	at zrz.c(Unknown Source:5390)
02-27 14:50:46.902  8521  8569 D StrictMode: 	at zrz.b(PG:1)
02-27 14:50:46.902  8521  8569 D StrictMode: 	at daqh.b(PG:1)
02-27 14:50:46.902  8521  8569 D StrictMode: 	at zfb.b(PG:1)
02-27 14:50:46.902  8521  8569 D StrictMode: 	at zfa.get(PG:1)
02-27 14:50:46.902  8521  8569 D StrictMode: 	at cpdm.get(PG:1)
02-27 14:50:46.902  8521  8569 D StrictMode: 	at zfb.a(PG:1)
02-27 14:50:46.902  8521  8569 D StrictMode: 	at zse.e(PG:70)
02-27 14:50:46.902  8521  8569 D StrictMode: 	at zse.b(PG:32)
02-27 14:50:46.902  8521  8569 D StrictMode: 	at daqh.b(PG:1)
02-27 14:50:46.902  8521  8569 D StrictMode: 	at btcl.a(PG:11)
02-27 14:50:46.902  8521  8569 D StrictMode: 	at ctbg.d(PG:2)
02-27 14:50:46.902  8521  8569 D StrictMode: 	at ctbi.run(PG:9)
02-27 14:50:46.902  8521  8569 D StrictMode: 	at bxfd.run(PG:1)
02-27 14:50:46.902  8521  8569 D StrictMode: 	at java.util.concurrent.ThreadPoolExecutor.runWorker(ThreadPoolExecutor.java:1145)
02-27 14:50:46.902  8521  8569 D StrictMode: 	at java.util.concurrent.ThreadPoolExecutor$Worker.run(ThreadPoolExecutor.java:644)
02-27 14:50:46.902  8521  8569 D StrictMode: 	at bxho.run(PG:3)
02-27 14:50:46.902  8521  8569 D StrictMode: 	at bxei.run(PG:2)
02-27 14:50:46.902  8521  8569 D StrictMode: 	at java.lang.Thread.run(Thread.java:1012)
02-27 14:50:46.902  8521  8569 D StrictMode: 	at bxfj.run(PG:5)
02-27 14:50:46.910  8521  8569 D StrictMode: StrictMode policy violation: android.os.strictmode.DiskReadViolation
02-27 14:50:46.910  8521  8569 D StrictMode: 	at android.os.StrictMode$AndroidBlockGuardPolicy.onReadFromDisk(StrictMode.java:1666)
02-27 14:50:46.910  8521  8569 D StrictMode: 	at java.io.UnixFileSystem.getBooleanAttributes(UnixFileSystem.java:282)
02-27 14:50:46.910  8521  8569 D StrictMode: 	at java.io.File.isFile(File.java:876)
02-27 14:50:46.910  8521  8569 D StrictMode: 	at dalvik.system.DexPathList.makeDexElements(DexPathList.java:380)
02-27 14:50:46.910  8521  8569 D StrictMode: 	at dalvik.system.DexPathList.<init>(DexPathList.java:166)
02-27 14:50:46.910  8521  8569 D StrictMode: 	at dalvik.system.BaseDexClassLoader.<init>(BaseDexClassLoader.java:160)
02-27 14:50:46.910  8521  8569 D StrictMode: 	at dalvik.system.BaseDexClassLoader.<init>(BaseDexClassLoader.java:105)
02-27 14:50:46.910  8521  8569 D StrictMode: 	at dalvik.system.PathClassLoader.<init>(PathClassLoader.java:71)
02-27 14:50:46.910  8521  8569 D StrictMode: 	at dalvik.system.DelegateLastClassLoader.<init>(DelegateLastClassLoader.java:106)
02-27 14:50:46.910  8521  8569 D StrictMode: 	at dalvik.system.DelegateLastClassLoader.<init>(DelegateLastClassLoader.java:56)
02-27 14:50:46.910  8521  8569 D StrictMode: 	at com.google.android.gms.dynamite.DynamiteModule.b(PG:17)
02-27 14:50:46.910  8521  8569 D StrictMode: 	at bnzi.b(PG:1)
02-27 14:50:46.910  8521  8569 D StrictMode: 	at bnzj.a(PG:1)
02-27 14:50:46.910  8521  8569 D StrictMode: 	at com.google.android.gms.dynamite.DynamiteModule.d(PG:8)
02-27 14:50:46.910  8521  8569 D StrictMode: 	at boxj.b(PG:12)
02-27 14:50:46.910  8521  8569 D StrictMode: 	at com.google.android.gms.net.PlayServicesCronetProvider.tryToInstallCronetProvider(PG:1)
02-27 14:50:46.910  8521  8569 D StrictMode: 	at com.google.android.gms.net.PlayServicesCronetProvider.isEnabled(PG:1)
02-27 14:50:46.910  8521  8569 D StrictMode: 	at org.chromium.net.CronetEngine$Builder.getEnabledCronetProviders(PG:5)
02-27 14:50:46.910  8521  8569 D StrictMode: 	at org.chromium.net.CronetEngine$Builder.createBuilderDelegate(PG:2)
02-27 14:50:46.910  8521  8569 D StrictMode: 	at org.chromium.net.CronetEngine$Builder.<init>(PG:1)
02-27 14:50:46.910  8521  8569 D StrictMode: 	at org.chromium.net.ExperimentalCronetEngine$Builder.<init>(PG:1)
02-27 14:50:46.910  8521  8569 D StrictMode: 	at zrs.c(PG:125)
02-27 14:50:46.910  8521  8569 D StrictMode: 	at zrs.b(PG:265)
02-27 14:50:46.910  8521  8569 D StrictMode: 	at daqh.b(PG:1)
02-27 14:50:46.910  8521  8569 D StrictMode: 	at zrz.c(Unknown Source:5390)
02-27 14:50:46.910  8521  8569 D StrictMode: 	at zrz.b(PG:1)
02-27 14:50:46.910  8521  8569 D StrictMode: 	at daqh.b(PG:1)
02-27 14:50:46.910  8521  8569 D StrictMode: 	at zfb.b(PG:1)
02-27 14:50:46.910  8521  8569 D StrictMode: 	at zfa.get(PG:1)
02-27 14:50:46.910  8521  8569 D StrictMode: 	at cpdm.get(PG:1)
02-27 14:50:46.910  8521  8569 D StrictMode: 	at zfb.a(PG:1)
02-27 14:50:46.910  8521  8569 D StrictMode: 	at zse.e(PG:70)
02-27 14:50:46.910  8521  8569 D StrictMode: 	at zse.b(PG:32)
02-27 14:50:46.910  8521  8569 D StrictMode: 	at daqh.b(PG:1)
02-27 14:50:46.910  8521  8569 D StrictMode: 	at btcl.a(PG:11)
02-27 14:50:46.910  8521  8569 D StrictMode: 	at ctbg.d(PG:2)
02-27 14:50:46.910  8521  8569 D StrictMode: 	at ctbi.run(PG:9)
02-27 14:50:46.910  8521  8569 D StrictMode: 	at bxfd.run(PG:1)
02-27 14:50:46.910  8521  8569 D StrictMode: 	at java.util.concurrent.ThreadPoolExecutor.runWorker(ThreadPoolExecutor.java:1145)
02-27 14:50:46.910  8521  8569 D StrictMode: 	at java.util.concurrent.ThreadPoolExecutor$Worker.run(ThreadPoolExecutor.java:644)
02-27 14:50:46.910  8521  8569 D StrictMode: 	at bxho.run(PG:3)
02-27 14:50:46.910  8521  8569 D StrictMode: 	at bxei.run(PG:2)
02-27 14:50:46.910  8521  8569 D StrictMode: 	at java.lang.Thread.run(Thread.java:1012)
02-27 14:50:46.910  8521  8569 D StrictMode: 	at bxfj.run(PG:5)
02-27 14:50:46.915  8521  8569 W ziparchive: Unable to open '/data/user_de/0/com.google.android.gms/app_chimera/m/00000002/DynamiteLoader.dm': No such file or directory
02-27 14:50:46.916  8521  8569 W ziparchive: Unable to open '/data/user_de/0/com.google.android.gms/app_chimera/m/00000002/DynamiteLoader.dm': No such file or directory
02-27 14:50:46.920  8521  8589 W BugleAction: No default number, returning empty msisdn
02-27 14:50:46.923  8521  8539 D CompatibilityChangeReporter: Compat change id reported: 150939131; UID 10131; state: ENABLED
02-27 14:50:46.934  8521  8589 W BugleEtouffee: E2eeStartupTask: Skip prekey checking because MSISDN is empty.
02-27 14:50:46.938  8521  8553 I Bugle   : RcsAvailabilityUtilForProvisioningEngineV2: onCsLibPhenotypeUpdated
02-27 14:50:46.947  8521  8551 I BugleRcsEngine: [46] bptz.run: SystemBindingManager: SystemBinding enabled: true
02-27 14:50:46.968  8521  8569 D StrictMode: StrictMode policy violation: android.os.strictmode.DiskReadViolation
02-27 14:50:46.968  8521  8569 D StrictMode: 	at android.os.StrictMode$AndroidBlockGuardPolicy.onReadFromDisk(StrictMode.java:1666)
02-27 14:50:46.968  8521  8569 D StrictMode: 	at java.io.UnixFileSystem.getBooleanAttributes(UnixFileSystem.java:282)
02-27 14:50:46.968  8521  8569 D StrictMode: 	at java.io.File.isDirectory(File.java:843)
02-27 14:50:46.968  8521  8569 D StrictMode: 	at dalvik.system.DexPathList$Element.<init>(DexPathList.java:681)
02-27 14:50:46.968  8521  8569 D StrictMode: 	at dalvik.system.DexPathList.makeDexElements(DexPathList.java:412)
02-27 14:50:46.968  8521  8569 D StrictMode: 	at dalvik.system.DexPathList.<init>(DexPathList.java:166)
02-27 14:50:46.968  8521  8569 D StrictMode: 	at dalvik.system.BaseDexClassLoader.<init>(BaseDexClassLoader.java:160)
02-27 14:50:46.968  8521  8569 D StrictMode: 	at dalvik.system.BaseDexClassLoader.<init>(BaseDexClassLoader.java:105)
02-27 14:50:46.968  8521  8569 D StrictMode: 	at dalvik.system.PathClassLoader.<init>(PathClassLoader.java:71)
02-27 14:50:46.968  8521  8569 D StrictMode: 	at dalvik.system.DelegateLastClassLoader.<init>(DelegateLastClassLoader.java:106)
02-27 14:50:46.968  8521  8569 D StrictMode: 	at dalvik.system.DelegateLastClassLoader.<init>(DelegateLastClassLoader.java:56)
02-27 14:50:46.968  8521  8569 D StrictMode: 	at com.google.android.gms.dynamite.DynamiteModule.b(PG:17)
02-27 14:50:46.968  8521  8569 D StrictMode: 	at bnzi.b(PG:1)
02-27 14:50:46.968  8521  8569 D StrictMode: 	at bnzj.a(PG:1)
02-27 14:50:46.968  8521  8569 D StrictMode: 	at com.google.android.gms.dynamite.DynamiteModule.d(PG:8)
02-27 14:50:46.968  8521  8569 D StrictMode: 	at boxj.b(PG:12)
02-27 14:50:46.968  8521  8569 D StrictMode: 	at com.google.android.gms.net.PlayServicesCronetProvider.tryToInstallCronetProvider(PG:1)
02-27 14:50:46.968  8521  8569 D StrictMode: 	at com.google.android.gms.net.PlayServicesCronetProvider.isEnabled(PG:1)
02-27 14:50:46.968  8521  8569 D StrictMode: 	at org.chromium.net.CronetEngine$Builder.getEnabledCronetProviders(PG:5)
02-27 14:50:46.968  8521  8569 D StrictMode: 	at org.chromium.net.CronetEngine$Builder.createBuilderDelegate(PG:2)
02-27 14:50:46.968  8521  8569 D StrictMode: 	at org.chromium.net.CronetEngine$Builder.<init>(PG:1)
02-27 14:50:46.968  8521  8569 D StrictMode: 	at org.chromium.net.ExperimentalCronetEngine$Builder.<init>(PG:1)
02-27 14:50:46.968  8521  8569 D StrictMode: 	at zrs.c(PG:125)
02-27 14:50:46.968  8521  8569 D StrictMode: 	at zrs.b(PG:265)
02-27 14:50:46.968  8521  8569 D StrictMode: 	at daqh.b(PG:1)
02-27 14:50:46.968  8521  8569 D StrictMode: 	at zrz.c(Unknown Source:5390)
02-27 14:50:46.968  8521  8569 D StrictMode: 	at zrz.b(PG:1)
02-27 14:50:46.968  8521  8569 D StrictMode: 	at daqh.b(PG:1)
02-27 14:50:46.968  8521  8569 D StrictMode: 	at zfb.b(PG:1)
02-27 14:50:46.968  8521  8569 D StrictMode: 	at zfa.get(PG:1)
02-27 14:50:46.968  8521  8569 D StrictMode: 	at cpdm.get(PG:1)
02-27 14:50:46.968  8521  8569 D StrictMode: 	at zfb.a(PG:1)
02-27 14:50:46.968  8521  8569 D StrictMode: 	at zse.e(PG:70)
02-27 14:50:46.968  8521  8569 D StrictMode: 	at zse.b(PG:32)
02-27 14:50:46.968  8521  8569 D StrictMode: 	at daqh.b(PG:1)
02-27 14:50:46.968  8521  8569 D StrictMode: 	at btcl.a(PG:11)
02-27 14:50:46.968  8521  8569 D StrictMode: 	at ctbg.d(PG:2)
02-27 14:50:46.968  8521  8569 D StrictMode: 	at ctbi.run(PG:9)
02-27 14:50:46.968  8521  8569 D StrictMode: 	at bxfd.run(PG:1)
02-27 14:50:46.968  8521  8569 D StrictMode: 	at java.util.concurrent.ThreadPoolExecutor.runWorker(ThreadPoolExecutor.java:1145)
02-27 14:50:46.968  8521  8569 D StrictMode: 	at java.util.concurrent.ThreadPoolExecutor$Worker.run(ThreadPoolExecutor.java:644)
02-27 14:50:46.968  8521  8569 D StrictMode: 	at bxho.run(PG:3)
02-27 14:50:46.968  8521  8569 D StrictMode: 	at bxei.run(PG:2)
02-27 14:50:46.968  8521  8569 D StrictMode: 	at java.lang.Thread.run(Thread.java:1012)
02-27 14:50:46.968  8521  8569 D StrictMode: 	at bxfj.run(PG:5)
02-27 14:50:46.980  8521  8569 D StrictMode: StrictMode policy violation: android.os.strictmode.DiskReadViolation
02-27 14:50:46.980  8521  8569 D StrictMode: 	at android.os.StrictMode$AndroidBlockGuardPolicy.onReadFromDisk(StrictMode.java:1666)
02-27 14:50:46.980  8521  8569 D StrictMode: 	at libcore.io.BlockGuardOs.stat(BlockGuardOs.java:419)
02-27 14:50:46.980  8521  8569 D StrictMode: 	at libcore.io.ForwardingOs.stat(ForwardingOs.java:846)
02-27 14:50:46.980  8521  8569 D StrictMode: 	at android.app.ActivityThread$AndroidOs.stat(ActivityThread.java:8077)
02-27 14:50:46.980  8521  8569 D StrictMode: 	at dalvik.system.DexPathList.splitPaths(DexPathList.java:319)
02-27 14:50:46.980  8521  8569 D StrictMode: 	at dalvik.system.DexPathList.<init>(DexPathList.java:181)
02-27 14:50:46.980  8521  8569 D StrictMode: 	at dalvik.system.BaseDexClassLoader.<init>(BaseDexClassLoader.java:160)
02-27 14:50:46.980  8521  8569 D StrictMode: 	at dalvik.system.BaseDexClassLoader.<init>(BaseDexClassLoader.java:105)
02-27 14:50:46.980  8521  8569 D StrictMode: 	at dalvik.system.PathClassLoader.<init>(PathClassLoader.java:71)
02-27 14:50:46.980  8521  8569 D StrictMode: 	at dalvik.system.DelegateLastClassLoader.<init>(DelegateLastClassLoader.java:106)
02-27 14:50:46.980  8521  8569 D StrictMode: 	at dalvik.system.DelegateLastClassLoader.<init>(DelegateLastClassLoader.java:56)
02-27 14:50:46.980  8521  8569 D StrictMode: 	at com.google.android.gms.dynamite.DynamiteModule.b(PG:17)
02-27 14:50:46.980  8521  8569 D StrictMode: 	at bnzi.b(PG:1)
02-27 14:50:46.980  8521  8569 D StrictMode: 	at bnzj.a(PG:1)
02-27 14:50:46.980  8521  8569 D StrictMode: 	at com.google.android.gms.dynamite.DynamiteModule.d(PG:8)
02-27 14:50:46.980  8521  8569 D StrictMode: 	at boxj.b(PG:12)
02-27 14:50:46.980  8521  8569 D StrictMode: 	at com.google.android.gms.net.PlayServicesCronetProvider.tryToInstallCronetProvider(PG:1)
02-27 14:50:46.980  8521  8569 D StrictMode: 	at com.google.android.gms.net.PlayServicesCronetProvider.isEnabled(PG:1)
02-27 14:50:46.980  8521  8569 D StrictMode: 	at org.chromium.net.CronetEngine$Builder.getEnabledCronetProviders(PG:5)
02-27 14:50:46.980  8521  8569 D StrictMode: 	at org.chromium.net.CronetEngine$Builder.createBuilderDelegate(PG:2)
02-27 14:50:46.980  8521  8569 D StrictMode: 	at org.chromium.net.CronetEngine$Builder.<init>(PG:1)
02-27 14:50:46.980  8521  8569 D StrictMode: 	at org.chromium.net.ExperimentalCronetEngine$Builder.<init>(PG:1)
02-27 14:50:46.980  8521  8569 D StrictMode: 	at zrs.c(PG:125)
02-27 14:50:46.980  8521  8569 D StrictMode: 	at zrs.b(PG:265)
02-27 14:50:46.980  8521  8569 D StrictMode: 	at daqh.b(PG:1)
02-27 14:50:46.980  8521  8569 D StrictMode: 	at zrz.c(Unknown Source:5390)
02-27 14:50:46.980  8521  8569 D StrictMode: 	at zrz.b(PG:1)
02-27 14:50:46.980  8521  8569 D StrictMode: 	at daqh.b(PG:1)
02-27 14:50:46.980  8521  8569 D StrictMode: 	at zfb.b(PG:1)
02-27 14:50:46.980  8521  8569 D StrictMode: 	at zfa.get(PG:1)
02-27 14:50:46.980  8521  8569 D StrictMode: 	at cpdm.get(PG:1)
02-27 14:50:46.980  8521  8569 D StrictMode: 	at zfb.a(PG:1)
02-27 14:50:46.980  8521  8569 D StrictMode: 	at zse.e(PG:70)
02-27 14:50:46.980  8521  8569 D StrictMode: 	at zse.b(PG:32)
02-27 14:50:46.980  8521  8569 D StrictMode: 	at daqh.b(PG:1)
02-27 14:50:46.980  8521  8569 D StrictMode: 	at btcl.a(PG:11)
02-27 14:50:46.980  8521  8569 D StrictMode: 	at ctbg.d(PG:2)
02-27 14:50:46.980  8521  8569 D StrictMode: 	at ctbi.run(PG:9)
02-27 14:50:46.980  8521  8569 D StrictMode: 	at bxfd.run(PG:1)
02-27 14:50:46.980  8521  8569 D StrictMode: 	at java.util.concurrent.ThreadPoolExecutor.runWorker(ThreadPoolExecutor.java:1145)
02-27 14:50:46.980  8521  8569 D StrictMode: 	at java.util.concurrent.ThreadPoolExecutor$Worker.run(ThreadPoolExecutor.java:644)
02-27 14:50:46.980  8521  8569 D StrictMode: 	at bxho.run(PG:3)
02-27 14:50:46.980  8521  8569 D StrictMode: 	at bxei.run(PG:2)
02-27 14:50:46.980  8521  8569 D StrictMode: 	at java.lang.Thread.run(Thread.java:1012)
02-27 14:50:46.980  8521  8569 D StrictMode: 	at bxfj.run(PG:5)
02-27 14:50:46.982  8521  8569 D StrictMode: StrictMode policy violation: android.os.strictmode.DiskReadViolation
02-27 14:50:46.982  8521  8569 D StrictMode: 	at android.os.StrictMode$AndroidBlockGuardPolicy.onReadFromDisk(StrictMode.java:1666)
02-27 14:50:46.982  8521  8569 D StrictMode: 	at java.io.UnixFileSystem.getBooleanAttributes(UnixFileSystem.java:282)
02-27 14:50:46.982  8521  8569 D StrictMode: 	at java.io.File.isDirectory(File.java:843)
02-27 14:50:46.982  8521  8569 D StrictMode: 	at dalvik.system.DexPathList.makePathElements(DexPathList.java:507)
02-27 14:50:46.982  8521  8569 D StrictMode: 	at dalvik.system.DexPathList.<init>(DexPathList.java:182)
02-27 14:50:46.982  8521  8569 D StrictMode: 	at dalvik.system.BaseDexClassLoader.<init>(BaseDexClassLoader.java:160)
02-27 14:50:46.982  8521  8569 D StrictMode: 	at dalvik.system.BaseDexClassLoader.<init>(BaseDexClassLoader.java:105)
02-27 14:50:46.982  8521  8569 D StrictMode: 	at dalvik.system.PathClassLoader.<init>(PathClassLoader.java:71)
02-27 14:50:46.982  8521  8569 D StrictMode: 	at dalvik.system.DelegateLastClassLoader.<init>(DelegateLastClassLoader.java:106)
02-27 14:50:46.982  8521  8569 D StrictMode: 	at dalvik.system.DelegateLastClassLoader.<init>(DelegateLastClassLoader.java:56)
02-27 14:50:46.982  8521  8569 D StrictMode: 	at com.google.android.gms.dynamite.DynamiteModule.b(PG:17)
02-27 14:50:46.982  8521  8569 D StrictMode: 	at bnzi.b(PG:1)
02-27 14:50:46.982  8521  8569 D StrictMode: 	at bnzj.a(PG:1)
02-27 14:50:46.982  8521  8569 D StrictMode: 	at com.google.android.gms.dynamite.DynamiteModule.d(PG:8)
02-27 14:50:46.982  8521  8569 D StrictMode: 	at boxj.b(PG:12)
02-27 14:50:46.982  8521  8569 D StrictMode: 	at com.google.android.gms.net.PlayServicesCronetProvider.tryToInstallCronetProvider(PG:1)
02-27 14:50:46.982  8521  8569 D StrictMode: 	at com.google.android.gms.net.PlayServicesCronetProvider.isEnabled(PG:1)
02-27 14:50:46.982  8521  8569 D StrictMode: 	at org.chromium.net.CronetEngine$Builder.getEnabledCronetProviders(PG:5)
02-27 14:50:46.982  8521  8569 D StrictMode: 	at org.chromium.net.CronetEngine$Builder.createBuilderDelegate(PG:2)
02-27 14:50:46.982  8521  8569 D StrictMode: 	at org.chromium.net.CronetEngine$Builder.<init>(PG:1)
02-27 14:50:46.982  8521  8569 D StrictMode: 	at org.chromium.net.ExperimentalCronetEngine$Builder.<init>(PG:1)
02-27 14:50:46.982  8521  8569 D StrictMode: 	at zrs.c(PG:125)
02-27 14:50:46.982  8521  8569 D StrictMode: 	at zrs.b(PG:265)
02-27 14:50:46.982  8521  8569 D StrictMode: 	at daqh.b(PG:1)
02-27 14:50:46.982  8521  8569 D StrictMode: 	at zrz.c(Unknown Source:5390)
02-27 14:50:46.982  8521  8569 D StrictMode: 	at zrz.b(PG:1)
02-27 14:50:46.982  8521  8569 D StrictMode: 	at daqh.b(PG:1)
02-27 14:50:46.982  8521  8569 D StrictMode: 	at zfb.b(PG:1)
02-27 14:50:46.982  8521  8569 D StrictMode: 	at zfa.get(PG:1)
02-27 14:50:46.982  8521  8569 D StrictMode: 	at cpdm.get(PG:1)
02-27 14:50:46.982  8521  8569 D StrictMode: 	at zfb.a(PG:1)
02-27 14:50:46.982  8521  8569 D StrictMode: 	at zse.e(PG:70)
02-27 14:50:46.982  8521  8569 D StrictMode: 	at zse.b(PG:32)
02-27 14:50:46.982  8521  8569 D StrictMode: 	at daqh.b(PG:1)
02-27 14:50:46.982  8521  8569 D StrictMode: 	at btcl.a(PG:11)
02-27 14:50:46.982  8521  8569 D StrictMode: 	at ctbg.d(PG:2)
02-27 14:50:46.982  8521  8569 D StrictMode: 	at ctbi.run(PG:9)
02-27 14:50:46.982  8521  8569 D StrictMode: 	at bxfd.run(PG:1)
02-27 14:50:46.982  8521  8569 D StrictMode: 	at java.util.concurrent.ThreadPoolExecutor.runWorker(ThreadPoolExecutor.java:1145)
02-27 14:50:46.982  8521  8569 D StrictMode: 	at java.util.concurrent.ThreadPoolExecutor$Worker.run(ThreadPoolExecutor.java:644)
02-27 14:50:46.982  8521  8569 D StrictMode: 	at bxho.run(PG:3)
02-27 14:50:46.982  8521  8569 D StrictMode: 	at bxei.run(PG:2)
02-27 14:50:46.982  8521  8569 D StrictMode: 	at java.lang.Thread.run(Thread.java:1012)
02-27 14:50:46.982  8521  8569 D StrictMode: 	at bxfj.run(PG:5)
02-27 14:50:47.021  8521  8589 I BugleRcsProvisioning: BugleSystemBindingManager: onBuglePhenotypeFlagChanged
02-27 14:50:47.028  8521  8589 I BugleTransport: onBuglePhenotypeFlagChanged: kicking off updateActiveTransport
02-27 14:50:47.030  8521  8578 W BugleAction: Failed to get msisdn from Bugle
02-27 14:50:47.034  8521  8552 I BugleRcsEngine: [47] bptz.run: SystemBindingManager: SystemBinding enabled: true
02-27 14:50:47.036  8521  8569 I DynamiteModule: Considering local module com.google.android.gms.cronet_dynamite:0 and remote module com.google.android.gms.cronet_dynamite:2411
02-27 14:50:47.036  8521  8569 I DynamiteModule: Selected remote version of com.google.android.gms.cronet_dynamite, version >= 2411
02-27 14:50:47.036  8521  8569 V DynamiteModule: Dynamite loader version >= 2, using loadModule2NoCrashUtils
02-27 14:50:47.044  8521  8568 W BugleRcsEngine: [62] bpxc.w: Unable to send diagnostic log
02-27 14:50:47.045  8521  8555 W BugleRcsEngine: [50] bpxc.w: Unable to send diagnostic log
02-27 14:50:47.046  8521  8551 I BugleRcsEngine: [46] bpua.b: System Binding updated
02-27 14:50:47.048  8521  8552 I BugleRcsEngine: [47] bpua.b: System Binding updated
02-27 14:50:47.048  8521  8588 W BugleRcsEngine: [80] bpxc.w: Unable to send diagnostic log
02-27 14:50:47.049  8521  8578 W BugleAction: Failed to get msisdn from RcsProfileService
02-27 14:50:47.049  8521  8578 W BugleAction: cksi: Jibe SDK Service not available. Is the Jibe SDK service running? Did you call connect() and wait for the notification before calling an API function?
02-27 14:50:47.049  8521  8578 W BugleAction: 	at cksa.b(PG:2)
02-27 14:50:47.049  8521  8578 W BugleAction: 	at com.google.android.rcs.client.profile.RcsProfileService.g(PG:1)
02-27 14:50:47.049  8521  8578 W BugleAction: 	at com.google.android.rcs.client.profile.RcsProfileService.getMsisdn(PG:3)
02-27 14:50:47.049  8521  8578 W BugleAction: 	at awsw.aj(PG:17)
02-27 14:50:47.049  8521  8578 W BugleAction: 	at awsw.z(PG:2)
02-27 14:50:47.049  8521  8578 W BugleAction: 	at aule.k(PG:1)
02-27 14:50:47.049  8521  8578 W BugleAction: 	at aulc.call(Unknown Source:2)
02-27 14:50:47.049  8521  8578 W BugleAction: 	at cnsg.a(PG:1)
02-27 14:50:47.049  8521  8578 W BugleAction: 	at cnpm.a(PG:3)
02-27 14:50:47.049  8521  8578 W BugleAction: 	at ctfv.a(PG:1)
02-27 14:50:47.049  8521  8578 W BugleAction: 	at ctet.run(PG:4)
02-27 14:50:47.049  8521  8578 W BugleAction: 	at ctfx.run(PG:1)
02-27 14:50:47.049  8521  8578 W BugleAction: 	at bxfd.run(PG:1)
02-27 14:50:47.049  8521  8578 W BugleAction: 	at java.util.concurrent.ThreadPoolExecutor.runWorker(ThreadPoolExecutor.java:1145)
02-27 14:50:47.049  8521  8578 W BugleAction: 	at java.util.concurrent.ThreadPoolExecutor$Worker.run(ThreadPoolExecutor.java:644)
02-27 14:50:47.049  8521  8578 W BugleAction: 	at bxef.run(PG:2)
02-27 14:50:47.049  8521  8578 W BugleAction: 	at java.lang.Thread.run(Thread.java:1012)
02-27 14:50:47.049  8521  8578 W BugleAction: 	at bxfj.run(PG:5)
02-27 14:50:47.050  8521  8578 W SubscriptionMetadataUti: Bugle: SubscriptionMetadataUtils get: unexpected subId = -2, replacing with -1
02-27 14:50:47.050  8521  8578 W SubscriptionMetadataUti: cpwb: FULL
02-27 14:50:47.050  8521  8578 W SubscriptionMetadataUti: 	at bdsy.h(PG:6)
02-27 14:50:47.050  8521  8578 W SubscriptionMetadataUti: 	at bdvp.a(PG:1)
02-27 14:50:47.050  8521  8578 W SubscriptionMetadataUti: 	at bgit.<init>(PG:1)
02-27 14:50:47.050  8521  8578 W SubscriptionMetadataUti: 	at bgiu.a(PG:1)
02-27 14:50:47.050  8521  8578 W SubscriptionMetadataUti: 	at awsw.ai(PG:3)
02-27 14:50:47.050  8521  8578 W SubscriptionMetadataUti: 	at awsw.aj(PG:25)
02-27 14:50:47.050  8521  8578 W SubscriptionMetadataUti: 	at awsw.z(PG:2)
02-27 14:50:47.050  8521  8578 W SubscriptionMetadataUti: 	at aule.k(PG:1)
02-27 14:50:47.050  8521  8578 W SubscriptionMetadataUti: 	at aulc.call(Unknown Source:2)
02-27 14:50:47.050  8521  8578 W SubscriptionMetadataUti: 	at cnsg.a(PG:1)
02-27 14:50:47.050  8521  8578 W SubscriptionMetadataUti: 	at cnpm.a(PG:3)
02-27 14:50:47.050  8521  8578 W SubscriptionMetadataUti: 	at ctfv.a(PG:1)
02-27 14:50:47.050  8521  8578 W SubscriptionMetadataUti: 	at ctet.run(PG:4)
02-27 14:50:47.050  8521  8578 W SubscriptionMetadataUti: 	at ctfx.run(PG:1)
02-27 14:50:47.050  8521  8578 W SubscriptionMetadataUti: 	at bxfd.run(PG:1)
02-27 14:50:47.050  8521  8578 W SubscriptionMetadataUti: 	at java.util.concurrent.ThreadPoolExecutor.runWorker(ThreadPoolExecutor.java:1145)
02-27 14:50:47.050  8521  8578 W SubscriptionMetadataUti: 	at java.util.concurrent.ThreadPoolExecutor$Worker.run(ThreadPoolExecutor.java:644)
02-27 14:50:47.050  8521  8578 W SubscriptionMetadataUti: 	at bxef.run(PG:2)
02-27 14:50:47.050  8521  8578 W SubscriptionMetadataUti: 	at java.lang.Thread.run(Thread.java:1012)
02-27 14:50:47.050  8521  8578 W SubscriptionMetadataUti: 	at bxfj.run(PG:5)
02-27 14:50:47.051  8521  8578 W SubscriptionMetadataUti: Bugle: SubscriptionMetadataUtils get: unexpected subId = -2, replacing with -1
02-27 14:50:47.051  8521  8578 W SubscriptionMetadataUti: cpwb: FULL
02-27 14:50:47.051  8521  8578 W SubscriptionMetadataUti: 	at bdsy.h(PG:6)
02-27 14:50:47.051  8521  8578 W SubscriptionMetadataUti: 	at bgit.<init>(PG:2)
02-27 14:50:47.051  8521  8578 W SubscriptionMetadataUti: 	at bgiu.a(PG:1)
02-27 14:50:47.051  8521  8578 W SubscriptionMetadataUti: 	at awsw.ai(PG:3)
02-27 14:50:47.051  8521  8578 W SubscriptionMetadataUti: 	at awsw.aj(PG:25)
02-27 14:50:47.051  8521  8578 W SubscriptionMetadataUti: 	at awsw.z(PG:2)
02-27 14:50:47.051  8521  8578 W SubscriptionMetadataUti: 	at aule.k(PG:1)
02-27 14:50:47.051  8521  8578 W SubscriptionMetadataUti: 	at aulc.call(Unknown Source:2)
02-27 14:50:47.051  8521  8578 W SubscriptionMetadataUti: 	at cnsg.a(PG:1)
02-27 14:50:47.051  8521  8578 W SubscriptionMetadataUti: 	at cnpm.a(PG:3)
02-27 14:50:47.051  8521  8578 W SubscriptionMetadataUti: 	at ctfv.a(PG:1)
02-27 14:50:47.051  8521  8578 W SubscriptionMetadataUti: 	at ctet.run(PG:4)
02-27 14:50:47.051  8521  8578 W SubscriptionMetadataUti: 	at ctfx.run(PG:1)
02-27 14:50:47.051  8521  8578 W SubscriptionMetadataUti: 	at bxfd.run(PG:1)
02-27 14:50:47.051  8521  8578 W SubscriptionMetadataUti: 	at java.util.concurrent.ThreadPoolExecutor.runWorker(ThreadPoolExecutor.java:1145)
02-27 14:50:47.051  8521  8578 W SubscriptionMetadataUti: 	at java.util.concurrent.ThreadPoolExecutor$Worker.run(ThreadPoolExecutor.java:644)
02-27 14:50:47.051  8521  8578 W SubscriptionMetadataUti: 	at bxef.run(PG:2)
02-27 14:50:47.051  8521  8578 W SubscriptionMetadataUti: 	at java.lang.Thread.run(Thread.java:1012)
02-27 14:50:47.051  8521  8578 W SubscriptionMetadataUti: 	at bxfj.run(PG:5)
02-27 14:50:47.053  8521  8578 W SubscriptionMetadataUti: Bugle: SubscriptionMetadataUtils get: unexpected subId = -2, replacing with -1
02-27 14:50:47.053  8521  8578 W SubscriptionMetadataUti: cpwb: FULL
02-27 14:50:47.053  8521  8578 W SubscriptionMetadataUti: 	at bdsy.h(PG:6)
02-27 14:50:47.053  8521  8578 W SubscriptionMetadataUti: 	at awsw.ai(PG:18)
02-27 14:50:47.053  8521  8578 W SubscriptionMetadataUti: 	at awsw.aj(PG:25)
02-27 14:50:47.053  8521  8578 W SubscriptionMetadataUti: 	at awsw.z(PG:2)
02-27 14:50:47.053  8521  8578 W SubscriptionMetadataUti: 	at aule.k(PG:1)
02-27 14:50:47.053  8521  8578 W SubscriptionMetadataUti: 	at aulc.call(Unknown Source:2)
02-27 14:50:47.053  8521  8578 W SubscriptionMetadataUti: 	at cnsg.a(PG:1)
02-27 14:50:47.053  8521  8578 W SubscriptionMetadataUti: 	at cnpm.a(PG:3)
02-27 14:50:47.053  8521  8578 W SubscriptionMetadataUti: 	at ctfv.a(PG:1)
02-27 14:50:47.053  8521  8578 W SubscriptionMetadataUti: 	at ctet.run(PG:4)
02-27 14:50:47.053  8521  8578 W SubscriptionMetadataUti: 	at ctfx.run(PG:1)
02-27 14:50:47.053  8521  8578 W SubscriptionMetadataUti: 	at bxfd.run(PG:1)
02-27 14:50:47.053  8521  8578 W SubscriptionMetadataUti: 	at java.util.concurrent.ThreadPoolExecutor.runWorker(ThreadPoolExecutor.java:1145)
02-27 14:50:47.053  8521  8578 W SubscriptionMetadataUti: 	at java.util.concurrent.ThreadPoolExecutor$Worker.run(ThreadPoolExecutor.java:644)
02-27 14:50:47.053  8521  8578 W SubscriptionMetadataUti: 	at bxef.run(PG:2)
02-27 14:50:47.053  8521  8578 W SubscriptionMetadataUti: 	at java.lang.Thread.run(Thread.java:1012)
02-27 14:50:47.053  8521  8578 W SubscriptionMetadataUti: 	at bxfj.run(PG:5)
02-27 14:50:47.054  8521  8578 I Bugle   : SubscriptionUtilsAsOfLMR1: getActiveSubscriptionInfo(): empty sub info for subscription{id:-1}
02-27 14:50:47.056  8521  8578 I Bugle   : SubscriptionUtilsAsOfLMR1: getActiveSubscriptionInfo(): empty sub info for subscription{id:-1}
02-27 14:50:47.056  8521  8578 W Bugle   : SubscriptionUtilsAsOfLMR1: getSelfRawNumber: subInfo is null for subscription{id:-1}
02-27 14:50:47.059  8521  8587 W BugleRcsEngine: [79] bpxc.w: Unable to send diagnostic log
02-27 14:50:47.061  8521  8568 I BugleTransport: isChatAvailable: RcsAvailability is CARRIER_SETUP_PENDING (Carrier RCS is not set up)
02-27 14:50:47.064  8521  8578 W BugleAction: No default number, returning empty msisdn
02-27 14:50:47.065  8521  8568 I BugleTransport: updateActiveTransport: refreshing chat transport
02-27 14:50:47.066  8521  8568 I BugleTransport: Tachygram is disabled because the RCS Configuration is empty [CONTEXT ratelimit_period="5 SECONDS" ]
02-27 14:50:47.067  8521  8568 I BugleTransport: Enabled chat transport is TRANSPORT_RCS [CONTEXT group_by="TRANSPORT_RCS" ratelimit_period="5 SECONDS" ]
02-27 14:50:47.067  8521  8568 I BugleTransport: refreshChatTransport: isChatAvailable: false, enabledTransport: 1, configuration: <empty>
02-27 14:50:47.070  8521  8578 I RcsClientLib: Connecting RcsEngineLifecycleService
02-27 14:50:47.073  8521  8578 W RcsClientLib: No CS.apk RCS service found. Is RCS running in Bugle?
02-27 14:50:47.078  8521  8578 I RcsClientLib: shouldUseCarrierServicesJibeService: false, CarrierServices rcs service found: false
02-27 14:50:47.083  8521  8589 I RcsClientLib: com.google.android.rcs.client.lifecycle.RcsEngineLifecycleService connected
02-27 14:50:47.086  5013  5036 I BugleRcsEngine: [38] RcsEngineImpl.triggerStopRcsStack: RcsEngineImpl[DUAL_REG]:[22a971f2-c6a7]: triggerStopRcsStack for msisdn:redacted-pii:phone_number[chars:0,last2:]
02-27 14:50:47.143  8521  8553 D CompatibilityChangeReporter: Compat change id reported: 183155436; UID 10131; state: ENABLED
02-27 14:50:47.175  8521  8569 W ziparchive: Unable to open '/data/user_de/0/com.google.android.gms/app_chimera/m/00000001/CronetDynamite.dm': No such file or directory
02-27 14:50:47.176  8521  8569 W ziparchive: Unable to open '/data/user_de/0/com.google.android.gms/app_chimera/m/00000001/CronetDynamite.dm': No such file or directory
02-27 14:50:47.260  8521  8553 I FirebaseApp: Device unlocked: initializing all Firebase APIs for app [DEFAULT]
02-27 14:50:47.430  8521  8568 I BugleNetwork: FirebaseRegistrationStartupTask: Enabling Firebase component
02-27 14:50:47.434  8521  8579 V NativeCrypto: Registering com/google/android/gms/org/conscrypt/NativeCrypto's 295 native methods...
02-27 14:50:47.453   577  2113 D ConnectivityService: requestNetwork for uid/pid:10131/8521 activeRequest: null callbackRequest: 198 [NetworkRequest [ REQUEST id=199, [ Capabilities: INTERNET&NOT_RESTRICTED&TRUSTED&NOT_VCN_MANAGED Uid: 10131 RequestorUid: 10131 RequestorPkg: com.google.android.apps.messaging UnderlyingNetworks: Null] ]] callback flags: 0 order: 2147483647
02-27 14:50:47.468   577   988 D WifiNetworkFactory: got request NetworkRequest [ REQUEST id=199, [ Capabilities: INTERNET&NOT_RESTRICTED&TRUSTED&NOT_VCN_MANAGED Uid: 10131 RequestorUid: 10131 RequestorPkg: com.google.android.apps.messaging UnderlyingNetworks: Null] ]
02-27 14:50:47.468   577   988 D UntrustedWifiNetworkFactory: got request NetworkRequest [ REQUEST id=199, [ Capabilities: INTERNET&NOT_RESTRICTED&TRUSTED&NOT_VCN_MANAGED Uid: 10131 RequestorUid: 10131 RequestorPkg: com.google.android.apps.messaging UnderlyingNetworks: Null] ]
02-27 14:50:47.468   577   988 D OemPaidWifiNetworkFactory: got request NetworkRequest [ REQUEST id=199, [ Capabilities: INTERNET&NOT_RESTRICTED&TRUSTED&NOT_VCN_MANAGED Uid: 10131 RequestorUid: 10131 RequestorPkg: com.google.android.apps.messaging UnderlyingNetworks: Null] ]
02-27 14:50:47.469   577   988 D MultiInternetWifiNetworkFactory: got request NetworkRequest [ REQUEST id=199, [ Capabilities: INTERNET&NOT_RESTRICTED&TRUSTED&NOT_VCN_MANAGED Uid: 10131 RequestorUid: 10131 RequestorPkg: com.google.android.apps.messaging UnderlyingNetworks: Null] ]
02-27 14:50:47.470   577   995 D ConnectivityService: NetReassign [199 : null ÔåÆ 100] [c 0] [a 1] [i 2]
02-27 14:50:47.472  8521  8569 D nativeloader: Configuring clns-11 for other apk . target_sdk_version=34, uses_libraries=ALL, library_path=/data/user_de/0/com.google.android.gms/app_chimera/m/00000001/CronetDynamite.apk!/lib/x86_64:/data/user_de/0/com.google.android.gms/app_chimera/m/00000001/CronetDynamite.apk!/lib/arm64-v8a, permitted_path=/data:/mnt/expand
02-27 14:50:47.489   577   995 D ConnectivityService: NetReassign [no changes] [c 1] [a 3] [i 1]
02-27 14:50:47.544  8521  8569 I cr_CronetLibraryLoader: Cronet version: 113.0.5672.51, arch: x86_64
02-27 14:50:47.547  8521  8569 I .apps.messaging: Waiting for a blocking GC ClassLinker
02-27 14:50:47.585  5013  5484 I BugleRcsEngine: [83] brqh.handleMessage: RcsEngineImpl[DUAL_REG]:[22a971f2-c6a7]>Handler: handleMessage processing message:[STOP_RCS_STACK] with [non-null]:RcsEngineImpl reference
02-27 14:50:47.587  5013  5484 I BugleRcsEngine: [83] brqh.handleMessage: RcsEngineImpl[DUAL_REG]:[22a971f2-c6a7]>Handler: RCS engine STOP RCS stack
02-27 14:50:47.597  8521  8532 I .apps.messaging: Background young concurrent copying GC freed 58366(3224KB) AllocSpace objects, 12(620KB) LOS objects, 26% free, 8487KB/11MB, paused 1.088ms,1.715ms total 337.793ms
02-27 14:50:47.597  5013  5484 W BugleRcsEngine: [83] RcsEngineImpl.e: RcsEngineImpl[DUAL_REG]:[22a971f2-c6a7]: imsModule is null, shutdown not required
02-27 14:50:47.597  5013  5484 I BugleRcsEngine: [83] RcsEngineImpl.stopRcsStackInternal: RcsEngineImpl[DUAL_REG]:[22a971f2-c6a7]: skipping imsModule.stop
02-27 14:50:47.598  5013  5484 I BugleRcsEngine: [83] brqh.handleMessage: RcsEngineImpl[DUAL_REG]:[22a971f2-c6a7]>Handler: handleMessage processing message:[NOTIFY_UPTIME_IGNORE_STATE_CHANGED] with [non-null]:RcsEngineImpl reference
02-27 14:50:47.599  1249  2319 D NetworkMonitor/100: isDataStall: result=2, tcp packets received=0, latest tcp fail rate=100, consecutive dns timeout count=0
02-27 14:50:47.599  1249  2319 D NetworkMonitor/100: Suspecting data stall, reevaluate
02-27 14:50:47.600   577  2113 D ConnectivityService: Data stall detected with methods: 2
02-27 14:50:47.601  1249  8611 D TrafficStats: tagSocket(6) with statsTag=0xffffff81, statsUid=-1
02-27 14:50:47.602  8521  8569 I .apps.messaging: WaitForGcToComplete blocked ClassLinker on Background for 54.588ms
02-27 14:50:47.608  1249  8611 D TrafficStats: tagSocket(6) with statsTag=0xffffff81, statsUid=-1
02-27 14:50:47.611  1249  8612 D TrafficStats: tagSocket(107) with statsTag=0xffffff81, statsUid=-1
02-27 14:50:47.618   359  8613 I resolv  : ResNSendHandler::run: 0 / {100 983140 100 983140 1073 1}
02-27 14:50:47.620   359  8614 I resolv  : ResNSendHandler::run: 0 / {100 983140 100 983140 1073 1}
02-27 14:50:47.620   359  8613 I resolv  : resolv_cache_lookup: FOUND IN CACHE entry=0x734a79b9d1d0
02-27 14:50:47.620   359  8614 I resolv  : resolv_cache_lookup: FOUND IN CACHE entry=0x734ae9ba2ab0
02-27 14:50:47.622  1249  1249 D TrafficStats: tagSocket(6) with statsTag=0xffffffff, statsUid=-1
02-27 14:50:47.631  8521  8564 I BugleWearable: Wear Companion app is not installed on phone. Skipping sync to wear devices. [CONTEXT class_name="SyncDataToWearableAppHandler" ]
02-27 14:50:47.631   577  1135 W ProcessStats: Tracking association SourceState{9aa1c3 com.google.android.apps.messaging/10131 BFgs #14426} whose proc state 4 is better than process ProcessState{2ce2e3d com.google.process.gservices/10128 pkg=com.google.android.gsf} proc state 6 (4 skipped)
02-27 14:50:47.631  1249  1249 D TrafficStats: tagSocket(68) with statsTag=0xffffffff, statsUid=-1
02-27 14:50:47.633  1249  8612 D TrafficStats: tagSocket(6) with statsTag=0xffffff81, statsUid=-1
02-27 14:50:47.633  8521  8579 I ProviderInstaller: Installed default security provider GmsCore_OpenSSL
02-27 14:50:47.637  8521  8564 I RcsClientLib: Disconnecting RcsEngineLifecycleService
02-27 14:50:47.641  1249  8611 D NetworkMonitor/100: PROBE_DNS www.google.com 40ms OK 172.217.17.196,2a00:1450:400e:809::2004
02-27 14:50:47.648   359  8615 I resolv  : ResNSendHandler::run: 0 / {100 983140 100 983140 1073 1}
02-27 14:50:47.664   359  8616 I resolv  : ResNSendHandler::run: 0 / {100 983140 100 983140 1073 1}
02-27 14:50:47.664   359  8616 I resolv  : resolv_cache_lookup: FOUND IN CACHE entry=0x7349f9ba5070
02-27 14:50:47.667   359  8615 I resolv  : res_nsend: used send_dg 75 terrno: 0
02-27 14:50:47.668  1249  1249 D TrafficStats: tagSocket(6) with statsTag=0xffffffff, statsUid=-1
02-27 14:50:47.668  5013  5484 I BugleRcsEngine: [83] brnl.h: No RCS Configuration was found in Bugle for simID: redacted-pii:sim_id[chars:20,last3:897]
02-27 14:50:47.683  1249  1249 D TrafficStats: tagSocket(6) with statsTag=0xffffffff, statsUid=-1
02-27 14:50:47.684   359  8617 I resolv  : GetAddrInfoHandler::run: {100 983140 100 983140 1073 1}
02-27 14:50:47.684  1249  8612 D NetworkMonitor/100: PROBE_DNS connectivitycheck.gstatic.com 73ms OK 142.251.209.227,2a00:1450:400e:808::2003
02-27 14:50:47.691   359  8619 I resolv  : GetAddrInfoHandler::run: {100 983140 100 983140 1073 1}
02-27 14:50:47.695   359  8621 I resolv  : res_nmkquery: (QUERY, IN, A)
02-27 14:50:47.695   359  8621 I resolv  : resolv_cache_lookup: FOUND IN CACHE entry=0x734ae9ba2ab0
02-27 14:50:47.695   359  8621 I resolv  : doQuery: rcode=0, ancount=1, return value=48
02-27 14:50:47.697   359  8620 I resolv  : res_nmkquery: (QUERY, IN, AAAA)
02-27 14:50:47.698   359  8620 I resolv  : resolv_cache_lookup: FOUND IN CACHE entry=0x734a79b9d1d0
02-27 14:50:47.699   359  8623 I resolv  : res_nmkquery: (QUERY, IN, A)
02-27 14:50:47.699   359  8620 I resolv  : doQuery: rcode=0, ancount=1, return value=60
02-27 14:50:47.710   359  8622 I resolv  : res_nmkquery: (QUERY, IN, AAAA)
02-27 14:50:47.711   359  8622 I resolv  : resolv_cache_lookup: FOUND IN CACHE entry=0x7349f9ba5850
02-27 14:50:47.713  1249  8611 D TrafficStats: tagSocket(68) with statsTag=0xffffff81, statsUid=-1
02-27 14:50:47.714   359  8622 I resolv  : doQuery: rcode=0, ancount=1, return value=75
02-27 14:50:47.714   359  8623 I resolv  : resolv_cache_lookup: FOUND IN CACHE entry=0x7349f9ba5070
02-27 14:50:47.716   359  8623 I resolv  : doQuery: rcode=0, ancount=1, return value=63
02-27 14:50:47.717  1249  8612 D TrafficStats: tagSocket(6) with statsTag=0xffffff81, statsUid=-1
02-27 14:50:47.745  7893  7893 I Wear_Controller: Wearable module requires a companion app to be installed.
02-27 14:50:47.745  7893  7893 I WearableService: onCreate: Wearable Services not starting. Wear is not available on this device.
02-27 14:50:47.747  1249  8612 D NetworkMonitor/100: PROBE_HTTP http://connectivitycheck.gstatic.com/generate_204 time=57ms ret=204 request={Connection=[close], User-Agent=[Mozilla/5.0 (X11; Linux x86_64) AppleWebKit/537.36 (KHTML, like Gecko) Chrome/60.0.3112.32 Safari/537.36]} headers={null=[HTTP/1.1 204 No Content], Connection=[close], Content-Length=[0], Cross-Origin-Resource-Policy=[cross-origin], Date=[Fri, 27 Feb 2026 14:50:51 GMT], X-Android-Received-Millis=[1772203847746], X-Android-Response-Source=[NETWORK 204], X-Android-Selected-Protocol=[http/1.1], X-Android-Sent-Millis=[1772203847734]}
02-27 14:50:47.751  7893  7921 W WearableService: onGetService: Wear is not available on this device.
02-27 14:50:47.792  1249  8611 D NetworkMonitor/100: PROBE_HTTPS https://www.google.com/generate_204 time=127ms ret=204 request={Connection=[close], User-Agent=[Mozilla/5.0 (X11; Linux x86_64) AppleWebKit/537.36 (KHTML, like Gecko) Chrome/60.0.3112.32 Safari/537.36]} headers={null=[HTTP/1.1 204 No Content], Alt-Svc=[h3=":443"; ma=2592000,h3-29=":443"; ma=2592000], Connection=[close], Content-Length=[0], Cross-Origin-Resource-Policy=[cross-origin], Date=[Fri, 27 Feb 2026 14:50:51 GMT], X-Android-Received-Millis=[1772203847788], X-Android-Response-Source=[NETWORK 204], X-Android-Selected-Protocol=[http/1.1], X-Android-Sent-Millis=[1772203847772]}
02-27 14:50:47.804  1249  8610 D NetworkMonitor/100: isCaptivePortal: isSuccessful()=true isPortal()=false RedirectUrl=null isPartialConnectivity()=false Time=204ms
02-27 14:50:47.832   577   995 D ConnectivityService: [100 WIFI] validation passed
02-27 14:50:47.850  8521  8564 D StrictMode: StrictMode policy violation: android.os.strictmode.DiskReadViolation
02-27 14:50:47.850  8521  8564 D StrictMode: 	at android.os.StrictMode$AndroidBlockGuardPolicy.onReadFromDisk(StrictMode.java:1666)
02-27 14:50:47.850  8521  8564 D StrictMode: 	at libcore.io.BlockGuardOs.access(BlockGuardOs.java:74)
02-27 14:50:47.850  8521  8564 D StrictMode: 	at libcore.io.ForwardingOs.access(ForwardingOs.java:128)
02-27 14:50:47.850  8521  8564 D StrictMode: 	at android.app.ActivityThread$AndroidOs.access(ActivityThread.java:8054)
02-27 14:50:47.850  8521  8564 D StrictMode: 	at java.io.UnixFileSystem.checkAccess(UnixFileSystem.java:313)
02-27 14:50:47.850  8521  8564 D StrictMode: 	at java.io.File.exists(File.java:813)
02-27 14:50:47.850  8521  8564 D StrictMode: 	at android.app.ContextImpl.ensurePrivateDirExists(ContextImpl.java:790)
02-27 14:50:47.850  8521  8564 D StrictMode: 	at android.app.ContextImpl.ensurePrivateDirExists(ContextImpl.java:781)
02-27 14:50:47.850  8521  8564 D StrictMode: 	at android.app.ContextImpl.getPreferencesDir(ContextImpl.java:737)
02-27 14:50:47.850  8521  8564 D StrictMode: 	at android.app.ContextImpl.getSharedPreferencesPath(ContextImpl.java:962)
02-27 14:50:47.850  8521  8564 D StrictMode: 	at android.app.ContextImpl.getSharedPreferences(ContextImpl.java:583)
02-27 14:50:47.850  8521  8564 D StrictMode: 	at android.content.ContextWrapper.getSharedPreferences(ContextWrapper.java:221)
02-27 14:50:47.850  8521  8564 D StrictMode: 	at zrs.d(PG:93)
02-27 14:50:47.850  8521  8564 D StrictMode: 	at zrs.b(PG:264)
02-27 14:50:47.850  8521  8564 D StrictMode: 	at daqh.b(PG:1)
02-27 14:50:47.850  8521  8564 D StrictMode: 	at cfbk.f(PG:1)
02-27 14:50:47.850  8521  8564 D StrictMode: 	at cfbk.e(PG:24)
02-27 14:50:47.850  8521  8564 D StrictMode: 	at cfbk.a(PG:1)
02-27 14:50:47.850  8521  8564 D StrictMode: 	at bzrh.apply(PG:18)
02-27 14:50:47.850  8521  8564 D StrictMode: 	at ctbh.d(PG:2)
02-27 14:50:47.850  8521  8564 D StrictMode: 	at ctbi.run(PG:9)
02-27 14:50:47.850  8521  8564 D StrictMode: 	at bxfd.run(PG:1)
02-27 14:50:47.850  8521  8564 D StrictMode: 	at java.util.concurrent.ThreadPoolExecutor.runWorker(ThreadPoolExecutor.java:1145)
02-27 14:50:47.850  8521  8564 D StrictMode: 	at java.util.concurrent.ThreadPoolExecutor$Worker.run(ThreadPoolExecutor.java:644)
02-27 14:50:47.850  8521  8564 D StrictMode: 	at bxho.run(PG:3)
02-27 14:50:47.850  8521  8564 D StrictMode: 	at bxei.run(PG:2)
02-27 14:50:47.850  8521  8564 D StrictMode: 	at java.lang.Thread.run(Thread.java:1012)
02-27 14:50:47.850  8521  8564 D StrictMode: 	at bxfj.run(PG:5)
02-27 14:50:47.863  8521  8564 D StrictMode: StrictMode policy violation: android.os.strictmode.DiskReadViolation
02-27 14:50:47.863  8521  8564 D StrictMode: 	at android.os.StrictMode$AndroidBlockGuardPolicy.onReadFromDisk(StrictMode.java:1666)
02-27 14:50:47.863  8521  8564 D StrictMode: 	at android.app.SharedPreferencesImpl.awaitLoadedLocked(SharedPreferencesImpl.java:275)
02-27 14:50:47.863  8521  8564 D StrictMode: 	at android.app.SharedPreferencesImpl.getString(SharedPreferencesImpl.java:301)
02-27 14:50:47.863  8521  8564 D StrictMode: 	at cfbk.f(PG:1)
02-27 14:50:47.863  8521  8564 D StrictMode: 	at cfbk.e(PG:24)
02-27 14:50:47.863  8521  8564 D StrictMode: 	at cfbk.a(PG:1)
02-27 14:50:47.863  8521  8564 D StrictMode: 	at bzrh.apply(PG:18)
02-27 14:50:47.863  8521  8564 D StrictMode: 	at ctbh.d(PG:2)
02-27 14:50:47.863  8521  8564 D StrictMode: 	at ctbi.run(PG:9)
02-27 14:50:47.863  8521  8564 D StrictMode: 	at bxfd.run(PG:1)
02-27 14:50:47.863  8521  8564 D StrictMode: 	at java.util.concurrent.ThreadPoolExecutor.runWorker(ThreadPoolExecutor.java:1145)
02-27 14:50:47.863  8521  8564 D StrictMode: 	at java.util.concurrent.ThreadPoolExecutor$Worker.run(ThreadPoolExecutor.java:644)
02-27 14:50:47.863  8521  8564 D StrictMode: 	at bxho.run(PG:3)
02-27 14:50:47.863  8521  8564 D StrictMode: 	at bxei.run(PG:2)
02-27 14:50:47.863  8521  8564 D StrictMode: 	at java.lang.Thread.run(Thread.java:1012)
02-27 14:50:47.863  8521  8564 D StrictMode: 	at bxfj.run(PG:5)
02-27 14:50:47.970   359  8627 I resolv  : GetAddrInfoHandler::run: {100 786532 100 983140 10131 0}
02-27 14:50:47.972   359  8628 I resolv  : res_nmkquery: (QUERY, IN, AAAA)
02-27 14:50:47.990   359  8629 I resolv  : res_nmkquery: (QUERY, IN, A)
02-27 14:50:48.008   359  8628 I resolv  : res_nsend: used send_dg 161 terrno: 0
02-27 14:50:48.008   359  8628 I resolv  : doQuery: rcode=0, ancount=4, return value=161
02-27 14:50:48.010   359  8629 I resolv  : res_nsend: used send_dg 113 terrno: 0
02-27 14:50:48.011   359  8629 I resolv  : doQuery: rcode=0, ancount=4, return value=113
02-27 14:50:48.013  1249  2319 D NetworkMonitor/100: isDataStall: result=2, tcp packets received=0, latest tcp fail rate=100, consecutive dns timeout count=0
02-27 14:50:48.013  1249  2319 D NetworkMonitor/100: Suspecting data stall, reevaluate
02-27 14:50:48.014   577  2113 D ConnectivityService: Data stall detected with methods: 2
02-27 14:50:48.015  8521  8578 D ProfileInstaller: Installing profile for com.google.android.apps.messaging
02-27 14:50:48.017  1249  8631 D TrafficStats: tagSocket(6) with statsTag=0xffffff81, statsUid=-1
02-27 14:50:48.024  1249  8631 D TrafficStats: tagSocket(6) with statsTag=0xffffff81, statsUid=-1
02-27 14:50:48.027  1249  8632 D TrafficStats: tagSocket(107) with statsTag=0xffffff81, statsUid=-1
02-27 14:50:48.032   359  8634 I resolv  : ResNSendHandler::run: 0 / {100 983140 100 983140 1073 1}
02-27 14:50:48.033   359  8633 I resolv  : GetAddrInfoHandler::run: {100 786532 100 983140 10131 0}
02-27 14:50:48.034   359  8634 I resolv  : resolv_cache_lookup: FOUND IN CACHE entry=0x734a79b9d1d0
02-27 14:50:48.036   359  8635 I resolv  : res_nmkquery: (QUERY, IN, AAAA)
