--------- beginning of main
02-27 14:39:48.834  1058  1058 I wpa_supplicant: wlan0: CTRL-EVENT-BEACON-LOSS 
02-27 14:39:56.016  1074  1074 D StatusBarIconController: ignoring old pipeline callbacks, because the new mobile icons are enabled
02-27 14:39:56.033  1074  1137 D EGL_emulation: app_time_stats: avg=39996.15ms min=39996.15ms max=39996.15ms count=1
02-27 14:39:57.027  1058  1058 I wpa_supplicant: wlan0: CTRL-EVENT-BEACON-LOSS 
02-27 14:40:00.040  1945  2407 I AiAiEcho: Predicting[0]: 
02-27 14:40:00.040  1074  1137 D EGL_emulation: app_time_stats: avg=4005.67ms min=4005.67ms max=4005.67ms count=1
02-27 14:40:00.041  1945  2407 I AiAiEcho: EchoTargets: 
02-27 14:40:00.041  1945  2407 I AiAiEcho: Filtered by AiAi flag check: 
02-27 14:40:00.041  1945  2407 I AiAiEcho: Ranked targets strategy: SORT, count: 0, ranking metadata: 
02-27 14:40:00.044  1945  2407 I AiAiEcho: #postPredictionTargets: Sending updates to UISurface lockscreen with targets# 0 (types=[])
02-27 14:40:00.046  1074  1074 W PageIndicator: Total number of pages invalid: 0. Assuming 1 page.
02-27 14:40:04.964  1058  1058 I wpa_supplicant: wlan0: CTRL-EVENT-BEACON-LOSS 
02-27 14:40:06.015  1074  1074 D StatusBarIconController: ignoring old pipeline callbacks, because the new mobile icons are enabled
--------- beginning of system
02-27 14:40:06.659   577   764 W CpuMonitorService: Current CPU frequency (2791748) is greater than maximum CPU frequency (2) for policy ID (1). Skipping CPU frequency policy
02-27 14:40:12.899  1058  1058 I wpa_supplicant: wlan0: CTRL-EVENT-BEACON-LOSS 
02-27 14:40:16.016  1074  1074 D StatusBarIconController: ignoring old pipeline callbacks, because the new mobile icons are enabled
02-27 14:40:20.835  1058  1058 I wpa_supplicant: wlan0: CTRL-EVENT-BEACON-LOSS 
02-27 14:40:26.016  1074  1074 D StatusBarIconController: ignoring old pipeline callbacks, because the new mobile icons are enabled
02-27 14:40:29.026  1058  1058 I wpa_supplicant: wlan0: CTRL-EVENT-BEACON-LOSS 
02-27 14:40:36.025  1074  1074 D StatusBarIconController: ignoring old pipeline callbacks, because the new mobile icons are enabled
02-27 14:40:36.035  1074  1137 D EGL_emulation: app_time_stats: avg=35994.03ms min=35994.03ms max=35994.03ms count=1
02-27 14:40:36.528  7903  7990 D BtGatt.ScanManager: regularScanTimeout - client scan time was too long
02-27 14:40:36.530  7903  7990 W BtGatt.ScanManager: Moving filtered scan client to downgraded scan (scannerId 2)
02-27 14:40:36.530  7903  7990 D BtGatt.ScanManager: configureRegularScanParams() - queue=3
02-27 14:40:36.533  7903  7990 I bt_stack: [INFO:le_scanning_manager.cc(168)] Scan in shim layer stopped
02-27 14:40:36.545  7903  7964 I bluetooth: packages/modules/Bluetooth/system/gd/hci/le_address_manager.cc:193 unregister_client: Client unregistered
02-27 14:40:36.545  7903  7964 I bluetooth: packages/modules/Bluetooth/system/gd/hci/le_address_manager.cc:197 unregister_client: Cancelled address rotation alarm
02-27 14:40:36.546  7903  7990 D BtGatt.ScanManager: Start gattClientScanNative with old scanMode 1 new scanMode 0 ( in MS: 1400 / 140, in scan unit: 2240 / 224 ) [ScanClient scanModeApp 1 scanModeUsed 0 [appScanStats com.google.uid.shared:10128]]
02-27 14:40:36.547  7903  7990 I bt_stack: [INFO:le_scanning_manager.cc(346)] SetScanParameters in shim layer
02-27 14:40:36.548  7903  7969 D BtGatt.GattService: onScanParamSetupCompleted : 0
02-27 14:40:36.548  7903  7990 I bt_stack: [INFO:le_scanning_manager.cc(168)] Scan in shim layer started
02-27 14:40:36.549  7903  7964 I bluetooth: packages/modules/Bluetooth/system/gd/hci/le_scanning_manager.cc:588 stop_scan: Scanning already stopped, return!
02-27 14:40:36.549  7903  7964 I bluetooth: packages/modules/Bluetooth/system/gd/hci/le_address_manager.cc:175 register_client: Scheduled address rotation for first client registered
02-27 14:40:36.549  7903  7964 I bluetooth: packages/modules/Bluetooth/system/gd/hci/le_address_manager.cc:178 register_client: Client registered
02-27 14:40:36.962  1058  1058 I wpa_supplicant: wlan0: CTRL-EVENT-BEACON-LOSS 
02-27 14:40:37.420   577  2113 D WifiNl80211Manager: Scan result ready event
02-27 14:40:37.420   577  2113 D WifiNative: Scan result ready event
02-27 14:40:44.899  1058  1058 I wpa_supplicant: wlan0: CTRL-EVENT-BEACON-LOSS 
02-27 14:40:46.015  1074  1074 D StatusBarIconController: ignoring old pipeline callbacks, because the new mobile icons are enabled
02-27 14:40:52.835  1058  1058 I wpa_supplicant: wlan0: CTRL-EVENT-BEACON-LOSS 
02-27 14:40:56.015  1074  1074 D StatusBarIconController: ignoring old pipeline callbacks, because the new mobile icons are enabled
02-27 14:41:00.010  1945  2407 I AiAiEcho: Predicting[0]: 
02-27 14:41:00.010  1945  2407 I AiAiEcho: EchoTargets: 
02-27 14:41:00.010  1945  2407 I AiAiEcho: Filtered by AiAi flag check: 
02-27 14:41:00.010  1945  2407 I AiAiEcho: Ranked targets strategy: SORT, count: 0, ranking metadata: 
02-27 14:41:00.012  1945  2407 I AiAiEcho: #postPredictionTargets: Sending updates to UISurface lockscreen with targets# 0 (types=[])
02-27 14:41:00.045  1074  1074 W PageIndicator: Total number of pages invalid: 0. Assuming 1 page.
02-27 14:41:00.056  1074  1137 D EGL_emulation: app_time_stats: avg=24020.42ms min=24020.42ms max=24020.42ms count=1
02-27 14:41:01.025  1058  1058 I wpa_supplicant: wlan0: CTRL-EVENT-BEACON-LOSS 
02-27 14:41:02.025   577   988 E WifiStaIfaceAidlImpl: installApfPacketFilter failed with service-specific exception: android.os.ServiceSpecificException:  (code 4)
02-27 14:41:06.015  1074  1074 D StatusBarIconController: ignoring old pipeline callbacks, because the new mobile icons are enabled
02-27 14:41:06.727   577   764 W CpuMonitorService: Current CPU frequency (2537321) is greater than maximum CPU frequency (2) for policy ID (1). Skipping CPU frequency policy
02-27 14:41:06.728   577   764 W CpuMonitorService: Current CPU frequency (2563060) is greater than maximum CPU frequency (2) for policy ID (3). Skipping CPU frequency policy
02-27 14:41:08.963  1058  1058 I wpa_supplicant: wlan0: CTRL-EVENT-BEACON-LOSS 
--------- beginning of kernel
02-27 14:41:09.419     0     0 I logd    : logdr: UID=2000 GID=2000 PID=8444 n tail=0 logMask=99 pid=0 start=0ns deadline=0ns
02-27 14:41:16.020  1074  1074 D StatusBarIconController: ignoring old pipeline callbacks, because the new mobile icons are enabled
02-27 14:41:16.897  1058  1058 I wpa_supplicant: wlan0: CTRL-EVENT-BEACON-LOSS 
02-27 14:41:24.835  1058  1058 I wpa_supplicant: wlan0: CTRL-EVENT-BEACON-LOSS 
02-27 14:41:26.016  1074  1074 D StatusBarIconController: ignoring old pipeline callbacks, because the new mobile icons are enabled
02-27 14:41:33.027  1058  1058 I wpa_supplicant: wlan0: CTRL-EVENT-BEACON-LOSS 
02-27 14:41:36.016  1074  1074 D StatusBarIconController: ignoring old pipeline callbacks, because the new mobile icons are enabled
02-27 14:41:40.962  1058  1058 I wpa_supplicant: wlan0: CTRL-EVENT-BEACON-LOSS 
02-27 14:41:46.016  1074  1074 D StatusBarIconController: ignoring old pipeline callbacks, because the new mobile icons are enabled
02-27 14:41:48.899  1058  1058 I wpa_supplicant: wlan0: CTRL-EVENT-BEACON-LOSS 
02-27 14:41:56.017  1074  1074 D StatusBarIconController: ignoring old pipeline callbacks, because the new mobile icons are enabled
02-27 14:41:56.834  1058  1058 I wpa_supplicant: wlan0: CTRL-EVENT-BEACON-LOSS 
02-27 14:42:00.013  1945  2407 I AiAiEcho: Predicting[0]: 
02-27 14:42:00.014  1945  2407 I AiAiEcho: EchoTargets: 
02-27 14:42:00.014  1945  2407 I AiAiEcho: Filtered by AiAi flag check: 
02-27 14:42:00.014  1945  2407 I AiAiEcho: Ranked targets strategy: SORT, count: 0, ranking metadata: 
02-27 14:42:00.015  1945  2407 I AiAiEcho: #postPredictionTargets: Sending updates to UISurface lockscreen with targets# 0 (types=[])
02-27 14:42:00.040  1074  1074 W PageIndicator: Total number of pages invalid: 0. Assuming 1 page.
02-27 14:42:00.050  1074  1137 D EGL_emulation: app_time_stats: avg=59993.09ms min=59993.09ms max=59993.09ms count=1
02-27 14:42:05.026  1058  1058 I wpa_supplicant: wlan0: CTRL-EVENT-BEACON-LOSS 
02-27 14:42:06.017  1074  1074 D StatusBarIconController: ignoring old pipeline callbacks, because the new mobile icons are enabled
02-27 14:42:12.963  1058  1058 I wpa_supplicant: wlan0: CTRL-EVENT-BEACON-LOSS 
02-27 14:42:16.030  1074  1074 D StatusBarIconController: ignoring old pipeline callbacks, because the new mobile icons are enabled
02-27 14:42:16.053  1074  1137 D EGL_emulation: app_time_stats: avg=16002.67ms min=16002.67ms max=16002.67ms count=1
02-27 14:42:20.898  1058  1058 I wpa_supplicant: wlan0: CTRL-EVENT-BEACON-LOSS 
02-27 14:42:26.023  1074  1074 D StatusBarIconController: ignoring old pipeline callbacks, because the new mobile icons are enabled
02-27 14:42:28.836  1058  1058 I wpa_supplicant: wlan0: CTRL-EVENT-BEACON-LOSS 
02-27 14:42:36.018  1074  1074 D StatusBarIconController: ignoring old pipeline callbacks, because the new mobile icons are enabled
02-27 14:42:37.027  1058  1058 I wpa_supplicant: wlan0: CTRL-EVENT-BEACON-LOSS 
02-27 14:42:44.963  1058  1058 I wpa_supplicant: wlan0: CTRL-EVENT-BEACON-LOSS 
02-27 14:42:46.018  1074  1074 D StatusBarIconController: ignoring old pipeline callbacks, because the new mobile icons are enabled
02-27 14:42:52.899  1058  1058 I wpa_supplicant: wlan0: CTRL-EVENT-BEACON-LOSS 
02-27 14:42:56.029  1074  1074 D StatusBarIconController: ignoring old pipeline callbacks, because the new mobile icons are enabled
02-27 14:42:56.052  1074  1137 D EGL_emulation: app_time_stats: avg=39998.95ms min=39998.95ms max=39998.95ms count=1
02-27 14:43:00.035  1945  2407 I AiAiEcho: Predicting[0]: 
02-27 14:43:00.036  1945  2407 I AiAiEcho: EchoTargets: 
02-27 14:43:00.036  1945  2407 I AiAiEcho: Filtered by AiAi flag check: 
02-27 14:43:00.036  1074  1137 D EGL_emulation: app_time_stats: avg=3983.60ms min=3983.60ms max=3983.60ms count=1
02-27 14:43:00.037  1945  2407 I AiAiEcho: Ranked targets strategy: SORT, count: 0, ranking metadata: 
02-27 14:43:00.039  1945  2407 I AiAiEcho: #postPredictionTargets: Sending updates to UISurface lockscreen with targets# 0 (types=[])
02-27 14:43:00.047  1074  1074 W PageIndicator: Total number of pages invalid: 0. Assuming 1 page.
02-27 14:43:00.835  1058  1058 I wpa_supplicant: wlan0: CTRL-EVENT-BEACON-LOSS 
02-27 14:43:06.021  1074  1074 D StatusBarIconController: ignoring old pipeline callbacks, because the new mobile icons are enabled
02-27 14:43:06.860   577   764 W CpuMonitorService: Current CPU frequency (2760801) is greater than maximum CPU frequency (2) for policy ID (1). Skipping CPU frequency policy
02-27 14:43:06.860   577   764 W CpuMonitorService: Current CPU frequency (2775899) is greater than maximum CPU frequency (2) for policy ID (2). Skipping CPU frequency policy
02-27 14:43:09.027  1058  1058 I wpa_supplicant: wlan0: CTRL-EVENT-BEACON-LOSS 
02-27 14:43:16.018  1074  1074 D StatusBarIconController: ignoring old pipeline callbacks, because the new mobile icons are enabled
02-27 14:43:16.963  1058  1058 I wpa_supplicant: wlan0: CTRL-EVENT-BEACON-LOSS 
02-27 14:43:17.415   577  2113 D WifiNl80211Manager: Scan result ready event
02-27 14:43:17.415   577  2113 D WifiNative: Scan result ready event
02-27 14:43:24.899  1058  1058 I wpa_supplicant: wlan0: CTRL-EVENT-BEACON-LOSS 
02-27 14:43:26.020  1074  1074 D StatusBarIconController: ignoring old pipeline callbacks, because the new mobile icons are enabled
02-27 14:43:33.091  1058  1058 I wpa_supplicant: wlan0: CTRL-EVENT-BEACON-LOSS 
02-27 14:43:36.021  1074  1074 D StatusBarIconController: ignoring old pipeline callbacks, because the new mobile icons are enabled
02-27 14:43:36.035  1074  1137 D EGL_emulation: app_time_stats: avg=35998.20ms min=35998.20ms max=35998.20ms count=1
02-27 14:43:41.027  1058  1058 I wpa_supplicant: wlan0: CTRL-EVENT-BEACON-LOSS 
02-27 14:43:46.025  1074  1074 D StatusBarIconController: ignoring old pipeline callbacks, because the new mobile icons are enabled
02-27 14:43:48.476   577   671 I GnssLocationProvider: WakeLock acquired by handleDownloadPsdsData()
02-27 14:43:48.477   577  8447 E GnssPsdsDownloader: No Long-Term PSDS servers were specified in the GnssConfiguration
02-27 14:43:48.963  1058  1058 I wpa_supplicant: wlan0: CTRL-EVENT-BEACON-LOSS 
02-27 14:43:56.020  1074  1074 D StatusBarIconController: ignoring old pipeline callbacks, because the new mobile icons are enabled
02-27 14:43:56.899  1058  1058 I wpa_supplicant: wlan0: CTRL-EVENT-BEACON-LOSS 
02-27 14:44:00.035  1945  2407 I AiAiEcho: Predicting[0]: 
02-27 14:44:00.035  1945  2407 I AiAiEcho: EchoTargets: 
02-27 14:44:00.035  1945  2407 I AiAiEcho: Filtered by AiAi flag check: 
02-27 14:44:00.036  1945  2407 I AiAiEcho: Ranked targets strategy: SORT, count: 0, ranking metadata: 
02-27 14:44:00.037  1945  2407 I AiAiEcho: #postPredictionTargets: Sending updates to UISurface lockscreen with targets# 0 (types=[])
02-27 14:44:00.040  1074  1074 W PageIndicator: Total number of pages invalid: 0. Assuming 1 page.
02-27 14:44:00.045  1074  1137 D EGL_emulation: app_time_stats: avg=24009.68ms min=24009.68ms max=24009.68ms count=1
02-27 14:44:04.835  1058  1058 I wpa_supplicant: wlan0: CTRL-EVENT-BEACON-LOSS 
02-27 14:44:06.021  1074  1074 D StatusBarIconController: ignoring old pipeline callbacks, because the new mobile icons are enabled
02-27 14:44:06.927   577   764 W CpuMonitorService: Current CPU frequency (2834700) is greater than maximum CPU frequency (2) for policy ID (1). Skipping CPU frequency policy
02-27 14:44:06.927   577   764 W CpuMonitorService: Current CPU frequency (2785751) is greater than maximum CPU frequency (2) for policy ID (2). Skipping CPU frequency policy
02-27 14:44:06.927   577   764 W CpuMonitorService: Current CPU frequency (2764933) is greater than maximum CPU frequency (2) for policy ID (3). Skipping CPU frequency policy
02-27 14:44:12.014   577  2847 I ActivityManager: Killing 6728:com.google.android.devicelockcontroller/u0a190 (adj 975): empty #17
02-27 14:44:12.040   577   684 I libprocessgroup: Successfully killed process cgroup uid 10190 pid 6728 in 12ms
02-27 14:44:12.166   360   360 I Zygote  : Process 6728 exited due to signal 9 (Killed)
02-27 14:44:12.172   577   672 D DisplayManagerService: Drop pending events for gone uid 10190
02-27 14:44:13.027  1058  1058 I wpa_supplicant: wlan0: CTRL-EVENT-BEACON-LOSS 
02-27 14:44:13.042   577   768 D ActivityManager: freezing 2183 com.google.process.gservices
02-27 14:44:16.020  1074  1074 D StatusBarIconController: ignoring old pipeline callbacks, because the new mobile icons are enabled
02-27 14:44:19.417  7893  8396 I AlarmManager: setExactAndAllowWhileIdle [name: GCM_HB_ALARM type: 2 triggerAtMillis: 2797400]
02-27 14:44:19.419  7893  8396 I AlarmManager: setExactAndAllowWhileIdle [name: GCM_HB_ALARM type: 2 triggerAtMillis: 2797402]
02-27 14:44:20.963  1058  1058 I wpa_supplicant: wlan0: CTRL-EVENT-BEACON-LOSS 
02-27 14:44:26.034  1074  1074 D StatusBarIconController: ignoring old pipeline callbacks, because the new mobile icons are enabled
02-27 14:44:26.356  1310  1330 I m.android.phone: Background young concurrent copying GC freed 79428(3155KB) AllocSpace objects, 0(0B) LOS objects, 50% free, 3593KB/7252KB, paused 1.168ms,64us total 319.007ms
02-27 14:44:28.899  1058  1058 I wpa_supplicant: wlan0: CTRL-EVENT-BEACON-LOSS 
02-27 14:44:33.887  7903  7990 D BtGatt.ScanManager: uid 10128 isForeground true scanMode -1
02-27 14:44:33.887  7903  7990 D BtGatt.ScanManager: uid 10128 isForeground true scanMode -1
02-27 14:44:36.024  1074  1074 D StatusBarIconController: ignoring old pipeline callbacks, because the new mobile icons are enabled
02-27 14:44:36.834  1058  1058 I wpa_supplicant: wlan0: CTRL-EVENT-BEACON-LOSS 
02-27 14:44:44.378   577   682 D ActivityManager: sync unfroze 5822 com.google.android.gms for 3
02-27 14:44:44.397   359   415 I netd    : tetherGetStats() -> {[]} <1.97ms>
02-27 14:44:44.420   359   415 I netd    : bandwidthSetGlobalAlert(2097152) <0.27ms>
02-27 14:44:44.428   359   415 I netd    : bandwidthRemoveInterfaceQuota(eth0) <1.15ms>
02-27 14:44:44.430   359   415 I netd    : bandwidthSetInterfaceQuota(eth0, 9223372036854775807) <1.54ms>
02-27 14:44:44.435   359   415 I netd    : bandwidthRemoveInterfaceQuota(eth0) <1.91ms>
02-27 14:44:44.436   359   415 I netd    : bandwidthSetInterfaceQuota(eth0, 9223372036854775807) <0.97ms>
02-27 14:44:44.443   577   760 D ActivityManager: sync unfroze 7411 com.google.android.dialer for 6
02-27 14:44:44.467  2095  2095 I BgTaskExecutorImpl: Starting EXCLUSIVE background task UPLOAD_ASSISTANT_DEVICE_SETTINGS.
02-27 14:44:44.480  7411  7442 W TimedProcessReaper: Memory state is: 230
02-27 14:44:44.535  5822  8455 I ChimeraConfigurator: Starting update, reason: 4 urgentFeatures: vision.ocr:-1
02-27 14:44:44.584  2095  2946 I A       : Using proto config with mendel
02-27 14:44:44.585  2095  2946 I A       : Using proto config with mendel
02-27 14:44:44.588  2095  2946 I A       : Using proto config with mendel
02-27 14:44:44.588  2095  2946 I A       : Merging legacy hotword config map with new proto.
02-27 14:44:44.603  2095  2946 I A       : Adding from config to map. Locale: cmn-Hant-TW modelPrefix: x_google Location:4e7cae00daee30ec565c34e3aa67a51f isSpeakerIdSupported: true
02-27 14:44:44.604  2095  2946 I A       : Adding from config to map. Locale: id-ID modelPrefix: x_google Location:cfffcc1a4c1c084c003c8eb27f73d770 isSpeakerIdSupported: true
02-27 14:44:44.604  2095  2946 I A       : Adding from config to map. Locale: ko-KR modelPrefix: x_google Location:0b132163a2eb2c1194b202067475724b isSpeakerIdSupported: true
02-27 14:44:44.605  2095  2946 I A       : Skipping. Expected model: 2 Found: 1
02-27 14:44:44.605  2095  2946 I A       : Adding from config to map. Locale: zh-TW modelPrefix: x_google Location:4e7cae00daee30ec565c34e3aa67a51f isSpeakerIdSupported: true
02-27 14:44:44.611  2095  2946 I A       : Using proto config with mendel
02-27 14:44:44.613  2095  2946 I A       : Using proto config with mendel
02-27 14:44:44.615  2095  2946 I A       : Using proto config with mendel
02-27 14:44:44.618  2095  2946 I MicroDetectionState: Should stop hotword detection immediately - true
02-27 14:44:44.632  2095  8456 I NetworkRecognitionRnr: Using pair HTTP connection
02-27 14:44:44.636  2095  8458 W LocationOracle: getBestLocation(): no location is available
02-27 14:44:44.644  5822  8455 I ChimeraConfigurator: Detected pending changes for urgent request: [vision.ocr]. Pending module sets: container:2318189190800+mlkit.ocr.common,tflite_dynamite:2521301025100800+tflite_dynamite,vision_ocr:2316024025100000+vision.ocr
02-27 14:44:44.666  5822  8455 I GmsDebugLogger: [73] 1801
02-27 14:44:44.675  5822  8455 W ZappDownloader: No successful module downloads for requested features [vision.ocr].
02-27 14:44:44.676  5822  8455 I GmsDebugLogger: [30] [VisionOcrDynamite.integ:231602402100000],[TfliteDynamiteDynamite.integ:252130102100800],[MlkitOcrCommon.optional:231818100800]
02-27 14:44:44.680  2095  8460 I A       : [Upload] Connected
02-27 14:44:44.697  2095  2562 W CronetNetworkRqstWrppr: Upload request without a content type.
02-27 14:44:44.702  5822  8455 W ChimeraConfigService: Retry attempt was throttled. [CONTEXT service_id=264 ]
02-27 14:44:44.703  5822  8455 I GmsDebugLogger: [83] 1 [vision.ocr]
02-27 14:44:44.717  5822  8453 W Vision  : Request for optional module download of ocr failed. Request again.
02-27 14:44:44.719  5822  8453 W Vision  : Would have logged:
02-27 14:44:44.719  5822  8453 W Vision  : # dsae@37884fe7
02-27 14:44:44.719  5822  8453 I Vision  : Schedule retrying download ocr at 2262702 with backoff 640 seconds
02-27 14:44:44.726  2095  2095 E A       : onError
02-27 14:44:44.726  2095  2095 E A       : com.google.android.apps.gsa.shared.speech.a.m: errorCode: 65561, engine: 2
02-27 14:44:44.726  2095  2095 E A       : 	at com.google.android.apps.gsa.staticplugins.dc.a.e.a(PG:3)
02-27 14:44:44.726  2095  2095 E A       : 	at com.google.android.apps.gsa.s3.n.hh(PG:1)
02-27 14:44:44.726  2095  2095 E A       : 	at com.google.cd.g.a.f.e(PG:2)
02-27 14:44:44.726  2095  2095 E A       : 	at com.google.android.apps.gsa.speech.k.a.g.d(PG:22)
02-27 14:44:44.726  2095  2095 E A       : 	at com.google.android.apps.gsa.speech.k.a.g.ks(PG:6)
02-27 14:44:44.726  2095  2095 E A       : 	at com.google.android.apps.gsa.s3.o.e(PG:14)
02-27 14:44:44.726  2095  2095 E A       : 	at com.google.android.apps.gsa.s3.p.run(PG:1)
02-27 14:44:44.726  2095  2095 E A       : 	at java.util.concurrent.Executors$RunnableAdapter.call(Executors.java:487)
02-27 14:44:44.726  2095  2095 E A       : 	at java.util.concurrent.FutureTask.run(FutureTask.java:264)
02-27 14:44:44.726  2095  2095 E A       : 	at com.google.android.apps.gsa.shared.util.c.a.e.run(PG:2)
02-27 14:44:44.726  2095  2095 E A       : 	at com.google.android.apps.gsa.shared.util.c.a.bi.run(PG:1)
02-27 14:44:44.726  2095  2095 E A       : 	at com.google.android.apps.gsa.shared.util.c.a.bi.run(PG:1)
02-27 14:44:44.726  2095  2095 E A       : 	at java.util.concurrent.ThreadPoolExecutor.runWorker(ThreadPoolExecutor.java:1145)
02-27 14:44:44.726  2095  2095 E A       : 	at java.util.concurrent.ThreadPoolExecutor$Worker.run(ThreadPoolExecutor.java:644)
02-27 14:44:44.726  2095  2095 E A       : 	at java.lang.Thread.run(Thread.java:1012)
02-27 14:44:44.726  2095  2095 E A       : 	at com.google.android.apps.gsa.shared.util.c.a.l.run(PG:5)
02-27 14:44:44.726  2095  2095 E A       : Caused by: com.google.android.apps.gsa.shared.speech.a.o: errorCode: 65586, engine: 2
02-27 14:44:44.726  2095  2095 E A       : 	... 15 more
02-27 14:44:44.726  2095  2095 E A       : Caused by: com.google.android.apps.gsa.shared.speech.a.k: errorCode: 401, engine: 2
02-27 14:44:44.726  2095  2095 E A       : 	at com.google.android.apps.gsa.assistant.shared.n.h.a(PG:5)
02-27 14:44:44.726  2095  2095 E A       : 	at com.google.android.apps.gsa.s3.producers.j.hE(PG:2)
02-27 14:44:44.726  2095  2095 E A       : 	at com.google.android.apps.gsa.speech.k.a.g.d(PG:16)
02-27 14:44:44.726  2095  2095 E A       : 	... 12 more
02-27 14:44:44.727   577  2368 D ConnectivityService: requestNetwork for uid/pid:10130/7411 activeRequest: null callbackRequest: 191 [NetworkRequest [ REQUEST id=192, [ Capabilities: INTERNET&NOT_RESTRICTED&TRUSTED&NOT_VCN_MANAGED Uid: 10130 RequestorUid: 10130 RequestorPkg: com.google.android.dialer UnderlyingNetworks: Null] ]] callback flags: 0 order: 2147483647
02-27 14:44:44.732   577   988 D WifiNetworkFactory: got request NetworkRequest [ REQUEST id=192, [ Capabilities: INTERNET&NOT_RESTRICTED&TRUSTED&NOT_VCN_MANAGED Uid: 10130 RequestorUid: 10130 RequestorPkg: com.google.android.dialer UnderlyingNetworks: Null] ]
02-27 14:44:44.736   577   988 D UntrustedWifiNetworkFactory: got request NetworkRequest [ REQUEST id=192, [ Capabilities: INTERNET&NOT_RESTRICTED&TRUSTED&NOT_VCN_MANAGED Uid: 10130 RequestorUid: 10130 RequestorPkg: com.google.android.dialer UnderlyingNetworks: Null] ]
02-27 14:44:44.739   577   988 D OemPaidWifiNetworkFactory: got request NetworkRequest [ REQUEST id=192, [ Capabilities: INTERNET&NOT_RESTRICTED&TRUSTED&NOT_VCN_MANAGED Uid: 10130 RequestorUid: 10130 RequestorPkg: com.google.android.dialer UnderlyingNetworks: Null] ]
02-27 14:44:44.740  2095  8460 I NetworkRecognitionRnr: Using pair HTTP connection
02-27 14:44:44.743   577   988 D MultiInternetWifiNetworkFactory: got request NetworkRequest [ REQUEST id=192, [ Capabilities: INTERNET&NOT_RESTRICTED&TRUSTED&NOT_VCN_MANAGED Uid: 10130 RequestorUid: 10130 RequestorPkg: com.google.android.dialer UnderlyingNetworks: Null] ]
02-27 14:44:44.745   577   995 D ConnectivityService: NetReassign [192 : null ÔåÆ 100] [c 2] [a 1] [i 14]
02-27 14:44:44.762  2095  8462 I A       : [Upload] Connected
02-27 14:44:44.766  2095  2095 W A       : Failed to sync device settings.
02-27 14:44:44.767  2095  2095 I A       : Retrying to sync device settings.
02-27 14:44:44.829   577  2368 W JobScheduler: Job didn't exist in JobStore: c1cb745 #u0a132/-353 com.google.android.googlequicksearchbox/com.google.android.apps.gsa.tasks.BackgroundTasksJobService
02-27 14:44:45.027  1058  1058 I wpa_supplicant: wlan0: CTRL-EVENT-BEACON-LOSS 
02-27 14:44:45.068  7411  7411 I DialerConstellationSyncWorker: com.android.dialer.businessvoice.control.worker.ConstellationSyncWorker.startWork:66 starting work
02-27 14:44:45.076  7411  7437 I DialerCallVerifierEnabledFn: com.android.dialer.businessvoice.verifiedcall.impl.CallVerifierEnabledFn.isEnabled:52 disabled. [CONTEXT ratelimit_period="1 MINUTES" ]
02-27 14:44:45.077  7411  7437 I DialerConstellationSyncWorker: com.android.dialer.businessvoice.control.worker.ConstellationSyncWorker.lambda$startWork$0:75 Stop worker because Verified Call feature is not enabled.
02-27 14:44:45.082  7411  7442 I WM-WorkerWrapper: Worker result FAILURE for Work [ id=031d071e-6913-4f3e-9ddd-8ed1c64e12d9, tags={ com.google.apps.tiktok.contrib.work.TikTokListenableWorker, TikTokWorker#com.android.dialer.businessvoice.control.worker.ConstellationSyncWorker } ]
02-27 14:44:46.022  1074  1074 D StatusBarIconController: ignoring old pipeline callbacks, because the new mobile icons are enabled
02-27 14:44:46.779   577  2847 D CompatibilityChangeReporter: Compat change id reported: 266524688; UID 10132; state: DISABLED
02-27 14:44:46.780   577  2847 D ConnectivityService: requestNetwork for uid/pid:10132/2095 activeRequest: null callbackRequest: 193 [NetworkRequest [ REQUEST id=193, [ Transports: CELLULAR Capabilities: INTERNET&NOT_RESTRICTED&TRUSTED&NOT_VPN&NOT_VCN_MANAGED Uid: 10132 RequestorUid: 10132 RequestorPkg: com.google.android.googlequicksearchbox UnderlyingNetworks: Null] ]] callback flags: 0 order: 2147483647
02-27 14:44:46.867   359   415 I netd    : networkSetPermissionForNetwork(101, 0) <72.01ms>
02-27 14:44:46.890   577   995 D ConnectivityService: NetReassign [193 : null ÔåÆ 101] [c 0] [a 105] [i 4]
02-27 14:44:46.891   577   995 D ConnectivityService: reportNetworkConnectivity(100, false) by 10132
02-27 14:44:46.892  1249  2319 D NetworkMonitor/100: Forcing reevaluation for UID 10132. Dns signal count: 0
02-27 14:44:46.897  1249  8467 D TrafficStats: tagSocket(6) with statsTag=0xffffff81, statsUid=-1
02-27 14:44:46.898  1249  8468 D TrafficStats: tagSocket(68) with statsTag=0xffffff81, statsUid=-1
02-27 14:44:46.900  1249  8467 D TrafficStats: tagSocket(6) with statsTag=0xffffff81, statsUid=-1
02-27 14:44:46.901  1249  8468 D TrafficStats: tagSocket(107) with statsTag=0xffffff81, statsUid=-1
02-27 14:44:46.909   359  8471 I resolv  : ResNSendHandler::run: 0 / {100 983140 100 983140 1073 1}
02-27 14:44:46.912   359  8469 I resolv  : ResNSendHandler::run: 0 / {100 983140 100 983140 1073 1}
02-27 14:44:46.914   359  8470 I resolv  : ResNSendHandler::run: 0 / {100 983140 100 983140 1073 1}
02-27 14:44:46.916   359  8471 I resolv  : res_nsend: used send_dg 48 terrno: 0
02-27 14:44:46.918   359  8469 I resolv  : res_nsend: used send_dg 60 terrno: 0
02-27 14:44:46.918   359  8472 I resolv  : ResNSendHandler::run: 0 / {100 983140 100 983140 1073 1}
02-27 14:44:46.923   359  8470 I resolv  : res_nsend: used send_dg 75 terrno: 0
02-27 14:44:46.924  1249  1249 D TrafficStats: tagSocket(68) with statsTag=0xffffffff, statsUid=-1
02-27 14:44:46.926   359  8472 I resolv  : res_nsend: used send_dg 63 terrno: 0
02-27 14:44:46.928  1249  1249 D TrafficStats: tagSocket(68) with statsTag=0xffffffff, statsUid=-1
02-27 14:44:46.930  1249  1249 D TrafficStats: tagSocket(6) with statsTag=0xffffffff, statsUid=-1
02-27 14:44:46.931  1249  8467 D NetworkMonitor/100: PROBE_DNS www.google.com 34ms OK 142.251.209.228,2a00:1450:400e:807::2004
02-27 14:44:46.931  1249  1249 D TrafficStats: tagSocket(6) with statsTag=0xffffffff, statsUid=-1
02-27 14:44:46.934  1249  8468 D NetworkMonitor/100: PROBE_DNS connectivitycheck.gstatic.com 37ms OK 142.250.180.3,2a00:1450:400e:809::2003
02-27 14:44:46.935   359  8473 I resolv  : GetAddrInfoHandler::run: {100 983140 100 983140 1073 1}
02-27 14:44:46.936   359  8474 I resolv  : res_nmkquery: (QUERY, IN, AAAA)
02-27 14:44:46.937   359  8474 I resolv  : resolv_cache_lookup: FOUND IN CACHE entry=0x734a79b9d1d0
02-27 14:44:46.937   359  8474 I resolv  : doQuery: rcode=0, ancount=1, return value=60
02-27 14:44:46.937   359  8475 I resolv  : res_nmkquery: (QUERY, IN, A)
02-27 14:44:46.937   359  8476 I resolv  : GetAddrInfoHandler::run: {100 983140 100 983140 1073 1}
02-27 14:44:46.937   359  8475 I resolv  : resolv_cache_lookup: FOUND IN CACHE entry=0x734ae9ba2ab0
02-27 14:44:46.937   359  8475 I resolv  : doQuery: rcode=0, ancount=1, return value=48
02-27 14:44:46.939   359  8478 I resolv  : res_nmkquery: (QUERY, IN, A)
02-27 14:44:46.942  1249  8467 D TrafficStats: tagSocket(6) with statsTag=0xffffff81, statsUid=-1
02-27 14:44:46.942   359  8477 I resolv  : res_nmkquery: (QUERY, IN, AAAA)
02-27 14:44:46.942   359  8478 I resolv  : resolv_cache_lookup: FOUND IN CACHE entry=0x7349f9ba5070
02-27 14:44:46.942   359  8478 I resolv  : doQuery: rcode=0, ancount=1, return value=63
02-27 14:44:46.943   359  8477 I resolv  : resolv_cache_lookup: FOUND IN CACHE entry=0x7349f9ba5850
02-27 14:44:46.943   359  8477 I resolv  : doQuery: rcode=0, ancount=1, return value=75
02-27 14:44:46.945  1249  8468 D TrafficStats: tagSocket(68) with statsTag=0xffffff81, statsUid=-1
02-27 14:44:46.967  1249  8468 D NetworkMonitor/100: PROBE_HTTP http://connectivitycheck.gstatic.com/generate_204 time=32ms ret=204 request={Connection=[close], User-Agent=[Mozilla/5.0 (X11; Linux x86_64) AppleWebKit/537.36 (KHTML, like Gecko) Chrome/60.0.3112.32 Safari/537.36]} headers={null=[HTTP/1.1 204 No Content], Connection=[close], Content-Length=[0], Cross-Origin-Resource-Policy=[cross-origin], Date=[Fri, 27 Feb 2026 14:44:50 GMT], X-Android-Received-Millis=[1772203486965], X-Android-Response-Source=[NETWORK 204], X-Android-Selected-Protocol=[http/1.1], X-Android-Sent-Millis=[1772203486956]}
02-27 14:44:46.977  1249  8467 D NetworkMonitor/100: PROBE_HTTPS https://www.google.com/generate_204 time=43ms ret=204 request={Connection=[close], User-Agent=[Mozilla/5.0 (X11; Linux x86_64) AppleWebKit/537.36 (KHTML, like Gecko) Chrome/60.0.3112.32 Safari/537.36]} headers={null=[HTTP/1.1 204 No Content], Alt-Svc=[h3=":443"; ma=2592000,h3-29=":443"; ma=2592000], Connection=[close], Content-Length=[0], Cross-Origin-Resource-Policy=[cross-origin], Date=[Fri, 27 Feb 2026 14:44:50 GMT], X-Android-Received-Millis=[1772203486975], X-Android-Response-Source=[NETWORK 204], X-Android-Selected-Protocol=[http/1.1], X-Android-Sent-Millis=[1772203486967]}
02-27 14:44:46.979  1249  8466 D NetworkMonitor/100: isCaptivePortal: isSuccessful()=true isPortal()=false RedirectUrl=null isPartialConnectivity()=false Time=84ms
02-27 14:44:46.981   577   995 D ConnectivityService: [100 WIFI] validation passed
02-27 14:44:48.604  2095  8458 W A       : [Download] response code: 400
02-27 14:44:52.964  1058  1058 I wpa_supplicant: wlan0: CTRL-EVENT-BEACON-LOSS 
02-27 14:44:55.112   577   768 D ActivityManager: freezing 7411 com.google.android.dialer
02-27 14:44:56.025  1074  1074 D StatusBarIconController: ignoring old pipeline callbacks, because the new mobile icons are enabled
02-27 14:45:00.031  1945  2407 I AiAiEcho: Predicting[0]: 
02-27 14:45:00.031  1945  2407 I AiAiEcho: EchoTargets: 
02-27 14:45:00.031  1945  2407 I AiAiEcho: Filtered by AiAi flag check: 
02-27 14:45:00.031  1945  2407 I AiAiEcho: Ranked targets strategy: SORT, count: 0, ranking metadata: 
02-27 14:45:00.032  1945  2407 I AiAiEcho: #postPredictionTargets: Sending updates to UISurface lockscreen with targets# 0 (types=[])
02-27 14:45:00.039  1074  1137 D EGL_emulation: app_time_stats: avg=59994.09ms min=59994.09ms max=59994.09ms count=1
02-27 14:45:00.041  1074  1074 W PageIndicator: Total number of pages invalid: 0. Assuming 1 page.
02-27 14:45:00.898  1058  1058 I wpa_supplicant: wlan0: CTRL-EVENT-BEACON-LOSS 
02-27 14:45:01.817   577   768 D ActivityManager: freezing 5822 com.google.android.gms
02-27 14:45:06.027  1074  1074 D StatusBarIconController: ignoring old pipeline callbacks, because the new mobile icons are enabled
02-27 14:45:07.030   577   764 W CpuMonitorService: Current CPU frequency (2775797) is greater than maximum CPU frequency (2) for policy ID (0). Skipping CPU frequency policy
02-27 14:45:07.031   577   764 W CpuMonitorService: Current CPU frequency (2789636) is greater than maximum CPU frequency (2) for policy ID (1). Skipping CPU frequency policy
02-27 14:45:07.031   577   764 W CpuMonitorService: Current CPU frequency (2780572) is greater than maximum CPU frequency (2) for policy ID (3). Skipping CPU frequency policy
02-27 14:45:08.835  1058  1058 I wpa_supplicant: wlan0: CTRL-EVENT-BEACON-LOSS 
02-27 14:45:15.826  5013  5074 W TimedProcessReaper: Memory state is: 125
02-27 14:45:16.025  1074  1074 D StatusBarIconController: ignoring old pipeline callbacks, because the new mobile icons are enabled
02-27 14:45:16.055  1074  1137 D EGL_emulation: app_time_stats: avg=16015.08ms min=16015.08ms max=16015.08ms count=1
02-27 14:45:17.026  1058  1058 I wpa_supplicant: wlan0: CTRL-EVENT-BEACON-LOSS 
02-27 14:45:24.962  1058  1058 I wpa_supplicant: wlan0: CTRL-EVENT-BEACON-LOSS 
02-27 14:45:26.025  1074  1074 D StatusBarIconController: ignoring old pipeline callbacks, because the new mobile icons are enabled
02-27 14:45:26.784   577   995 D ConnectivityService: releasing NetworkRequest [ REQUEST id=193, [ Transports: CELLULAR Capabilities: INTERNET&NOT_RESTRICTED&TRUSTED&NOT_VPN&NOT_VCN_MANAGED Uid: 10132 RequestorUid: 10132 RequestorPkg: com.google.android.googlequicksearchbox UnderlyingNetworks: Null] ] (release request)
02-27 14:45:26.799   577   995 I ConnectivityService: Update capabilities for net 101 : -FOREGROUND
02-27 14:45:26.804   359   415 I netd    : networkSetPermissionForNetwork(101, 1) <4.60ms>
02-27 14:45:30.134  7893  8003 I PhenotypeProcessReaper: Memory state is: 125
02-27 14:45:32.899  1058  1058 I wpa_supplicant: wlan0: CTRL-EVENT-BEACON-LOSS 
02-27 14:45:36.025  1074  1074 D StatusBarIconController: ignoring old pipeline callbacks, because the new mobile icons are enabled
02-27 14:45:40.835  1058  1058 I wpa_supplicant: wlan0: CTRL-EVENT-BEACON-LOSS 
02-27 14:45:46.025  1074  1074 D StatusBarIconController: ignoring old pipeline callbacks, because the new mobile icons are enabled
02-27 14:45:46.837   577  1650 D CoreBackPreview: Window{3d6a30c u0 PopupWindow:c85ad22}: Setting back callback OnBackInvokedCallbackInfo{mCallback=android.window.IOnBackInvokedCallback$Stub$Proxy@a922e6a, mPriority=0, mIsAnimationCallback=false}
02-27 14:45:46.883  8275  8363 E OpenGLRenderer: Unable to match the desired swap behavior.
02-27 14:45:46.945  8275  8275 W WindowOnBackDispatcher: sendCancelIfRunning: isInProgress=falsecallback=android.view.ViewRootImpl$$ExternalSyntheticLambda17@668def5
02-27 14:45:46.947   577  1650 D CoreBackPreview: Window{d1f3945 u0 com.shifu.app/com.shifu.app.MainActivity}: Setting back callback null
02-27 14:45:46.970   577  1650 W InputManager-JNI: Input channel object 'd1f3945 com.shifu.app/com.shifu.app.MainActivity (client)' was disposed without first being removed with the input manager!
02-27 14:45:46.980   577   674 V WindowManager: Unknown focus tokens, dropping reportFocusChanged
02-27 14:45:46.984  8275  8275 W WindowOnBackDispatcher: sendCancelIfRunning: isInProgress=falsecallback=android.view.ViewRootImpl$$ExternalSyntheticLambda17@64688e9
02-27 14:45:46.986   577  1650 D CoreBackPreview: Window{3d6a30c u0 PopupWindow:c85ad22}: Setting back callback null
02-27 14:45:46.992   577  1650 W InputManager-JNI: Input channel object '3d6a30c PopupWindow:c85ad22 (client)' was disposed without first being removed with the input manager!
02-27 14:45:47.031  8275  8363 D EGL_emulation: app_time_stats: avg=35177.38ms min=3.37ms max=375172.25ms count=11
02-27 14:45:47.037   577  1650 I ImeTracker: com.shifu.app:81aba98d: onRequestHide at ORIGIN_SERVER_HIDE_INPUT reason HIDE_UNSPECIFIED_WINDOW
02-27 14:45:47.038   577  1650 I ImeTracker: com.shifu.app:81aba98d: onCancelled at PHASE_SERVER_SHOULD_HIDE
02-27 14:45:47.040  1828  1828 I GoogleInputMethodService: GoogleInputMethodService.onFinishInput():3227 
02-27 14:45:47.045  1828  1828 I GoogleInputMethodService: GoogleInputMethodService.updateDeviceLockedStatus():2087 repeatCheckTimes = 0, unlocked = true
02-27 14:45:47.046  1828  1828 I GoogleInputMethodService: GoogleInputMethodService.onStartInput():1877 onStartInput(EditorInfo{inputType=0x0(NULL) imeOptions=0x0 privateImeOptions=null actionName=UNSPECIFIED actionLabel=null actionId=0 initialSelStart=-1 initialSelEnd=-1 initialCapsMode=0x0 hintText=null label=null packageName=com.shifu.app fieldId=0 fieldName=null extras=null}, false)
02-27 14:45:47.047  1828  1828 I GoogleInputMethodService: GoogleInputMethodService.shouldHideHeaderOnInitialState():4008 ShouldHideHeaderOnInitialState = false
02-27 14:45:47.049  1828  1828 I GoogleInputMethodService: GoogleInputMethodService.updateDeviceLockedStatus():2087 repeatCheckTimes = 2, unlocked = true
02-27 14:45:47.114  1074  1137 D EGL_emulation: app_time_stats: avg=19688.95ms min=12.46ms max=373551.50ms count=19
02-27 14:45:48.132  1074  1137 D EGL_emulation: app_time_stats: avg=7.45ms min=2.12ms max=23.01ms count=61
02-27 14:45:49.030  1058  1058 I wpa_supplicant: wlan0: CTRL-EVENT-BEACON-LOSS 
02-27 14:45:53.475   577  1650 D CoreBackPreview: Window{d69b54b u0 PopupWindow:d7f4846}: Setting back callback OnBackInvokedCallbackInfo{mCallback=android.window.IOnBackInvokedCallback$Stub$Proxy@abc9041, mPriority=0, mIsAnimationCallback=false}
02-27 14:45:53.499  8275  8363 E OpenGLRenderer: Unable to match the desired swap behavior.
02-27 14:45:53.528  8275  8275 W WindowOnBackDispatcher: sendCancelIfRunning: isInProgress=falsecallback=android.view.ViewRootImpl$$ExternalSyntheticLambda17@543a95d
02-27 14:45:53.531   577  2368 D CoreBackPreview: Window{d69b54b u0 PopupWindow:d7f4846}: Setting back callback null
02-27 14:45:53.534   577  2368 W InputManager-JNI: Input channel object 'd69b54b PopupWindow:d7f4846 (client)' was disposed without first being removed with the input manager!
02-27 14:45:56.027  1074  1074 D StatusBarIconController: ignoring old pipeline callbacks, because the new mobile icons are enabled
02-27 14:45:56.045  1074  1137 D EGL_emulation: app_time_stats: avg=39988.89ms min=39988.89ms max=39988.89ms count=1
02-27 14:45:56.962  1058  1058 I wpa_supplicant: wlan0: CTRL-EVENT-BEACON-LOSS 
02-27 14:45:57.426   577  2368 D WifiNl80211Manager: Scan result ready event
02-27 14:45:57.426   577  2368 D WifiNative: Scan result ready event
02-27 14:46:00.055  1945  2407 I AiAiEcho: Predicting[0]: 
02-27 14:46:00.056  1074  1137 D EGL_emulation: app_time_stats: avg=4009.86ms min=4009.86ms max=4009.86ms count=1
02-27 14:46:00.056  1945  2407 I AiAiEcho: EchoTargets: 
02-27 14:46:00.056  1945  2407 I AiAiEcho: Filtered by AiAi flag check: 
02-27 14:46:00.056  1945  2407 I AiAiEcho: Ranked targets strategy: SORT, count: 0, ranking metadata: 
02-27 14:46:00.059  1945  2407 I AiAiEcho: #postPredictionTargets: Sending updates to UISurface lockscreen with targets# 0 (types=[])
02-27 14:46:00.060  1074  1074 W PageIndicator: Total number of pages invalid: 0. Assuming 1 page.
02-27 14:46:04.899  1058  1058 I wpa_supplicant: wlan0: CTRL-EVENT-BEACON-LOSS 
02-27 14:46:06.030  1074  1074 D StatusBarIconController: ignoring old pipeline callbacks, because the new mobile icons are enabled
02-27 14:46:07.128   577   764 W CpuMonitorService: Current CPU frequency (2809822) is greater than maximum CPU frequency (2) for policy ID (1). Skipping CPU frequency policy
02-27 14:46:07.128   577   764 W CpuMonitorService: Current CPU frequency (2525974) is greater than maximum CPU frequency (2) for policy ID (3). Skipping CPU frequency policy
02-27 14:46:12.834  1058  1058 I wpa_supplicant: wlan0: CTRL-EVENT-BEACON-LOSS 
02-27 14:46:16.024  1074  1074 D StatusBarIconController: ignoring old pipeline callbacks, because the new mobile icons are enabled
02-27 14:46:21.027  1058  1058 I wpa_supplicant: wlan0: CTRL-EVENT-BEACON-LOSS 
02-27 14:46:26.026  1074  1074 D StatusBarIconController: ignoring old pipeline callbacks, because the new mobile icons are enabled
02-27 14:46:28.963  1058  1058 I wpa_supplicant: wlan0: CTRL-EVENT-BEACON-LOSS 
02-27 14:46:36.026  1074  1074 D StatusBarIconController: ignoring old pipeline callbacks, because the new mobile icons are enabled
02-27 14:46:36.054  1074  1137 D EGL_emulation: app_time_stats: avg=35997.16ms min=35997.16ms max=35997.16ms count=1
02-27 14:46:36.900  1058  1058 I wpa_supplicant: wlan0: CTRL-EVENT-BEACON-LOSS 
02-27 14:46:44.835  1058  1058 I wpa_supplicant: wlan0: CTRL-EVENT-BEACON-LOSS 
02-27 14:46:46.027  1074  1074 D StatusBarIconController: ignoring old pipeline callbacks, because the new mobile icons are enabled
02-27 14:46:53.027  1058  1058 I wpa_supplicant: wlan0: CTRL-EVENT-BEACON-LOSS 
02-27 14:46:56.026  1074  1074 D StatusBarIconController: ignoring old pipeline callbacks, because the new mobile icons are enabled
02-27 14:47:00.050  1945  2407 I AiAiEcho: Predicting[0]: 
02-27 14:47:00.051  1945  2407 I AiAiEcho: EchoTargets: 
02-27 14:47:00.051  1945  2407 I AiAiEcho: Filtered by AiAi flag check: 
02-27 14:47:00.051  1945  2407 I AiAiEcho: Ranked targets strategy: SORT, count: 0, ranking metadata: 
02-27 14:47:00.053  1945  2407 I AiAiEcho: #postPredictionTargets: Sending updates to UISurface lockscreen with targets# 0 (types=[])
02-27 14:47:00.057  1074  1074 W PageIndicator: Total number of pages invalid: 0. Assuming 1 page.
02-27 14:47:00.059  1074  1137 D EGL_emulation: app_time_stats: avg=24004.71ms min=24004.71ms max=24004.71ms count=1
02-27 14:47:00.962  1058  1058 I wpa_supplicant: wlan0: CTRL-EVENT-BEACON-LOSS 
02-27 14:47:06.025  1074  1074 D StatusBarIconController: ignoring old pipeline callbacks, because the new mobile icons are enabled
02-27 14:47:07.143   577   764 W CpuMonitorService: Current CPU frequency (2613882) is greater than maximum CPU frequency (2) for policy ID (0). Skipping CPU frequency policy
02-27 14:47:07.143   577   764 W CpuMonitorService: Current CPU frequency (2697446) is greater than maximum CPU frequency (2) for policy ID (1). Skipping CPU frequency policy
02-27 14:47:07.144   577   764 W CpuMonitorService: Current CPU frequency (2693529) is greater than maximum CPU frequency (2) for policy ID (3). Skipping CPU frequency policy
02-27 14:47:08.899  1058  1058 I wpa_supplicant: wlan0: CTRL-EVENT-BEACON-LOSS 
02-27 14:47:16.027  1074  1074 D StatusBarIconController: ignoring old pipeline callbacks, because the new mobile icons are enabled
02-27 14:47:16.834  1058  1058 I wpa_supplicant: wlan0: CTRL-EVENT-BEACON-LOSS 
02-27 14:47:16.880   577  1650 D CoreBackPreview: Window{7c39135 u0 PopupWindow:8e91a1e}: Setting back callback OnBackInvokedCallbackInfo{mCallback=android.window.IOnBackInvokedCallback$Stub$Proxy@5f6873b, mPriority=0, mIsAnimationCallback=false}
02-27 14:47:16.915  8275  8363 E OpenGLRenderer: Unable to match the desired swap behavior.
02-27 14:47:16.937  8275  8275 W WindowOnBackDispatcher: sendCancelIfRunning: isInProgress=falsecallback=android.view.ViewRootImpl$$ExternalSyntheticLambda17@3a7a715
02-27 14:47:16.942   577  1650 W InputManager-JNI: Input channel object '7c39135 PopupWindow:8e91a1e (client)' was disposed without first being removed with the input manager!
02-27 14:47:16.947   577  2368 W WindowManager: Failed looking up window session=Session{4e8fe59 8275:u0a10192} callers=com.android.server.wm.WindowManagerService.windowForClientLocked:6034 com.android.server.wm.Session.setOnBackInvokedCallbackInfo:944 android.view.IWindowSession$Stub.onTransact:1145 
02-27 14:47:16.948   577  2368 I WindowManager: setOnBackInvokedCallback(): No window state for package:com.shifu.app
02-27 14:47:19.288   577  2368 D CoreBackPreview: Window{e3c5c17 u0 PopupWindow:ed04ef6}: Setting back callback OnBackInvokedCallbackInfo{mCallback=android.window.IOnBackInvokedCallback$Stub$Proxy@e91b1ed, mPriority=0, mIsAnimationCallback=false}
02-27 14:47:19.319  8275  8363 E OpenGLRenderer: Unable to match the desired swap behavior.
02-27 14:47:19.348  8275  8275 W WindowOnBackDispatcher: sendCancelIfRunning: isInProgress=falsecallback=android.view.ViewRootImpl$$ExternalSyntheticLambda17@866a3cd
02-27 14:47:19.348   577  1650 D CoreBackPreview: Window{e3c5c17 u0 PopupWindow:ed04ef6}: Setting back callback null
02-27 14:47:19.352   577  1650 W InputManager-JNI: Input channel object 'e3c5c17 PopupWindow:ed04ef6 (client)' was disposed without first being removed with the input manager!
02-27 14:47:25.027  1058  1058 I wpa_supplicant: wlan0: CTRL-EVENT-BEACON-LOSS 
02-27 14:47:26.029  1074  1074 D StatusBarIconController: ignoring old pipeline callbacks, because the new mobile icons are enabled
02-27 14:47:27.753     0     0 W healthd : battery l=100 v=5000 t=25.0 h=2 st=4 c=900000 fc=3000000 cc=10 chg=
02-27 14:47:32.963  1058  1058 I wpa_supplicant: wlan0: CTRL-EVENT-BEACON-LOSS 
02-27 14:47:36.027  1074  1074 D StatusBarIconController: ignoring old pipeline callbacks, because the new mobile icons are enabled
02-27 14:47:36.981   577  2368 D CoreBackPreview: Window{6e47fe9 u0 PopupWindow:f1e46ce}: Setting back callback OnBackInvokedCallbackInfo{mCallback=android.window.IOnBackInvokedCallback$Stub$Proxy@ff8b70f, mPriority=0, mIsAnimationCallback=false}
02-27 14:47:37.012  8275  8363 E OpenGLRenderer: Unable to match the desired swap behavior.
02-27 14:47:37.042  8275  8275 W WindowOnBackDispatcher: sendCancelIfRunning: isInProgress=falsecallback=android.view.ViewRootImpl$$ExternalSyntheticLambda17@6017f85
02-27 14:47:37.044   577  2368 D CoreBackPreview: Window{6e47fe9 u0 PopupWindow:f1e46ce}: Setting back callback null
02-27 14:47:37.046   577  2368 W InputManager-JNI: Input channel object '6e47fe9 PopupWindow:f1e46ce (client)' was disposed without first being removed with the input manager!
02-27 14:47:40.899  1058  1058 I wpa_supplicant: wlan0: CTRL-EVENT-BEACON-LOSS 
02-27 14:47:42.447   577  2368 D CoreBackPreview: Window{513b52b u0 PopupWindow:18861a6}: Setting back callback OnBackInvokedCallbackInfo{mCallback=android.window.IOnBackInvokedCallback$Stub$Proxy@f234321, mPriority=0, mIsAnimationCallback=false}
02-27 14:47:42.472  8275  8363 E OpenGLRenderer: Unable to match the desired swap behavior.
02-27 14:47:42.502  8275  8275 W WindowOnBackDispatcher: sendCancelIfRunning: isInProgress=falsecallback=android.view.ViewRootImpl$$ExternalSyntheticLambda17@2351a3d
02-27 14:47:42.503   577  2368 D CoreBackPreview: Window{513b52b u0 PopupWindow:18861a6}: Setting back callback null
02-27 14:47:42.506   577  2368 W InputManager-JNI: Input channel object '513b52b PopupWindow:18861a6 (client)' was disposed without first being removed with the input manager!
02-27 14:47:46.028  1074  1074 D StatusBarIconController: ignoring old pipeline callbacks, because the new mobile icons are enabled
02-27 14:47:48.836  1058  1058 I wpa_supplicant: wlan0: CTRL-EVENT-BEACON-LOSS 
02-27 14:47:56.029  1074  1074 D StatusBarIconController: ignoring old pipeline callbacks, because the new mobile icons are enabled
02-27 14:47:57.029  1058  1058 I wpa_supplicant: wlan0: CTRL-EVENT-BEACON-LOSS 
02-27 14:48:00.052  1945  2407 I AiAiEcho: Predicting[0]: 
02-27 14:48:00.053  1945  2407 I AiAiEcho: EchoTargets: 
02-27 14:48:00.053  1945  2407 I AiAiEcho: Filtered by AiAi flag check: 
02-27 14:48:00.054  1945  2407 I AiAiEcho: Ranked targets strategy: SORT, count: 0, ranking metadata: 
02-27 14:48:00.055  1945  2407 I AiAiEcho: #postPredictionTargets: Sending updates to UISurface lockscreen with targets# 0 (types=[])
02-27 14:48:00.059  1074  1137 D EGL_emulation: app_time_stats: avg=59998.89ms min=59998.89ms max=59998.89ms count=1
02-27 14:48:00.060  1074  1074 W PageIndicator: Total number of pages invalid: 0. Assuming 1 page.
02-27 14:48:04.841   577   681 I UsageStatsService: User[0] Flushing usage stats to disk
02-27 14:48:04.963  1058  1058 I wpa_supplicant: wlan0: CTRL-EVENT-BEACON-LOSS 
02-27 14:48:06.028  1074  1074 D StatusBarIconController: ignoring old pipeline callbacks, because the new mobile icons are enabled
02-27 14:48:07.195   577   764 W CpuMonitorService: Current CPU frequency (2454649) is greater than maximum CPU frequency (2) for policy ID (0). Skipping CPU frequency policy
02-27 14:48:07.195   577   764 W CpuMonitorService: Current CPU frequency (2396734) is greater than maximum CPU frequency (2) for policy ID (3). Skipping CPU frequency policy
02-27 14:48:12.899  1058  1058 I wpa_supplicant: wlan0: CTRL-EVENT-BEACON-LOSS 
02-27 14:48:16.031  1074  1074 D StatusBarIconController: ignoring old pipeline callbacks, because the new mobile icons are enabled
02-27 14:48:16.050  1074  1137 D EGL_emulation: app_time_stats: avg=15990.46ms min=15990.46ms max=15990.46ms count=1
02-27 14:48:20.834  1058  1058 I wpa_supplicant: wlan0: CTRL-EVENT-BEACON-LOSS 
02-27 14:48:26.027  1074  1074 D StatusBarIconController: ignoring old pipeline callbacks, because the new mobile icons are enabled
02-27 14:48:29.027  1058  1058 I wpa_supplicant: wlan0: CTRL-EVENT-BEACON-LOSS 
02-27 14:48:36.027  1074  1074 D StatusBarIconController: ignoring old pipeline callbacks, because the new mobile icons are enabled
02-27 14:48:36.964  1058  1058 I wpa_supplicant: wlan0: CTRL-EVENT-BEACON-LOSS 
02-27 14:48:37.431   577  1650 D WifiNl80211Manager: Scan result ready event
02-27 14:48:37.432   577  1650 D WifiNative: Scan result ready event
