02-27 14:50:31.808  8521  8555 I BugleRcsEngine: [50] broo.g: Created new RcsProvisioningProtoDataStorage for sim redacted-pii:sim_id[chars:20,last3:897]
02-27 14:50:31.828  8521  8555 I BugleRcsEngine: [50] brnl.h: No RCS Configuration was found in Bugle for simID: redacted-pii:sim_id[chars:20,last3:897]
02-27 14:50:31.829  8521  8555 I BugleRcsEngine: [50] brfq.d: (PEv2-SM-Bugle-3616735): start [null]
02-27 14:50:31.830  8521  8573 I BugleRcsEngine: [67] brfq.d: (PEv2-SM-Bugle-3616735): Enter EnabledState [null]
02-27 14:50:31.831  8521  8521 D CompatibilityChangeReporter: Compat change id reported: 119147584; UID 10131; state: ENABLED
02-27 14:50:31.854  8521  8573 W BugleRcsEngine: [67] bpxc.w: Unable to send diagnostic log
02-27 14:50:31.869  8521  8573 I BugleRcsEngine: [67] brds.c: Sending ProvisioningEvent to Bugle [Send Provisioning Session ID (18)], redacted-pii:[chars:65]
02-27 14:50:31.870  8521  8573 I BugleRcsEngine: [67] bsgz.b: EngineBroadcaster: Broadcasting provisioning intent com.google.android.ims.provisioning.engine.provisioningEventAction to Bugle with extras redacted-pii:[chars:223] from source PROVISIONING_EVENT
02-27 14:50:31.903  8521  8573 I BugleRcsEngine: [67] brfq.d: (PEv2-SM-Bugle-3616735): Start a new provisioning session [6041bc93-b79d-452e-8986-87ccaba084c6]
02-27 14:50:31.906  8521  8573 I BugleRcsEngine: [67] brnl.e: No RCS Configuration was found in Bugle for simID: redacted-pii:sim_id[chars:20,last3:897]
02-27 14:50:31.916  8521  8555 I BugleRcsProvisioning: RcsProvisioningEventReceiver: Received ProvisioningEvent: Send Provisioning Session ID
02-27 14:50:31.924  8521  8564 I Bugle   : BroadcastReceiverAsyncWorkTracker: Acknowledging broadcast of com.google.android.apps.messaging.shared.receiver.RcsProvisioningEventReceiver@b71cecf
02-27 14:50:31.926  8521  8573 I BugleRcsEngine: [67] brjv.b: RcsAvailabilityManager: Calculating Rcs Availability
02-27 14:50:31.963  8521  8573 I BugleRcsEngine: [67] brnl.C: Bugle is default SMS app: true
02-27 14:50:31.977  8521  8573 I BugleRcsEngine: [67] brjv.b: Bugle has minimum required RCS permissions: true
02-27 14:50:31.980  8521  8573 I BugleRcsEngine: [67] brnl.B: Rcs is enabled from user settings: true
02-27 14:50:31.980  8521  8573 I BugleRcsEngine: [67] brox.b: Using config server URL from bqas
02-27 14:50:31.984  8521  8573 I BugleRcsEngine: [67] brnl.e: No RCS Configuration was found in Bugle for simID: redacted-pii:sim_id[chars:20,last3:897]
02-27 14:50:32.004  8521  8573 I BugleRcsEngine: [67] brnl.h: No RCS Configuration was found in Bugle for simID: redacted-pii:sim_id[chars:20,last3:897]
02-27 14:50:32.010  8521  8573 I BugleRcsEngine: [67] brnl.e: No RCS Configuration was found in Bugle for simID: redacted-pii:sim_id[chars:20,last3:897]
02-27 14:50:32.033  8521  8573 I BugleRcsEngine: [67] brjv.b: Config state is not ACCEPTED, provisioning still in progress
02-27 14:50:32.035  8521  8573 I BugleRcsEngine: [67] brjv.b: RcsAvailabilityManager: Updating Rcs Availability to DISABLED_SIM_ABSENT (RCS is disabled due to SIM absent), sim id changed: true
02-27 14:50:32.036  8521  8573 I BugleRcsEngine: [67] brox.b: Using config server URL from bqas
02-27 14:50:32.041  8521  8573 W BugleRcsEngine: [67] bpxc.w: Unable to send diagnostic log
02-27 14:50:32.045  8521  8573 I BugleRcsEngine: [67] brds.c: Sending ProvisioningEvent to Bugle [Availability updated (12)], redacted-pii:[chars:144]
02-27 14:50:32.047  8521  8573 I BugleRcsEngine: [67] bsgz.b: EngineBroadcaster: Broadcasting provisioning intent com.google.android.ims.provisioning.engine.provisioningEventAction to Bugle with extras redacted-pii:[chars:302] from source PROVISIONING_EVENT
02-27 14:50:32.053  8521  8573 I BugleRcsEngine: [67] brjv.b: Sending ProvisioningEvent Internal [Availability updated (12)], redacted-pii:[chars:144]
02-27 14:50:32.058  8521  8561 I BugleRcsProvisioning: RcsProvisioningEventReceiver: Received ProvisioningEvent: Availability updated
02-27 14:50:32.058  8521  8561 I BugleRcsProvisioning: RcsProvisioningEventReceiver: Bugle receives rcs availability update to: 9
02-27 14:50:32.082  8521  8573 I BugleRcsEngine: [67] brfq.d: (PEv2-SM-Bugle-3616735): transitionViaMessage, srcState=EnabledState, destState = DisabledState [6041bc93-b79d-452e-8986-87ccaba084c6]
02-27 14:50:32.084  8521  8573 I BugleRcsEngine: [67] brds.c: Sending ProvisioningEvent to Bugle [Update provisioning status (11)], redacted-pii:[chars:85]
02-27 14:50:32.086  8521  8573 I BugleRcsEngine: [67] bsgz.b: EngineBroadcaster: Broadcasting provisioning intent com.google.android.ims.provisioning.engine.provisioningEventAction to Bugle with extras redacted-pii:[chars:243] from source PROVISIONING_EVENT
02-27 14:50:32.098  8521  8573 I BugleRcsEngine: [67] brfq.d: (PEv2-SM-Bugle-3616735): EnabledState: Transition to disabled [6041bc93-b79d-452e-8986-87ccaba084c6]
02-27 14:50:32.098  8521  8573 I BugleRcsEngine: [67] brfq.d: (PEv2-SM-Bugle-3616735): transitionTo: destState=DisabledState [6041bc93-b79d-452e-8986-87ccaba084c6]
02-27 14:50:32.099  8521  8573 I BugleRcsEngine: [67] brfq.d: (PEv2-SM-Bugle-3616735): onTransitionRequested EnabledState [6041bc93-b79d-452e-8986-87ccaba084c6]
02-27 14:50:32.103  8521  8573 I BugleRcsEngine: [67] brfq.d: (PEv2-SM-Bugle-3616735): Exit EnabledState [6041bc93-b79d-452e-8986-87ccaba084c6]
02-27 14:50:32.104  8521  8573 W BugleRcsEngine: [67] bpxc.w: Unable to send diagnostic log
02-27 14:50:32.105  8521  8573 I BugleRcsEngine: [67] brfq.d: (PEv2-SM-Bugle-3616735): Enter DisabledState [6041bc93-b79d-452e-8986-87ccaba084c6]
02-27 14:50:32.126  8521  8573 W BugleRcsEngine: [67] bpxc.w: Unable to send diagnostic log
02-27 14:50:32.131  8521  8573 I BugleRcsWorker: [seqId=0][workId=e4568305-8fbc-4d59-a35e-62334680b4a7] Received a provisioning state changed event from the provisioning engine RCS_DISABLED
02-27 14:50:32.137  8521  8573 I BugleRcsWorker: [seqId=0][workId=e4568305-8fbc-4d59-a35e-62334680b4a7] RCS is disabled, shutting down Provisioning Task
02-27 14:50:32.140  8521  8573 I BugleRcsWorker: [seqId=0][workId=e4568305-8fbc-4d59-a35e-62334680b4a7] finish provisioning task with result Success {mOutputData=Data {}}
02-27 14:50:32.143  8521  8573 I BugleRcsWorker: [seqId=0][workId=e4568305-8fbc-4d59-a35e-62334680b4a7] RCS provisioning task has finished with result Success {mOutputData=Data {}}
02-27 14:50:32.200  8521  8552 W BugleRcsEngine: [47] bpxc.w: Unable to send diagnostic log
02-27 14:50:32.311  8521  8560 I BugleRcsEngine: [55] brfq.d: (PEv2-SM-Bugle-3616735): quit [6041bc93-b79d-452e-8986-87ccaba084c6]
02-27 14:50:32.313  8521  8573 I BugleRcsEngine: [67] brds.c: Sending ProvisioningEvent to Bugle [Update provisioning status (11)], redacted-pii:[chars:85]
02-27 14:50:32.314  8521  8573 I BugleRcsEngine: [67] bsgz.b: EngineBroadcaster: Broadcasting provisioning intent com.google.android.ims.provisioning.engine.provisioningEventAction to Bugle with extras redacted-pii:[chars:243] from source PROVISIONING_EVENT
02-27 14:50:32.321  8521  8573 I BugleRcsEngine: [67] brjv.b: RcsAvailabilityManager: Calculating Rcs Availability
02-27 14:50:32.330  8521  8560 I WM-WorkerWrapper: Worker result SUCCESS for Work [ id=a7b5cad6-63a7-45a7-aad4-77e15d4f0681, tags={ com.google.android.apps.messaging.rcsprovisioning.RcsProvisioningListenableWorker, provisioning } ]
02-27 14:50:32.334  8521  8573 I BugleRcsEngine: [67] brnl.C: Bugle is default SMS app: true
02-27 14:50:32.340  8521  8573 I BugleRcsEngine: [67] brjv.b: Bugle has minimum required RCS permissions: true
02-27 14:50:32.345  8521  8573 I BugleRcsEngine: [67] brnl.B: Rcs is enabled from user settings: true
02-27 14:50:32.346  8521  8573 I BugleRcsEngine: [67] brox.b: Using config server URL from bqas
02-27 14:50:32.352  8521  8573 I BugleRcsEngine: [67] brnl.e: No RCS Configuration was found in Bugle for simID: redacted-pii:sim_id[chars:20,last3:897]
02-27 14:50:32.358  8521  8573 I BugleRcsEngine: [67] brnl.e: No RCS Configuration was found in Bugle for simID: redacted-pii:sim_id[chars:20,last3:897]
02-27 14:50:32.363  8521  8573 I BugleRcsEngine: [67] brjv.b: Config state is not ACCEPTED, provisioning still in progress
02-27 14:50:32.364  8521  8573 I BugleRcsEngine: [67] brjv.b: RcsAvailabilityManager: Rcs Availability still DISABLED_SIM_ABSENT (RCS is disabled due to SIM absent)
02-27 14:50:32.373  8521  8573 W BugleRcsEngine: [67] bpxc.w: Unable to send diagnostic log
02-27 14:50:32.374  8521  8560 I BugleRcsProvisioning: BugleSystemBindingManager: onBuglePhenotypeFlagChanged
02-27 14:50:32.375  8521  8573 W BugleRcsEngine: [67] bpxc.w: Unable to send diagnostic log
02-27 14:50:32.382  8521  8555 W BugleRcsEngine: [50] bpxc.w: Unable to send diagnostic log
02-27 14:50:32.391  8521  8551 I BugleRcsEngine: [46] bptz.run: SystemBindingManager: SystemBinding enabled: true
02-27 14:50:32.402  8521  8551 I BugleRcsEngine: [46] bpua.b: System Binding updated
02-27 14:50:32.402  8521  8573 I BugleRcsEngine: [67] brfq.d: (PEv2-SM-Bugle-3616735): transitionTo: destState=bqjk [null]
02-27 14:50:32.406  8521  8573 I BugleRcsEngine: [67] brfq.d: (PEv2-SM-Bugle-3616735): Exit DisabledState [null]
02-27 14:50:32.414  8521  8573 W BugleRcsEngine: [67] bpxc.w: Unable to send diagnostic log
02-27 14:50:32.423  8521  8573 W BugleRcsEngine: [67] brfq.e: (PEv2-SM-Bugle-3616735): onQuitting [null]
02-27 14:50:32.424  8521  8573 I BugleRcsEngine: [67] brjv.b: RcsAvailabilityManager: Calculating Rcs Availability
02-27 14:50:32.430  8521  8573 I BugleRcsEngine: [67] brnl.C: Bugle is default SMS app: true
02-27 14:50:32.432  8521  8573 I BugleRcsEngine: [67] brjv.b: Bugle has minimum required RCS permissions: true
02-27 14:50:32.434  8521  8573 I BugleRcsEngine: [67] brnl.B: Rcs is enabled from user settings: true
02-27 14:50:32.435  8521  8573 I BugleRcsEngine: [67] brox.b: Using config server URL from bqas
02-27 14:50:32.439  8521  8579 W BugleRcsEngine: [73] bpxc.w: Unable to send diagnostic log
02-27 14:50:32.441  8521  8573 I BugleRcsEngine: [67] brnl.e: No RCS Configuration was found in Bugle for simID: redacted-pii:sim_id[chars:20,last3:897]
02-27 14:50:32.444  8521  8573 I BugleRcsEngine: [67] brnl.e: No RCS Configuration was found in Bugle for simID: redacted-pii:sim_id[chars:20,last3:897]
02-27 14:50:32.455  8521  8573 I BugleRcsEngine: [67] brjv.b: Config state is not ACCEPTED, provisioning still in progress
02-27 14:50:32.462  8521  8573 I BugleRcsEngine: [67] brjv.b: RcsAvailabilityManager: Rcs Availability still DISABLED_SIM_ABSENT (RCS is disabled due to SIM absent)
02-27 14:50:32.526  8521  8560 I BugleTransport: onBuglePhenotypeFlagChanged: kicking off updateActiveTransport
02-27 14:50:32.534  8521  8578 W BugleAction: Failed to get msisdn from Bugle
02-27 14:50:32.535  8521  8578 I Bugle   : RcsAvailabilityUtilForProvisioningEngineV2: updateAvailabilityAsync, hint: NO_HINT
02-27 14:50:32.540  8521  8578 I BugleRcsProvisioning: RcsAvailabilityUpdaterLocal: updateAvailabilityAsync: scheduling updateRcsAvailability call, hint: NO_HINT, enableWelcomePopupWithoutGoogleTos: false, reshowSuccessPopup: false
02-27 14:50:32.541  8521  8578 W BugleAction: Failed to get msisdn from RcsProfileService
02-27 14:50:32.543  8521  8578 W BugleAction: cksi: Jibe SDK Service not available. Is the Jibe SDK service running? Did you call connect() and wait for the notification before calling an API function?
02-27 14:50:32.543  8521  8578 W BugleAction: 	at cksa.b(PG:2)
02-27 14:50:32.543  8521  8578 W BugleAction: 	at com.google.android.rcs.client.profile.RcsProfileService.g(PG:1)
02-27 14:50:32.543  8521  8578 W BugleAction: 	at com.google.android.rcs.client.profile.RcsProfileService.getMsisdn(PG:3)
02-27 14:50:32.543  8521  8578 W BugleAction: 	at awsw.aj(PG:17)
02-27 14:50:32.543  8521  8578 W BugleAction: 	at awsw.z(PG:2)
02-27 14:50:32.543  8521  8578 W BugleAction: 	at aule.k(PG:1)
02-27 14:50:32.543  8521  8578 W BugleAction: 	at aulc.call(Unknown Source:2)
02-27 14:50:32.543  8521  8578 W BugleAction: 	at cnsg.a(PG:1)
02-27 14:50:32.543  8521  8578 W BugleAction: 	at cnpm.a(PG:3)
02-27 14:50:32.543  8521  8578 W BugleAction: 	at ctfv.a(PG:1)
02-27 14:50:32.543  8521  8578 W BugleAction: 	at ctet.run(PG:4)
02-27 14:50:32.543  8521  8578 W BugleAction: 	at ctfx.run(PG:1)
02-27 14:50:32.543  8521  8578 W BugleAction: 	at bxfd.run(PG:1)
02-27 14:50:32.543  8521  8578 W BugleAction: 	at java.util.concurrent.ThreadPoolExecutor.runWorker(ThreadPoolExecutor.java:1145)
02-27 14:50:32.543  8521  8578 W BugleAction: 	at java.util.concurrent.ThreadPoolExecutor$Worker.run(ThreadPoolExecutor.java:644)
02-27 14:50:32.543  8521  8578 W BugleAction: 	at bxef.run(PG:2)
02-27 14:50:32.543  8521  8578 W BugleAction: 	at java.lang.Thread.run(Thread.java:1012)
02-27 14:50:32.543  8521  8578 W BugleAction: 	at bxfj.run(PG:5)
02-27 14:50:32.544  8521  8577 W BugleRcsEngine: [71] brcu.d: [SR]: Single Registration is disabled. Skipping Single Registration capability check for subId: 1, OS.isAtLeastS:[true], enableSingleRegistrationProvisioning:[false]
02-27 14:50:32.545  8521  8577 I BugleRcsEngine: [71] brnl.e: No RCS Configuration was found in Bugle for simID: redacted-pii:sim_id[chars:20,last3:897]
02-27 14:50:32.545  8521  8577 I BugleRcsProvisioning: RcsAvailabilityUpdaterLocal: RcsAvailability configuration availability and enabled status: simId: redacted-pii:sim_id[chars:20,last3:897], SipConnectionType: DUAL_REG, isConfigurationAvailableAndEnabled: false
02-27 14:50:32.546  8521  8577 I BugleRcsProvisioning: RcsAvailabilityUpdaterLocal: updateRcsAvailability, currentAvailability: 1, newAvailability: 9, hint: NO_HINT
02-27 14:50:32.551  8521  8568 I BugleTransport: isChatAvailable: RcsAvailability is DISABLED_SIM_ABSENT (RCS is disabled due to SIM absent)
02-27 14:50:32.560  8275  8374 D TrafficStats: tagSocket(86) with statsTag=0xffffffff, statsUid=-1
02-27 14:50:32.560  8521  8561 W BugleRcsEngine: [56] brcu.d: [SR]: Single Registration is disabled. Skipping Single Registration capability check for subId: 1, OS.isAtLeastS:[true], enableSingleRegistrationProvisioning:[false]
02-27 14:50:32.563  8521  8561 I BugleRcsEngine: [56] brnl.e: No RCS Configuration was found in Bugle for simID: redacted-pii:sim_id[chars:20,last3:897]
02-27 14:50:32.564  8521  8561 I BugleRcsProvisioning: RcsAvailabilityUpdaterLocal: RcsAvailability configuration availability and enabled status: simId: redacted-pii:sim_id[chars:20,last3:897], SipConnectionType: DUAL_REG, isConfigurationAvailableAndEnabled: false
02-27 14:50:32.565  8521  8561 I BugleRcsProvisioning: RcsAvailabilityUpdaterLocal: updateRcsAvailability, currentAvailability: 1, newAvailability: 9, hint: NO_HINT
02-27 14:50:32.566  8521  8579 W BugleRcsEngine: [73] brcu.d: [SR]: Single Registration is disabled. Skipping Single Registration capability check for subId: 1, OS.isAtLeastS:[true], enableSingleRegistrationProvisioning:[false]
02-27 14:50:32.567  8521  8579 I BugleRcsEngine: [73] brnl.e: No RCS Configuration was found in Bugle for simID: redacted-pii:sim_id[chars:20,last3:897]
02-27 14:50:32.569  8521  8579 I BugleRcsProvisioning: RcsAvailabilityUpdaterLocal: RcsAvailability configuration availability and enabled status: simId: redacted-pii:sim_id[chars:20,last3:897], SipConnectionType: DUAL_REG, isConfigurationAvailableAndEnabled: false
02-27 14:50:32.569  8521  8579 I BugleRcsProvisioning: RcsAvailabilityUpdaterLocal: updateRcsAvailability, currentAvailability: 9, newAvailability: 9, hint: NO_HINT
02-27 14:50:32.572  8521  8564 I Bugle   : BroadcastReceiverAsyncWorkTracker: Acknowledging broadcast of com.google.android.apps.messaging.shared.receiver.RcsProvisioningEventReceiver@a98ed68
02-27 14:50:32.581  8521  8578 W SubscriptionMetadataUti: Bugle: SubscriptionMetadataUtils get: unexpected subId = -2, replacing with -1
02-27 14:50:32.581  8521  8578 W SubscriptionMetadataUti: cpwb: FULL
02-27 14:50:32.581  8521  8578 W SubscriptionMetadataUti: 	at bdsy.h(PG:6)
02-27 14:50:32.581  8521  8578 W SubscriptionMetadataUti: 	at bdvp.a(PG:1)
02-27 14:50:32.581  8521  8578 W SubscriptionMetadataUti: 	at bgit.<init>(PG:1)
02-27 14:50:32.581  8521  8578 W SubscriptionMetadataUti: 	at bgiu.a(PG:1)
02-27 14:50:32.581  8521  8578 W SubscriptionMetadataUti: 	at awsw.ai(PG:3)
02-27 14:50:32.581  8521  8578 W SubscriptionMetadataUti: 	at awsw.aj(PG:25)
02-27 14:50:32.581  8521  8578 W SubscriptionMetadataUti: 	at awsw.z(PG:2)
02-27 14:50:32.581  8521  8578 W SubscriptionMetadataUti: 	at aule.k(PG:1)
02-27 14:50:32.581  8521  8578 W SubscriptionMetadataUti: 	at aulc.call(Unknown Source:2)
02-27 14:50:32.581  8521  8578 W SubscriptionMetadataUti: 	at cnsg.a(PG:1)
02-27 14:50:32.581  8521  8578 W SubscriptionMetadataUti: 	at cnpm.a(PG:3)
02-27 14:50:32.581  8521  8578 W SubscriptionMetadataUti: 	at ctfv.a(PG:1)
02-27 14:50:32.581  8521  8578 W SubscriptionMetadataUti: 	at ctet.run(PG:4)
02-27 14:50:32.581  8521  8578 W SubscriptionMetadataUti: 	at ctfx.run(PG:1)
02-27 14:50:32.581  8521  8578 W SubscriptionMetadataUti: 	at bxfd.run(PG:1)
02-27 14:50:32.581  8521  8578 W SubscriptionMetadataUti: 	at java.util.concurrent.ThreadPoolExecutor.runWorker(ThreadPoolExecutor.java:1145)
02-27 14:50:32.581  8521  8578 W SubscriptionMetadataUti: 	at java.util.concurrent.ThreadPoolExecutor$Worker.run(ThreadPoolExecutor.java:644)
02-27 14:50:32.581  8521  8578 W SubscriptionMetadataUti: 	at bxef.run(PG:2)
02-27 14:50:32.581  8521  8578 W SubscriptionMetadataUti: 	at java.lang.Thread.run(Thread.java:1012)
02-27 14:50:32.581  8521  8578 W SubscriptionMetadataUti: 	at bxfj.run(PG:5)
02-27 14:50:32.583  8521  8578 I Bugle   : TelephonyManagerFactory: Returning per-subscription TelephonyManager (>= N) subscription{id:-1}
02-27 14:50:32.592  8521  8561 I BugleRcsProvisioning: RcsProvisioningEventReceiver: Received ProvisioningEvent: Update provisioning status
02-27 14:50:32.597  8521  8569 I Bugle   : BroadcastReceiverAsyncWorkTracker: Acknowledging broadcast of com.google.android.apps.messaging.shared.receiver.RcsProvisioningEventReceiver@6ec5eb2
02-27 14:50:32.608  8521  8578 I BugleBackup: Registering preference change listener for "buglesub_-1".
02-27 14:50:32.612  8521  8568 I BugleRcsProvisioning: RcsProvisioningEventReceiver: Received ProvisioningEvent: Update provisioning status
02-27 14:50:32.616  8521  8569 I Bugle   : BroadcastReceiverAsyncWorkTracker: Acknowledging broadcast of com.google.android.apps.messaging.shared.receiver.RcsProvisioningEventReceiver@291375f
02-27 14:50:32.627  8521  8578 W SubscriptionMetadataUti: Bugle: SubscriptionMetadataUtils get: unexpected subId = -2, replacing with -1
02-27 14:50:32.627  8521  8578 W SubscriptionMetadataUti: cpwb: FULL
02-27 14:50:32.627  8521  8578 W SubscriptionMetadataUti: 	at bdsy.h(PG:6)
02-27 14:50:32.627  8521  8578 W SubscriptionMetadataUti: 	at bgit.<init>(PG:2)
02-27 14:50:32.627  8521  8578 W SubscriptionMetadataUti: 	at bgiu.a(PG:1)
02-27 14:50:32.627  8521  8578 W SubscriptionMetadataUti: 	at awsw.ai(PG:3)
02-27 14:50:32.627  8521  8578 W SubscriptionMetadataUti: 	at awsw.aj(PG:25)
02-27 14:50:32.627  8521  8578 W SubscriptionMetadataUti: 	at awsw.z(PG:2)
02-27 14:50:32.627  8521  8578 W SubscriptionMetadataUti: 	at aule.k(PG:1)
02-27 14:50:32.627  8521  8578 W SubscriptionMetadataUti: 	at aulc.call(Unknown Source:2)
02-27 14:50:32.627  8521  8578 W SubscriptionMetadataUti: 	at cnsg.a(PG:1)
02-27 14:50:32.627  8521  8578 W SubscriptionMetadataUti: 	at cnpm.a(PG:3)
02-27 14:50:32.627  8521  8578 W SubscriptionMetadataUti: 	at ctfv.a(PG:1)
02-27 14:50:32.627  8521  8578 W SubscriptionMetadataUti: 	at ctet.run(PG:4)
02-27 14:50:32.627  8521  8578 W SubscriptionMetadataUti: 	at ctfx.run(PG:1)
02-27 14:50:32.627  8521  8578 W SubscriptionMetadataUti: 	at bxfd.run(PG:1)
02-27 14:50:32.627  8521  8578 W SubscriptionMetadataUti: 	at java.util.concurrent.ThreadPoolExecutor.runWorker(ThreadPoolExecutor.java:1145)
02-27 14:50:32.627  8521  8578 W SubscriptionMetadataUti: 	at java.util.concurrent.ThreadPoolExecutor$Worker.run(ThreadPoolExecutor.java:644)
02-27 14:50:32.627  8521  8578 W SubscriptionMetadataUti: 	at bxef.run(PG:2)
02-27 14:50:32.627  8521  8578 W SubscriptionMetadataUti: 	at java.lang.Thread.run(Thread.java:1012)
02-27 14:50:32.627  8521  8578 W SubscriptionMetadataUti: 	at bxfj.run(PG:5)
02-27 14:50:32.647  8521  8552 W Bugle   : TextClassifierLibManagerImpl: Reclaiming memory at level: 40
02-27 14:50:32.648  8521  8578 W SubscriptionMetadataUti: Bugle: SubscriptionMetadataUtils get: unexpected subId = -2, replacing with -1
02-27 14:50:32.648  8521  8578 W SubscriptionMetadataUti: cpwb: FULL
02-27 14:50:32.648  8521  8578 W SubscriptionMetadataUti: 	at bdsy.h(PG:6)
02-27 14:50:32.648  8521  8578 W SubscriptionMetadataUti: 	at awsw.ai(PG:18)
02-27 14:50:32.648  8521  8578 W SubscriptionMetadataUti: 	at awsw.aj(PG:25)
02-27 14:50:32.648  8521  8578 W SubscriptionMetadataUti: 	at awsw.z(PG:2)
02-27 14:50:32.648  8521  8578 W SubscriptionMetadataUti: 	at aule.k(PG:1)
02-27 14:50:32.648  8521  8578 W SubscriptionMetadataUti: 	at aulc.call(Unknown Source:2)
02-27 14:50:32.648  8521  8578 W SubscriptionMetadataUti: 	at cnsg.a(PG:1)
02-27 14:50:32.648  8521  8578 W SubscriptionMetadataUti: 	at cnpm.a(PG:3)
02-27 14:50:32.648  8521  8578 W SubscriptionMetadataUti: 	at ctfv.a(PG:1)
02-27 14:50:32.648  8521  8578 W SubscriptionMetadataUti: 	at ctet.run(PG:4)
02-27 14:50:32.648  8521  8578 W SubscriptionMetadataUti: 	at ctfx.run(PG:1)
02-27 14:50:32.648  8521  8578 W SubscriptionMetadataUti: 	at bxfd.run(PG:1)
02-27 14:50:32.648  8521  8578 W SubscriptionMetadataUti: 	at java.util.concurrent.ThreadPoolExecutor.runWorker(ThreadPoolExecutor.java:1145)
02-27 14:50:32.648  8521  8578 W SubscriptionMetadataUti: 	at java.util.concurrent.ThreadPoolExecutor$Worker.run(ThreadPoolExecutor.java:644)
02-27 14:50:32.648  8521  8578 W SubscriptionMetadataUti: 	at bxef.run(PG:2)
02-27 14:50:32.648  8521  8578 W SubscriptionMetadataUti: 	at java.lang.Thread.run(Thread.java:1012)
02-27 14:50:32.648  8521  8578 W SubscriptionMetadataUti: 	at bxfj.run(PG:5)
02-27 14:50:32.649  8521  8578 I Bugle   : SubscriptionUtilsAsOfLMR1: getActiveSubscriptionInfo(): empty sub info for subscription{id:-1}
02-27 14:50:32.649  8521  8578 I Bugle   : SubscriptionUtilsAsOfLMR1: getActiveSubscriptionInfo(): empty sub info for subscription{id:-1}
02-27 14:50:32.650  8521  8578 W Bugle   : SubscriptionUtilsAsOfLMR1: getSelfRawNumber: subInfo is null for subscription{id:-1}
02-27 14:50:32.655  8521  8578 I BugleBackup: Registering preference change listener for "buglesub_1".
02-27 14:50:32.664  8521  8578 W BugleAction: No default number, returning empty msisdn
02-27 14:50:32.668  8521  8568 I BugleTransport: updateActiveTransport: refreshing chat transport
02-27 14:50:32.679  8521  8568 I BugleRcsEngine: [62] brnl.h: No RCS Configuration was found in Bugle for simID: redacted-pii:sim_id[chars:20,last3:897]
02-27 14:50:32.684  8521  8568 I BugleTransport: Tachygram is disabled because the RCS Configuration is empty [CONTEXT ratelimit_period="5 SECONDS" ]
02-27 14:50:32.687  8521  8568 I BugleTransport: Enabled chat transport is TRANSPORT_RCS [CONTEXT group_by="TRANSPORT_RCS" ratelimit_period="5 SECONDS" ]
02-27 14:50:32.689  8521  8568 I BugleTransport: refreshChatTransport: isChatAvailable: false, enabledTransport: 1, configuration: <empty>
02-27 14:50:32.721  8521  8568 I RcsClientLib: Connecting RcsEngineLifecycleService
02-27 14:50:32.723  8521  8568 W RcsClientLib: No CS.apk RCS service found. Is RCS running in Bugle?
02-27 14:50:32.727  8521  8568 I RcsClientLib: shouldUseCarrierServicesJibeService: false, CarrierServices rcs service found: false
02-27 14:50:32.742  8521  8568 I RcsClientLib: com.google.android.rcs.client.lifecycle.RcsEngineLifecycleService connected
02-27 14:50:32.813  5013  5036 I BugleRcsEngine: [38] RcsEngineImpl.triggerStopRcsStack: RcsEngineImpl[DUAL_REG]:[22a971f2-c6a7]: triggerStopRcsStack for msisdn:redacted-pii:phone_number[chars:0,last2:]
02-27 14:50:32.825  8521  8569 I RcsClientLib: Disconnecting RcsEngineLifecycleService
02-27 14:50:32.831  5013  5484 I BugleRcsEngine: [83] brqh.handleMessage: RcsEngineImpl[DUAL_REG]:[22a971f2-c6a7]>Handler: handleMessage processing message:[STOP_RCS_STACK] with [non-null]:RcsEngineImpl reference
02-27 14:50:32.832  5013  5484 I BugleRcsEngine: [83] brqh.handleMessage: RcsEngineImpl[DUAL_REG]:[22a971f2-c6a7]>Handler: RCS engine STOP RCS stack
02-27 14:50:32.836  5013  5484 W BugleRcsEngine: [83] RcsEngineImpl.e: RcsEngineImpl[DUAL_REG]:[22a971f2-c6a7]: imsModule is null, shutdown not required
02-27 14:50:32.839  5013  5484 I BugleRcsEngine: [83] RcsEngineImpl.stopRcsStackInternal: RcsEngineImpl[DUAL_REG]:[22a971f2-c6a7]: skipping imsModule.stop
02-27 14:50:32.840  5013  5484 I BugleRcsEngine: [83] brqh.handleMessage: RcsEngineImpl[DUAL_REG]:[22a971f2-c6a7]>Handler: handleMessage processing message:[NOTIFY_UPTIME_IGNORE_STATE_CHANGED] with [non-null]:RcsEngineImpl reference
02-27 14:50:32.898  8275  8373 D TrafficStats: tagSocket(87) with statsTag=0xffffffff, statsUid=-1
02-27 14:50:32.918  5013  5484 I BugleRcsEngine: [83] brnl.h: No RCS Configuration was found in Bugle for simID: redacted-pii:sim_id[chars:20,last3:897]
02-27 14:50:34.559  1074  1074 D StatusBarIconController: ignoring old pipeline callback because the new wifi icon is enabled
02-27 14:50:35.371  7599  7609 W id.gms.unstable: Reducing the number of considered missed Gc histogram windows from 110 to 100
02-27 14:50:36.035  1074  1074 D StatusBarIconController: ignoring old pipeline callbacks, because the new mobile icons are enabled
02-27 14:50:37.032  1058  1058 I wpa_supplicant: wlan0: CTRL-EVENT-BEACON-LOSS 
02-27 14:50:37.568  1074  1074 D StatusBarIconController: ignoring old pipeline callback because the new wifi icon is enabled
02-27 14:50:38.321  8521  8539 V ClearcutMetricXmitter: Transmission is done.
02-27 14:50:38.324  8521  8539 V ClearcutMetricXmitter: Transmission is done.
02-27 14:50:40.579  1074  1074 D StatusBarIconController: ignoring old pipeline callback because the new wifi icon is enabled
02-27 14:50:42.908  8275  8275 I ReactNativeJNI: Error occurred, shutting down websocket connection: WebSocket exception failed to connect to /10.0.2.2 (port 8081) from /10.0.2.16 (port 38858) after 10000ms
02-27 14:50:43.590  1074  1074 D StatusBarIconController: ignoring old pipeline callback because the new wifi icon is enabled
02-27 14:50:44.577  8275  8374 D TrafficStats: tagSocket(86) with statsTag=0xffffffff, statsUid=-1
02-27 14:50:44.913  8275  8373 D TrafficStats: tagSocket(87) with statsTag=0xffffffff, statsUid=-1
02-27 14:50:44.962  1058  1058 I wpa_supplicant: wlan0: CTRL-EVENT-BEACON-LOSS 
02-27 14:50:45.180   577   768 D ActivityManager: freezing 7599 com.google.android.gms.unstable
02-27 14:50:46.042  1074  1074 D StatusBarIconController: ignoring old pipeline callbacks, because the new mobile icons are enabled
02-27 14:50:46.084  8521  8560 I Bugle   : BugleStartup: Registering SIM change receiver...
02-27 14:50:46.100  8521  8560 I Bugle   : BugleStartup: Updating app config...
02-27 14:50:46.124  8521  8560 I Bugle   : BugleStartup: Done with SIM change receiver & app config.
02-27 14:50:46.125  8521  8560 I Bugle   : BugleStartup: Handling shared prefs upgrade & Load MMS Configuration...
02-27 14:50:46.168  8521  8578 I Bugle   : BugleStartup: Initializing RCS availability...
02-27 14:50:46.170  8521  8578 I Bugle   : RcsAvailabilityUtilForProvisioningEngineV2: updateAvailabilityAsync, hint: NO_HINT
02-27 14:50:46.171  8521  8578 I BugleRcsProvisioning: RcsAvailabilityUpdaterLocal: updateAvailabilityAsync: scheduling updateRcsAvailability call, hint: NO_HINT, enableWelcomePopupWithoutGoogleTos: false, reshowSuccessPopup: false
02-27 14:50:46.172  8521  8578 I Bugle   : BugleStartup: Done with RCS availability.
02-27 14:50:46.172  8521  8578 I Bugle   : BugleStartup: Done initializing with enabled individual init failures.
02-27 14:50:46.173  8521  8585 I BugleRcsEngine: [77] bscg.c: do not delay first event
02-27 14:50:46.179  8521  8561 W BugleRcsEngine: [56] brcu.d: [SR]: Single Registration is disabled. Skipping Single Registration capability check for subId: 1, OS.isAtLeastS:[true], enableSingleRegistrationProvisioning:[false]
02-27 14:50:46.181  8521  8561 I BugleRcsEngine: [56] brnl.e: No RCS Configuration was found in Bugle for simID: redacted-pii:sim_id[chars:20,last3:897]
02-27 14:50:46.183  8521  8561 I BugleRcsProvisioning: RcsAvailabilityUpdaterLocal: RcsAvailability configuration availability and enabled status: simId: redacted-pii:sim_id[chars:20,last3:897], SipConnectionType: DUAL_REG, isConfigurationAvailableAndEnabled: false
02-27 14:50:46.193  8521  8552 I BugleRcsEngine: [47] bscg.c: SIM state event delay enabled: attempts 0, maxAttempts 3, delaySeconds 90 MSIM delayseconds 90, effective delay seconds 90
02-27 14:50:46.195  8521  8552 I BugleRcsEngine: [47] bscg.c: posted simEventProcessTask to handler with delay 90
02-27 14:50:46.199  8521  8552 I BugleRcsEngine: [47] bscd.d: (Sim): delay SIM event: android.intent.action.SIM_STATE_CHANGED, LOADED
02-27 14:50:46.199  8521  8568 W Bugle   : BuglePhoneNumberUtils: canonicalizeMccMnc: invalid mccmnc. mcc: null, mnc: null
02-27 14:50:46.204  8521  8585 I BugleRcsEngine: [77] bscd.o: (Sim): Processing an intent
02-27 14:50:46.204  8521  8585 I BugleRcsEngine: [77] bscd.z: (Sim): SIM state LOADED
02-27 14:50:46.205  8521  8532 I .apps.messaging: Background concurrent copying GC freed 86869(4759KB) AllocSpace objects, 47(2036KB) LOS objects, 49% free, 5773KB/11MB, paused 4.664ms,216us total 199.681ms
02-27 14:50:46.226  8521  8585 I BugleRcsEngine: [77] bscd.z: (Sim): SIM changed: false. current id: redacted-pii:sim_id[chars:20,last3:897]; stored id: redacted-pii:sim_id[chars:20,last3:897]; isFiDevice: false; subId: 1; slotIndex: 0
02-27 14:50:46.280  7893  7893 D BoundBrokerSvc: onBind: Intent { act=com.google.android.gms.pseudonymous.service.START pkg=com.google.android.gms }
02-27 14:50:46.282  7893  7893 D BoundBrokerSvc: Loading bound service for intent: Intent { act=com.google.android.gms.pseudonymous.service.START pkg=com.google.android.gms }
02-27 14:50:46.317  8521  8585 I BugleRcsEngine: [77] bscd.z: (Sim): Skipping writing subId because this is main bugle process.
02-27 14:50:46.321  8521  8585 I BugleRcsEngine: [77] bscd.z: (Sim): Updated SIM info: currentSimId: redacted-pii:sim_id[chars:20,last3:897]; imsi: redacted-pii:imsi[chars:15]; rawMsisdn: redacted-pii:phone_number[chars:12,last2:67]; formattedMsisdn: redacted-pii:phone_number[chars:0,last2:]; mccmnc: redacted-pii:sim_operator[chars:6]; gid1: redacted-pii:sim_gid[chars:0]; isFiDevice: false; subId: 1; slotIndex: 0
02-27 14:50:46.337  8521  8585 I BugleRcsEngine: [77] bscd.I: (Sim): Broadcasting Intent { act=com.google.android.ims.SIM_LOADED (has extras) }
02-27 14:50:46.351  8521  8521 I Bugle   : SimChangeReceiver: action: com.google.android.ims.SIM_LOADED
02-27 14:50:46.353  8521  8578 I BugleJobs: Starts to observe table change.
02-27 14:50:46.357  8521  8561 I BugleRcsEngine: [56] brox.b: Using config server URL from bqas
02-27 14:50:46.358  8521  8561 I BugleRcsProvisioning: RcsAvailabilityUpdaterLocal: RcsAvailability subscription{id:1}, simId: redacted-pii:sim_id[chars:20,last3:897], sipConnectionType: DUAL_REG, isRcsAvailable: false
02-27 14:50:46.358  8521  8561 I BugleRcsProvisioning: RcsAvailabilityUpdaterLocal: updateRcsAvailability, currentAvailability: 9, newAvailability: 10, hint: NO_HINT
02-27 14:50:46.402  8521  8568 I Bugle   : RcsAvailabilityUtilForProvisioningEngineV2: updateAvailabilityAsync, hint: NO_HINT
02-27 14:50:46.404  8521  8568 I BugleRcsProvisioning: RcsAvailabilityUpdaterLocal: updateAvailabilityAsync: scheduling updateRcsAvailability call, hint: NO_HINT, enableWelcomePopupWithoutGoogleTos: false, reshowSuccessPopup: false
02-27 14:50:46.420  8521  8552 I BugleJobs: Icing index repair service is not scheduled. [CONTEXT class_name="IcingMonitoringUtils" ]
02-27 14:50:46.420  8521  8577 W BugleRcsEngine: [71] brcu.d: [SR]: Single Registration is disabled. Skipping Single Registration capability check for subId: 1, OS.isAtLeastS:[true], enableSingleRegistrationProvisioning:[false]
02-27 14:50:46.423  8521  8577 I BugleRcsEngine: [71] brnl.e: No RCS Configuration was found in Bugle for simID: redacted-pii:sim_id[chars:20,last3:897]
02-27 14:50:46.425  8521  8577 I BugleRcsProvisioning: RcsAvailabilityUpdaterLocal: RcsAvailability configuration availability and enabled status: simId: redacted-pii:sim_id[chars:20,last3:897], SipConnectionType: DUAL_REG, isConfigurationAvailableAndEnabled: false
02-27 14:50:46.427  8521  8577 I BugleRcsEngine: [71] brox.b: Using config server URL from bqas
02-27 14:50:46.427  8521  8577 I BugleRcsProvisioning: RcsAvailabilityUpdaterLocal: RcsAvailability subscription{id:1}, simId: redacted-pii:sim_id[chars:20,last3:897], sipConnectionType: DUAL_REG, isRcsAvailable: false
02-27 14:50:46.427  8521  8577 I BugleRcsProvisioning: RcsAvailabilityUpdaterLocal: updateRcsAvailability, currentAvailability: 10, newAvailability: 10, hint: NO_HINT
02-27 14:50:46.428  8521  8579 W DynamiteModule: Local module descriptor class for com.google.android.gms.providerinstaller.dynamite not found.
02-27 14:50:46.460  7893  7924 W ProviderHelper: Unknown dynamite feature providerinstaller.dynamite
02-27 14:50:46.470  8521  8579 I DynamiteModule: Considering local module com.google.android.gms.providerinstaller.dynamite:0 and remote module com.google.android.gms.providerinstaller.dynamite:0
02-27 14:50:46.470  8521  8579 W ProviderInstaller: Failed to load providerinstaller module: No acceptable module com.google.android.gms.providerinstaller.dynamite found. Local version is 0 and remote version is 0.
02-27 14:50:46.485  8521  8564 I Forking : Starting analysis.
02-27 14:50:46.488  8521  8564 I Misthreading: Starting analysis.
02-27 14:50:46.493  8521  8521 W BugleRcsEngine: [2] bpxk.i: Unable to send RCS extension log
02-27 14:50:46.610  1074  1074 D StatusBarIconController: ignoring old pipeline callback because the new wifi icon is enabled
02-27 14:50:46.621   577  2113 D ConnectivityService: requestNetwork for uid/pid:10131/8521 activeRequest: null callbackRequest: 196 [NetworkRequest [ REQUEST id=197, [ Capabilities: INTERNET&NOT_RESTRICTED&TRUSTED&NOT_VCN_MANAGED Uid: 10131 RequestorUid: 10131 RequestorPkg: com.google.android.apps.messaging UnderlyingNetworks: Null] ]] callback flags: 0 order: 2147483647
02-27 14:50:46.629   577   988 D WifiNetworkFactory: got request NetworkRequest [ REQUEST id=197, [ Capabilities: INTERNET&NOT_RESTRICTED&TRUSTED&NOT_VCN_MANAGED Uid: 10131 RequestorUid: 10131 RequestorPkg: com.google.android.apps.messaging UnderlyingNetworks: Null] ]
02-27 14:50:46.630   577   988 D UntrustedWifiNetworkFactory: got request NetworkRequest [ REQUEST id=197, [ Capabilities: INTERNET&NOT_RESTRICTED&TRUSTED&NOT_VCN_MANAGED Uid: 10131 RequestorUid: 10131 RequestorPkg: com.google.android.apps.messaging UnderlyingNetworks: Null] ]
02-27 14:50:46.630   577   988 D OemPaidWifiNetworkFactory: got request NetworkRequest [ REQUEST id=197, [ Capabilities: INTERNET&NOT_RESTRICTED&TRUSTED&NOT_VCN_MANAGED Uid: 10131 RequestorUid: 10131 RequestorPkg: com.google.android.apps.messaging UnderlyingNetworks: Null] ]
02-27 14:50:46.632   577   988 D MultiInternetWifiNetworkFactory: got request NetworkRequest [ REQUEST id=197, [ Capabilities: INTERNET&NOT_RESTRICTED&TRUSTED&NOT_VCN_MANAGED Uid: 10131 RequestorUid: 10131 RequestorPkg: com.google.android.apps.messaging UnderlyingNetworks: Null] ]
02-27 14:50:46.633   577   995 D ConnectivityService: NetReassign [197 : null ÔåÆ 100] [c 1] [a 4] [i 3]
02-27 14:50:46.707  8521  8579 D nativeloader: Configuring clns-8 for other apk /system/framework/com.android.media.remotedisplay.jar. target_sdk_version=33, uses_libraries=ALL, library_path=/product/priv-app/PrebuiltGmsCore/lib/x86_64:/product/priv-app/PrebuiltGmsCore/PrebuiltGmsCore.apk!/lib/x86_64, permitted_path=/data:/mnt/expand:/data/user/0/com.google.android.gms
02-27 14:50:46.737  8521  8579 D nativeloader: Configuring clns-9 for other apk /system/framework/com.android.location.provider.jar. target_sdk_version=33, uses_libraries=ALL, library_path=/product/priv-app/PrebuiltGmsCore/lib/x86_64:/product/priv-app/PrebuiltGmsCore/PrebuiltGmsCore.apk!/lib/x86_64, permitted_path=/data:/mnt/expand:/data/user/0/com.google.android.gms
02-27 14:50:46.750  7893  8014 W BpBinder: Large outgoing transaction of 412464 bytes, interface descriptor , code 4
02-27 14:50:46.751  8521  8579 D ApplicationLoaders: Returning zygote-cached class loader: /system_ext/framework/androidx.window.extensions.jar
02-27 14:50:46.751  8521  8579 D ApplicationLoaders: Returning zygote-cached class loader: /system_ext/framework/androidx.window.sidecar.jar
02-27 14:50:46.782  7893  8003 E IPCThreadState: Process seems to be sending too many oneway calls.
02-27 14:50:46.782  7893  8003 W IPCThreadState: CallStack::getCurrentInternal not linked, returning null
02-27 14:50:46.782  7893  8003 W oneway spamming: CallStack::logStackInternal not linked
02-27 14:50:46.746     0     0 I binder_alloc: 8521: pid 7893 spamming oneway? 2 buffers allocated for a total size of 493976
02-27 14:50:46.822  8521  8589 W BugleAction: Failed to get msisdn from Bugle
02-27 14:50:46.823  8521  8589 W BugleAction: Failed to get msisdn from RcsProfileService
02-27 14:50:46.825  8521  8589 W BugleAction: cksi: Jibe SDK Service not available. Is the Jibe SDK service running? Did you call connect() and wait for the notification before calling an API function?
02-27 14:50:46.825  8521  8589 W BugleAction: 	at cksa.b(PG:2)
02-27 14:50:46.825  8521  8589 W BugleAction: 	at com.google.android.rcs.client.profile.RcsProfileService.g(PG:1)
02-27 14:50:46.825  8521  8589 W BugleAction: 	at com.google.android.rcs.client.profile.RcsProfileService.getMsisdn(PG:3)
02-27 14:50:46.825  8521  8589 W BugleAction: 	at awsw.aj(PG:17)
02-27 14:50:46.825  8521  8589 W BugleAction: 	at awsw.u(PG:1)
02-27 14:50:46.825  8521  8589 W BugleAction: 	at aule.g(PG:1)
02-27 14:50:46.825  8521  8589 W BugleAction: 	at aule.d(PG:1)
02-27 14:50:46.825  8521  8589 W BugleAction: 	at aops.e(PG:2)
02-27 14:50:46.825  8521  8589 W BugleAction: 	at aopo.run(PG:4)
02-27 14:50:46.825  8521  8589 W BugleAction: 	at cnpl.run(PG:1)
02-27 14:50:46.825  8521  8589 W BugleAction: 	at java.util.concurrent.Executors$RunnableAdapter.call(Executors.java:487)
02-27 14:50:46.825  8521  8589 W BugleAction: 	at ctfw.a(PG:1)
02-27 14:50:46.825  8521  8589 W BugleAction: 	at ctet.run(PG:4)
02-27 14:50:46.825  8521  8589 W BugleAction: 	at ctfx.run(PG:1)
02-27 14:50:46.825  8521  8589 W BugleAction: 	at bxfd.run(PG:1)
02-27 14:50:46.825  8521  8589 W BugleAction: 	at java.util.concurrent.ThreadPoolExecutor.runWorker(ThreadPoolExecutor.java:1145)
02-27 14:50:46.825  8521  8589 W BugleAction: 	at java.util.concurrent.ThreadPoolExecutor$Worker.run(ThreadPoolExecutor.java:644)
02-27 14:50:46.825  8521  8589 W BugleAction: 	at bxef.run(PG:2)
02-27 14:50:46.825  8521  8589 W BugleAction: 	at java.lang.Thread.run(Thread.java:1012)
02-27 14:50:46.825  8521  8589 W BugleAction: 	at bxfj.run(PG:5)
02-27 14:50:46.827  8521  8589 W SubscriptionMetadataUti: Bugle: SubscriptionMetadataUtils get: unexpected subId = -2, replacing with -1
02-27 14:50:46.827  8521  8589 W SubscriptionMetadataUti: cpwb: FULL
02-27 14:50:46.827  8521  8589 W SubscriptionMetadataUti: 	at bdsy.h(PG:6)
02-27 14:50:46.827  8521  8589 W SubscriptionMetadataUti: 	at bdvp.a(PG:1)
02-27 14:50:46.827  8521  8589 W SubscriptionMetadataUti: 	at bgit.<init>(PG:1)
02-27 14:50:46.827  8521  8589 W SubscriptionMetadataUti: 	at bgiu.a(PG:1)
02-27 14:50:46.827  8521  8589 W SubscriptionMetadataUti: 	at awsw.ai(PG:3)
02-27 14:50:46.827  8521  8589 W SubscriptionMetadataUti: 	at awsw.aj(PG:25)
02-27 14:50:46.827  8521  8589 W SubscriptionMetadataUti: 	at awsw.u(PG:1)
02-27 14:50:46.827  8521  8589 W SubscriptionMetadataUti: 	at aule.g(PG:1)
02-27 14:50:46.827  8521  8589 W SubscriptionMetadataUti: 	at aule.d(PG:1)
02-27 14:50:46.827  8521  8589 W SubscriptionMetadataUti: 	at aops.e(PG:2)
02-27 14:50:46.827  8521  8589 W SubscriptionMetadataUti: 	at aopo.run(PG:4)
02-27 14:50:46.827  8521  8589 W SubscriptionMetadataUti: 	at cnpl.run(PG:1)
02-27 14:50:46.827  8521  8589 W SubscriptionMetadataUti: 	at java.util.concurrent.Executors$RunnableAdapter.call(Executors.java:487)
02-27 14:50:46.827  8521  8589 W SubscriptionMetadataUti: 	at ctfw.a(PG:1)
02-27 14:50:46.827  8521  8589 W SubscriptionMetadataUti: 	at ctet.run(PG:4)
02-27 14:50:46.827  8521  8589 W SubscriptionMetadataUti: 	at ctfx.run(PG:1)
02-27 14:50:46.827  8521  8589 W SubscriptionMetadataUti: 	at bxfd.run(PG:1)
02-27 14:50:46.827  8521  8589 W SubscriptionMetadataUti: 	at java.util.concurrent.ThreadPoolExecutor.runWorker(ThreadPoolExecutor.java:1145)
02-27 14:50:46.827  8521  8589 W SubscriptionMetadataUti: 	at java.util.concurrent.ThreadPoolExecutor$Worker.run(ThreadPoolExecutor.java:644)
02-27 14:50:46.827  8521  8589 W SubscriptionMetadataUti: 	at bxef.run(PG:2)
02-27 14:50:46.827  8521  8589 W SubscriptionMetadataUti: 	at java.lang.Thread.run(Thread.java:1012)
02-27 14:50:46.827  8521  8589 W SubscriptionMetadataUti: 	at bxfj.run(PG:5)
02-27 14:50:46.828  8521  8589 W SubscriptionMetadataUti: Bugle: SubscriptionMetadataUtils get: unexpected subId = -2, replacing with -1
02-27 14:50:46.828  8521  8589 W SubscriptionMetadataUti: cpwb: FULL
02-27 14:50:46.828  8521  8589 W SubscriptionMetadataUti: 	at bdsy.h(PG:6)
02-27 14:50:46.828  8521  8589 W SubscriptionMetadataUti: 	at bgit.<init>(PG:2)
02-27 14:50:46.828  8521  8589 W SubscriptionMetadataUti: 	at bgiu.a(PG:1)
02-27 14:50:46.828  8521  8589 W SubscriptionMetadataUti: 	at awsw.ai(PG:3)
02-27 14:50:46.828  8521  8589 W SubscriptionMetadataUti: 	at awsw.aj(PG:25)
02-27 14:50:46.828  8521  8589 W SubscriptionMetadataUti: 	at awsw.u(PG:1)
02-27 14:50:46.828  8521  8589 W SubscriptionMetadataUti: 	at aule.g(PG:1)
02-27 14:50:46.828  8521  8589 W SubscriptionMetadataUti: 	at aule.d(PG:1)
02-27 14:50:46.828  8521  8589 W SubscriptionMetadataUti: 	at aops.e(PG:2)
02-27 14:50:46.828  8521  8589 W SubscriptionMetadataUti: 	at aopo.run(PG:4)
02-27 14:50:46.828  8521  8589 W SubscriptionMetadataUti: 	at cnpl.run(PG:1)
02-27 14:50:46.828  8521  8589 W SubscriptionMetadataUti: 	at java.util.concurrent.Executors$RunnableAdapter.call(Executors.java:487)
02-27 14:50:46.828  8521  8589 W SubscriptionMetadataUti: 	at ctfw.a(PG:1)
02-27 14:50:46.828  8521  8589 W SubscriptionMetadataUti: 	at ctet.run(PG:4)
02-27 14:50:46.828  8521  8589 W SubscriptionMetadataUti: 	at ctfx.run(PG:1)
02-27 14:50:46.828  8521  8589 W SubscriptionMetadataUti: 	at bxfd.run(PG:1)
02-27 14:50:46.828  8521  8589 W SubscriptionMetadataUti: 	at java.util.concurrent.ThreadPoolExecutor.runWorker(ThreadPoolExecutor.java:1145)
02-27 14:50:46.828  8521  8589 W SubscriptionMetadataUti: 	at java.util.concurrent.ThreadPoolExecutor$Worker.run(ThreadPoolExecutor.java:644)
02-27 14:50:46.828  8521  8589 W SubscriptionMetadataUti: 	at bxef.run(PG:2)
02-27 14:50:46.828  8521  8589 W SubscriptionMetadataUti: 	at java.lang.Thread.run(Thread.java:1012)
02-27 14:50:46.828  8521  8589 W SubscriptionMetadataUti: 	at bxfj.run(PG:5)
02-27 14:50:46.843  8521  8589 W SubscriptionMetadataUti: Bugle: SubscriptionMetadataUtils get: unexpected subId = -2, replacing with -1
02-27 14:50:46.843  8521  8589 W SubscriptionMetadataUti: cpwb: FULL
02-27 14:50:46.843  8521  8589 W SubscriptionMetadataUti: 	at bdsy.h(PG:6)
02-27 14:50:46.843  8521  8589 W SubscriptionMetadataUti: 	at awsw.ai(PG:18)
02-27 14:50:46.843  8521  8589 W SubscriptionMetadataUti: 	at awsw.aj(PG:25)
02-27 14:50:46.843  8521  8589 W SubscriptionMetadataUti: 	at awsw.u(PG:1)
02-27 14:50:46.843  8521  8589 W SubscriptionMetadataUti: 	at aule.g(PG:1)
02-27 14:50:46.843  8521  8589 W SubscriptionMetadataUti: 	at aule.d(PG:1)
02-27 14:50:46.843  8521  8589 W SubscriptionMetadataUti: 	at aops.e(PG:2)
02-27 14:50:46.843  8521  8589 W SubscriptionMetadataUti: 	at aopo.run(PG:4)
02-27 14:50:46.843  8521  8589 W SubscriptionMetadataUti: 	at cnpl.run(PG:1)
02-27 14:50:46.843  8521  8589 W SubscriptionMetadataUti: 	at java.util.concurrent.Executors$RunnableAdapter.call(Executors.java:487)
02-27 14:50:46.843  8521  8589 W SubscriptionMetadataUti: 	at ctfw.a(PG:1)
02-27 14:50:46.843  8521  8589 W SubscriptionMetadataUti: 	at ctet.run(PG:4)
02-27 14:50:46.843  8521  8589 W SubscriptionMetadataUti: 	at ctfx.run(PG:1)
02-27 14:50:46.843  8521  8589 W SubscriptionMetadataUti: 	at bxfd.run(PG:1)
02-27 14:50:46.843  8521  8589 W SubscriptionMetadataUti: 	at java.util.concurrent.ThreadPoolExecutor.runWorker(ThreadPoolExecutor.java:1145)
02-27 14:50:46.843  8521  8589 W SubscriptionMetadataUti: 	at java.util.concurrent.ThreadPoolExecutor$Worker.run(ThreadPoolExecutor.java:644)
02-27 14:50:46.843  8521  8589 W SubscriptionMetadataUti: 	at bxef.run(PG:2)
02-27 14:50:46.843  8521  8589 W SubscriptionMetadataUti: 	at java.lang.Thread.run(Thread.java:1012)
02-27 14:50:46.843  8521  8589 W SubscriptionMetadataUti: 	at bxfj.run(PG:5)
02-27 14:50:46.844  8521  8589 I Bugle   : SubscriptionUtilsAsOfLMR1: getActiveSubscriptionInfo(): empty sub info for subscription{id:-1}
02-27 14:50:46.844  8521  8589 I Bugle   : SubscriptionUtilsAsOfLMR1: getActiveSubscriptionInfo(): empty sub info for subscription{id:-1}
02-27 14:50:46.844  8521  8589 W Bugle   : SubscriptionUtilsAsOfLMR1: getSelfRawNumber: subInfo is null for subscription{id:-1}
02-27 14:50:46.864  8521  8569 D StrictMode: StrictMode policy violation: android.os.strictmode.CustomViolation: gcore.dynamite
02-27 14:50:46.864  8521  8569 D StrictMode: 	at android.os.StrictMode$AndroidBlockGuardPolicy.onCustomSlowCall(StrictMode.java:1633)
02-27 14:50:46.864  8521  8569 D StrictMode: 	at android.os.StrictMode.noteSlowCall(StrictMode.java:2735)
02-27 14:50:46.864  8521  8569 D StrictMode: 	at aciz.a(:com.google.android.gms@231818047@23.18.18 (190800-535401451):0)
02-27 14:50:46.864  8521  8569 D StrictMode: 	at com.google.android.gms.chimera.container.GmsModuleChimeraProvider.query(:com.google.android.gms@231818047@23.18.18 (190800-535401451):10)
02-27 14:50:46.864  8521  8569 D StrictMode: 	at zde.query(:com.google.android.gms@231818047@23.18.18 (190800-535401451):3)
02-27 14:50:46.864  8521  8569 D StrictMode: 	at android.content.ContentProvider.query(ContentProvider.java:1596)
02-27 14:50:46.864  8521  8569 D StrictMode: 	at hfr.superQuery(:com.google.android.gms@231818047@23.18.18 (190800-535401451):2)
02-27 14:50:46.864  8521  8569 D StrictMode: 	at com.google.android.chimera.ContentProvider.query(:com.google.android.gms@231818047@23.18.18 (190800-535401451):2)
02-27 14:50:46.864  8521  8569 D StrictMode: 	at zde.query(:com.google.android.gms@231818047@23.18.18 (190800-535401451):9)
02-27 14:50:46.864  8521  8569 D StrictMode: 	at android.content.ContentProvider.query(ContentProvider.java:1692)
02-27 14:50:46.864  8521  8569 D StrictMode: 	at hfr.superQuery(:com.google.android.gms@231818047@23.18.18 (190800-535401451):1)
02-27 14:50:46.864  8521  8569 D StrictMode: 	at com.google.android.chimera.ContentProvider.query(:com.google.android.gms@231818047@23.18.18 (190800-535401451):1)
02-27 14:50:46.864  8521  8569 D StrictMode: 	at hfr.query(:com.google.android.gms@231818047@23.18.18 (190800-535401451):2)
02-27 14:50:46.864  8521  8569 D StrictMode: 	at android.content.ContentProvider$Transport.query(ContentProvider.java:292)
02-27 14:50:46.864  8521  8569 D StrictMode: 	at android.content.ContentProviderNative.onTransact(ContentProviderNative.java:107)
02-27 14:50:46.864  8521  8569 D StrictMode: 	at android.os.Binder.execTransactInternal(Binder.java:1339)
02-27 14:50:46.864  8521  8569 D StrictMode: 	at android.os.Binder.execTransact(Binder.java:1275)
02-27 14:50:46.864  8521  8569 D StrictMode: # via Binder call with stack:
02-27 14:50:46.864  8521  8569 D StrictMode: 	at android.os.StrictMode.readAndHandleBinderCallViolations(StrictMode.java:2538)
02-27 14:50:46.864  8521  8569 D StrictMode: 	at android.os.Parcel.readExceptionCode(Parcel.java:3002)
02-27 14:50:46.864  8521  8569 D StrictMode: 	at android.database.DatabaseUtils.readExceptionFromParcel(DatabaseUtils.java:139)
02-27 14:50:46.864  8521  8569 D StrictMode: 	at android.content.ContentProviderProxy.query(ContentProviderNative.java:495)
02-27 14:50:46.864  8521  8569 D StrictMode: 	at android.content.ContentResolver.query(ContentResolver.java:1229)
02-27 14:50:46.864  8521  8569 D StrictMode: 	at android.content.ContentResolver.query(ContentResolver.java:1161)
02-27 14:50:46.864  8521  8569 D StrictMode: 	at android.content.ContentResolver.query(ContentResolver.java:1117)
02-27 14:50:46.864  8521  8569 D StrictMode: 	at com.google.android.gms.dynamite.DynamiteModule.e(PG:10)
02-27 14:50:46.864  8521  8569 D StrictMode: 	at com.google.android.gms.dynamite.DynamiteModule.b(PG:12)
02-27 14:50:46.864  8521  8569 D StrictMode: 	at bnzi.b(PG:1)
02-27 14:50:46.864  8521  8569 D StrictMode: 	at bnzj.a(PG:1)
02-27 14:50:46.864  8521  8569 D StrictMode: 	at com.google.android.gms.dynamite.DynamiteModule.d(PG:8)
02-27 14:50:46.864  8521  8569 D StrictMode: 	at boxj.b(PG:12)
02-27 14:50:46.864  8521  8569 D StrictMode: 	at com.google.android.gms.net.PlayServicesCronetProvider.tryToInstallCronetProvider(PG:1)
02-27 14:50:46.864  8521  8569 D StrictMode: 	at com.google.android.gms.net.PlayServicesCronetProvider.isEnabled(PG:1)
02-27 14:50:46.864  8521  8569 D StrictMode: 	at org.chromium.net.CronetEngine$Builder.getEnabledCronetProviders(PG:5)
02-27 14:50:46.864  8521  8569 D StrictMode: 	at org.chromium.net.CronetEngine$Builder.createBuilderDelegate(PG:2)
