02-27 14:51:28.699  8521  8653 E MDD     : DownloadProgressMonitor: Can't find file group for uri: android://com.google.android.apps.messaging/files/datadownload/shared/public/datadownloadfile_1772203848731
02-27 14:51:28.702  8521  8579 E MDD     : DownloadProgressMonitor: Can't find file group for uri: android://com.google.android.apps.messaging/files/datadownload/shared/public/datadownloadfile_1772203848732
02-27 14:51:28.704  8521  8589 D cevx    : Starting download: https://c.tenor.com/_rP7fvDOV2AAAAAk/the-sims-the-sims4.gif
02-27 14:51:28.706  8521  8589 V cevx    : Is http uri, downloading (uri: https://c.tenor.com/_rP7fvDOV2AAAAAk/the-sims-the-sims4.gif)
02-27 14:51:28.713  8521  8653 D cevx    : Starting download: https://c.tenor.com/OLs6cg5675cAAAAk/im-thankful-for-happy-thanksgiving.gif
02-27 14:51:28.713  8521  8653 V cevx    : Is http uri, downloading (uri: https://c.tenor.com/OLs6cg5675cAAAAk/im-thankful-for-happy-thanksgiving.gif)
02-27 14:51:28.735  8521  8589 E MDD     : DownloadProgressMonitor: Can't find file group for uri: android://com.google.android.apps.messaging/files/datadownload/shared/public/datadownloadfile_1772203848733
02-27 14:51:28.748  8521  8653 E MDD     : DownloadProgressMonitor: Can't find file group for uri: android://com.google.android.apps.messaging/files/datadownload/shared/public/datadownloadfile_1772203848734
02-27 14:51:28.794  8521  8579 D cevx    : Starting download: https://c.tenor.com/QPjF0-82sgQAAAAk/happy-hanukkah-menorah.gif
02-27 14:51:28.794  8521  8579 V cevx    : Is http uri, downloading (uri: https://c.tenor.com/QPjF0-82sgQAAAAk/happy-hanukkah-menorah.gif)
02-27 14:51:28.800   359   415 I netd    : tetherGetStats() -> {[]} <0.88ms>
02-27 14:51:28.818  8521  8579 E MDD     : DownloadProgressMonitor: Can't find file group for uri: android://com.google.android.apps.messaging/files/datadownload/shared/public/datadownloadfile_1772203848735
02-27 14:51:28.823  8521  8653 D cevx    : Starting download: https://c.tenor.com/o8Fg8s-74XUAAAAk/cheers-merry-christmas-eve.gif
02-27 14:51:28.824  8521  8653 V cevx    : Is http uri, downloading (uri: https://c.tenor.com/o8Fg8s-74XUAAAAk/cheers-merry-christmas-eve.gif)
02-27 14:51:28.830   359   415 I netd    : bandwidthSetGlobalAlert(2097152) <0.60ms>
02-27 14:51:28.834  8521  8589 D cevx    : Starting download: https://c.tenor.com/pLKpB7goR7wAAAAk/merry-christmas-dancing.gif
02-27 14:51:28.835  8521  8589 V cevx    : Is http uri, downloading (uri: https://c.tenor.com/pLKpB7goR7wAAAAk/merry-christmas-dancing.gif)
02-27 14:51:28.980  8521  8589 E MDD     : DownloadProgressMonitor: Can't find file group for uri: android://com.google.android.apps.messaging/files/datadownload/shared/public/datadownloadfile_1772203848737
02-27 14:51:28.983  8521  8653 E MDD     : DownloadProgressMonitor: Can't find file group for uri: android://com.google.android.apps.messaging/files/datadownload/shared/public/datadownloadfile_1772203848736
02-27 14:51:29.016  8521  8579 D cevx    : Starting download: https://c.tenor.com/Z_ddd7u8q0cAAAAk/merry-christmas-dancing.gif
02-27 14:51:29.016  8521  8579 V cevx    : Is http uri, downloading (uri: https://c.tenor.com/Z_ddd7u8q0cAAAAk/merry-christmas-dancing.gif)
02-27 14:51:29.052  8521  8579 E MDD     : DownloadProgressMonitor: Can't find file group for uri: android://com.google.android.apps.messaging/files/datadownload/shared/public/datadownloadfile_1772203848738
02-27 14:51:29.053  8521  8589 D cevx    : Starting download: https://c.tenor.com/t784Fy203h4AAAAk/merry-christmas-snow.gif
02-27 14:51:29.053  8521  8589 V cevx    : Is http uri, downloading (uri: https://c.tenor.com/t784Fy203h4AAAAk/merry-christmas-snow.gif)
02-27 14:51:29.086  8521  8653 D cevx    : Starting download: https://c.tenor.com/BqjGdBESSY0AAAAk/happy-thanksgiving-thanksgiving.gif
02-27 14:51:29.086  8521  8653 V cevx    : Is http uri, downloading (uri: https://c.tenor.com/BqjGdBESSY0AAAAk/happy-thanksgiving-thanksgiving.gif)
02-27 14:51:29.086  8521  8589 E MDD     : DownloadProgressMonitor: Can't find file group for uri: android://com.google.android.apps.messaging/files/datadownload/shared/public/datadownloadfile_1772203848739
02-27 14:51:29.122  8521  8653 E MDD     : DownloadProgressMonitor: Can't find file group for uri: android://com.google.android.apps.messaging/files/datadownload/shared/public/datadownloadfile_1772203848740
02-27 14:51:29.127  8521  8579 D cevx    : Starting download: https://c.tenor.com/1Kqhr0EyU2cAAAAk/thanksgiving-happy-thanksgiving.gif
02-27 14:51:29.129  8521  8579 V cevx    : Is http uri, downloading (uri: https://c.tenor.com/1Kqhr0EyU2cAAAAk/thanksgiving-happy-thanksgiving.gif)
02-27 14:51:29.159  8521  8579 E MDD     : DownloadProgressMonitor: Can't find file group for uri: android://com.google.android.apps.messaging/files/datadownload/shared/public/datadownloadfile_1772203848741
02-27 14:51:29.182  8521  8589 D cevx    : Starting download: https://c.tenor.com/2cqZUvCW_HIAAAAk/happy-thankgiving-thanksgiving-dinner.gif
02-27 14:51:29.182  8521  8589 V cevx    : Is http uri, downloading (uri: https://c.tenor.com/2cqZUvCW_HIAAAAk/happy-thankgiving-thanksgiving-dinner.gif)
02-27 14:51:29.210  8521  8589 E MDD     : DownloadProgressMonitor: Can't find file group for uri: android://com.google.android.apps.messaging/files/datadownload/shared/public/datadownloadfile_1772203848742
02-27 14:51:29.230  8521  8653 D cevx    : Starting download: https://c.tenor.com/dX8a-NhL_48AAAAk/food-coma-youtube.gif
02-27 14:51:29.230  8521  8653 V cevx    : Is http uri, downloading (uri: https://c.tenor.com/dX8a-NhL_48AAAAk/food-coma-youtube.gif)
02-27 14:51:29.257  8521  8653 E MDD     : DownloadProgressMonitor: Can't find file group for uri: android://com.google.android.apps.messaging/files/datadownload/shared/public/datadownloadfile_1772203848743
02-27 14:51:29.266  8521  8589 D cevx    : Starting download: https://c.tenor.com/-cyCXLhWsLMAAAAk/dance-dancing.gif
02-27 14:51:29.266  8521  8589 V cevx    : Is http uri, downloading (uri: https://c.tenor.com/-cyCXLhWsLMAAAAk/dance-dancing.gif)
02-27 14:51:29.281  8521  8589 E MDD     : DownloadProgressMonitor: Can't find file group for uri: android://com.google.android.apps.messaging/files/datadownload/shared/public/datadownloadfile_1772203848744
02-27 14:51:29.290  8521  8579 D cevx    : Starting download: https://c.tenor.com/uO7brRaIL1sAAAAk/happy-holidays-ho-ho-ho.gif
02-27 14:51:29.290  8521  8579 V cevx    : Is http uri, downloading (uri: https://c.tenor.com/uO7brRaIL1sAAAAk/happy-holidays-ho-ho-ho.gif)
02-27 14:51:29.313  8521  8579 E MDD     : DownloadProgressMonitor: Can't find file group for uri: android://com.google.android.apps.messaging/files/datadownload/shared/public/datadownloadfile_1772203848745
02-27 14:51:29.313  8521  8589 D cevx    : Starting download: https://c.tenor.com/-bogOnQa-HgAAAAk/hanukkah-happy-hanukkah.gif
02-27 14:51:29.313  8521  8589 V cevx    : Is http uri, downloading (uri: https://c.tenor.com/-bogOnQa-HgAAAAk/hanukkah-happy-hanukkah.gif)
02-27 14:51:29.328  8521  8589 E MDD     : DownloadProgressMonitor: Can't find file group for uri: android://com.google.android.apps.messaging/files/datadownload/shared/public/datadownloadfile_1772203848746
02-27 14:51:29.330  8521  8653 D cevx    : Starting download: https://c.tenor.com/onl8zh2_RVQAAAAk/hanukkah-happy-hanukkah.gif
02-27 14:51:29.330  8521  8653 V cevx    : Is http uri, downloading (uri: https://c.tenor.com/onl8zh2_RVQAAAAk/hanukkah-happy-hanukkah.gif)
02-27 14:51:29.335  8521  8579 D cevx    : Starting download: https://c.tenor.com/LlGR2YC8B58AAAAk/happy-holidays-ho-ho-ho.gif
02-27 14:51:29.336  8521  8579 V cevx    : Is http uri, downloading (uri: https://c.tenor.com/LlGR2YC8B58AAAAk/happy-holidays-ho-ho-ho.gif)
02-27 14:51:29.344  8521  8653 E MDD     : DownloadProgressMonitor: Can't find file group for uri: android://com.google.android.apps.messaging/files/datadownload/shared/public/datadownloadfile_1772203848747
02-27 14:51:29.352  8521  8579 E MDD     : DownloadProgressMonitor: Can't find file group for uri: android://com.google.android.apps.messaging/files/datadownload/shared/public/datadownloadfile_1772203848748
02-27 14:51:29.354  8521  8589 D cevx    : Starting download: https://c.tenor.com/qBBLYAzWTEoAAAAk/hanukkah-chanukah.gif
02-27 14:51:29.354  8521  8589 V cevx    : Is http uri, downloading (uri: https://c.tenor.com/qBBLYAzWTEoAAAAk/hanukkah-chanukah.gif)
02-27 14:51:29.362  8521  8653 D cevx    : Starting download: https://c.tenor.com/pw9VD9_S748AAAAk/hanukkah-chanukah.gif
02-27 14:51:29.362  8521  8653 V cevx    : Is http uri, downloading (uri: https://c.tenor.com/pw9VD9_S748AAAAk/hanukkah-chanukah.gif)
02-27 14:51:29.371  8521  8589 E MDD     : DownloadProgressMonitor: Can't find file group for uri: android://com.google.android.apps.messaging/files/datadownload/shared/public/datadownloadfile_1772203848749
02-27 14:51:29.382  8521  8579 D cevx    : Starting download: https://c.tenor.com/LFQAwoWiLJ8AAAAk/merry-xmas-xmas.gif
02-27 14:51:29.382  8521  8579 V cevx    : Is http uri, downloading (uri: https://c.tenor.com/LFQAwoWiLJ8AAAAk/merry-xmas-xmas.gif)
02-27 14:51:29.383  8521  8653 E MDD     : DownloadProgressMonitor: Can't find file group for uri: android://com.google.android.apps.messaging/files/datadownload/shared/public/datadownloadfile_1772203848750
02-27 14:51:29.396  8521  8589 D cevx    : Starting download: https://c.tenor.com/T1c0HuuixLYAAAAk/hohoho-santa.gif
02-27 14:51:29.397  8521  8589 V cevx    : Is http uri, downloading (uri: https://c.tenor.com/T1c0HuuixLYAAAAk/hohoho-santa.gif)
02-27 14:51:29.399  8521  8579 E MDD     : DownloadProgressMonitor: Can't find file group for uri: android://com.google.android.apps.messaging/files/datadownload/shared/public/datadownloadfile_1772203848751
02-27 14:51:29.405  8521  8653 D cevx    : Starting download: https://c.tenor.com/p_Fc6sCPEn4AAAAk/waving-molang.gif
02-27 14:51:29.406  8521  8653 V cevx    : Is http uri, downloading (uri: https://c.tenor.com/p_Fc6sCPEn4AAAAk/waving-molang.gif)
02-27 14:51:29.420  8521  8589 E MDD     : DownloadProgressMonitor: Can't find file group for uri: android://com.google.android.apps.messaging/files/datadownload/shared/public/datadownloadfile_1772203848752
02-27 14:51:29.441  8521  8653 E MDD     : DownloadProgressMonitor: Can't find file group for uri: android://com.google.android.apps.messaging/files/datadownload/shared/public/datadownloadfile_1772203848753
02-27 14:51:29.486  8521  8579 D cevx    : Starting download: https://c.tenor.com/TvBQajdvdtoAAAAk/animals-decorating-molang.gif
02-27 14:51:29.487  8521  8579 V cevx    : Is http uri, downloading (uri: https://c.tenor.com/TvBQajdvdtoAAAAk/animals-decorating-molang.gif)
02-27 14:51:29.495  8521  8589 D cevx    : Starting download: https://c.tenor.com/8-GZs9c2eNoAAAAk/merry-christmas-molang.gif
02-27 14:51:29.495  8521  8589 V cevx    : Is http uri, downloading (uri: https://c.tenor.com/8-GZs9c2eNoAAAAk/merry-christmas-molang.gif)
02-27 14:51:29.509  8521  8579 E MDD     : DownloadProgressMonitor: Can't find file group for uri: android://com.google.android.apps.messaging/files/datadownload/shared/public/datadownloadfile_1772203848754
02-27 14:51:29.516  8521  8589 E MDD     : DownloadProgressMonitor: Can't find file group for uri: android://com.google.android.apps.messaging/files/datadownload/shared/public/datadownloadfile_1772203848755
02-27 14:51:29.541  8521  8653 D cevx    : Starting download: https://c.tenor.com/fwRmoC3PbKgAAAAk/angkukuehgirl-angkukuehgirlandfriends.gif
02-27 14:51:29.541  8521  8653 V cevx    : Is http uri, downloading (uri: https://c.tenor.com/fwRmoC3PbKgAAAAk/angkukuehgirl-angkukuehgirlandfriends.gif)
02-27 14:51:29.543  8521  8589 D cevx    : Starting download: https://c.tenor.com/bhXlfP1FsGcAAAAk/new-years-eve-happy-new-year.gif
02-27 14:51:29.543  8521  8589 V cevx    : Is http uri, downloading (uri: https://c.tenor.com/bhXlfP1FsGcAAAAk/new-years-eve-happy-new-year.gif)
02-27 14:51:29.574  8521  8653 E MDD     : DownloadProgressMonitor: Can't find file group for uri: android://com.google.android.apps.messaging/files/datadownload/shared/public/datadownloadfile_1772203848756
02-27 14:51:29.575  8521  8589 E MDD     : DownloadProgressMonitor: Can't find file group for uri: android://com.google.android.apps.messaging/files/datadownload/shared/public/datadownloadfile_1772203848757
02-27 14:51:29.620  8521  8579 D cevx    : Starting download: https://c.tenor.com/X2Gu15rbDjQAAAAk/minidino-hotchocolate.gif
02-27 14:51:29.620  8521  8579 V cevx    : Is http uri, downloading (uri: https://c.tenor.com/X2Gu15rbDjQAAAAk/minidino-hotchocolate.gif)
02-27 14:51:29.645  8521  8579 E MDD     : DownloadProgressMonitor: Can't find file group for uri: android://com.google.android.apps.messaging/files/datadownload/shared/public/datadownloadfile_1772203848758
02-27 14:51:29.646  8521  8653 D cevx    : Starting download: https://c.tenor.com/fRjOETVKCfEAAAAk/bento-box-savoring-food.gif
02-27 14:51:29.646  8521  8653 V cevx    : Is http uri, downloading (uri: https://c.tenor.com/fRjOETVKCfEAAAAk/bento-box-savoring-food.gif)
02-27 14:51:29.650  8521  8589 D cevx    : Starting download: https://c.tenor.com/kRtFzkoU9R4AAAAk/snowboarder-snowboard-lovers.gif
02-27 14:51:29.650  8521  8589 V cevx    : Is http uri, downloading (uri: https://c.tenor.com/kRtFzkoU9R4AAAAk/snowboarder-snowboard-lovers.gif)
02-27 14:51:29.669   577   707 I PackageManager: Integrity check passed for file:///data/app/vmdl94684212.tmp
02-27 14:51:29.672  8521  8653 E MDD     : DownloadProgressMonitor: Can't find file group for uri: android://com.google.android.apps.messaging/files/datadownload/shared/public/datadownloadfile_1772203848759
02-27 14:51:29.679  8521  8589 E MDD     : DownloadProgressMonitor: Can't find file group for uri: android://com.google.android.apps.messaging/files/datadownload/shared/public/datadownloadfile_1772203848760
02-27 14:51:29.681  8521  8579 D cevx    : Starting download: https://c.tenor.com/JhTc0KeSZ5QAAAAk/snowboards-snowboard-lovers.gif
02-27 14:51:29.682  8521  8579 V cevx    : Is http uri, downloading (uri: https://c.tenor.com/JhTc0KeSZ5QAAAAk/snowboards-snowboard-lovers.gif)
02-27 14:51:29.694  8521  8653 D cevx    : Starting download: https://c.tenor.com/PUFHgVq1fjcAAAAk/im-cold-yellow-shivering-line-effects-around-im-cold-in-blue-letters.gif
02-27 14:51:29.695  8521  8653 V cevx    : Is http uri, downloading (uri: https://c.tenor.com/PUFHgVq1fjcAAAAk/im-cold-yellow-shivering-line-effects-around-im-cold-in-blue-letters.gif)
02-27 14:51:29.706  8521  8579 E MDD     : DownloadProgressMonitor: Can't find file group for uri: android://com.google.android.apps.messaging/files/datadownload/shared/public/datadownloadfile_1772203848761
02-27 14:51:29.710  8521  8653 E MDD     : DownloadProgressMonitor: Can't find file group for uri: android://com.google.android.apps.messaging/files/datadownload/shared/public/datadownloadfile_1772203848762
02-27 14:51:29.716  8521  8589 D cevx    : Starting download: https://c.tenor.com/21JuXCU7lacAAAAk/christmas-stockings-christmas.gif
02-27 14:51:29.716  8521  8589 V cevx    : Is http uri, downloading (uri: https://c.tenor.com/21JuXCU7lacAAAAk/christmas-stockings-christmas.gif)
02-27 14:51:29.719   577   682 I ActivityManager: Force stopping com.shifu.app appid=10192 user=-1: installPackageLI
02-27 14:51:29.720  8521  8653 D cevx    : Starting download: https://c.tenor.com/ukjNMGQXpZQAAAAk/full-ate-too-much.gif
02-27 14:51:29.720  8521  8653 V cevx    : Is http uri, downloading (uri: https://c.tenor.com/ukjNMGQXpZQAAAAk/full-ate-too-much.gif)
02-27 14:51:29.720   577   682 E libprocessgroup: No such cgroup attribute: /sys/fs/cgroup/uid_4294877488/cgroup.freeze
02-27 14:51:29.720   577   682 W libprocessgroup: Failed to apply Frozen process profile: No such file or directory
02-27 14:51:29.726   577   682 I ActivityManager: Killing 8275:com.shifu.app/u0a192 (adj 0): stop com.shifu.app due to installPackageLI
02-27 14:51:29.728   577   672 D DisplayManagerService: Drop pending events for gone uid 10192
02-27 14:51:29.730   577   682 W ActivityTaskManager: Force removing ActivityRecord{ccf791f u0 com.shifu.app/.MainActivity t10 f}}: app died, no saved state
02-27 14:51:29.732  1074  1116 V WindowManagerShell: Transition requested: android.os.BinderProxy@29ed2a7 TransitionRequestInfo { type = CLOSE, triggerTask = TaskInfo{userId=0 taskId=10 displayId=0 isRunning=false baseIntent=Intent { act=android.intent.action.VIEW dat=shifu://expo-development-client/... flg=0x10000000 cmp=com.shifu.app/.MainActivity } baseActivity=null topActivity=null origActivity=null realActivity=ComponentInfo{com.shifu.app/com.shifu.app.MainActivity} numActivities=0 lastActiveTime=1935869 supportsMultiWindow=true resizeMode=1 isResizeable=true minWidth=-1 minHeight=-1 defaultMinSize=220 token=WCT{android.window.IWindowContainerToken$Stub$Proxy@5f8c354} topActivityType=1 pictureInPictureParams=null shouldDockBigOverlays=false launchIntoPipHostTaskId=-1 lastParentTaskIdBeforePip=-1 displayCutoutSafeInsets=null topActivityInfo=null launchCookies=[] positionInParent=Point(0, 0) parentTaskId=-1 isFocused=true isVisible=true isVisibleRequested=true isSleeping=false topActivityInSizeCompat=false topActivityEligibleForLetterboxEducation= false topActivityLetterboxed= false isFromDoubleTap= false topActivityLetterboxVerticalPosition= -1 topActivityLetterboxHorizontalPosition= -1 topActivityLetterboxWidth=-1 topActivityLetterboxHeight=-1 locusId=null displayAreaFeatureId=1 cameraCompatControlState=hidden}, remoteTransition = null, displayChange = null }
02-27 14:51:29.733   577   707 I PackageManager: Update package com.shifu.app code path from /data/app/~~jB-I9Gsk5Hk5uzHuwUKFMA==/com.shifu.app-a1BK-X6i1yBKiztrLO2Z6g== to /data/app/~~gkoic4ibLFKTeDNJwLGEUw==/com.shifu.app-n1cYycqDarYgthyXZ0ZdcA==; Retain data and using new
02-27 14:51:29.737  8521  8653 E MDD     : DownloadProgressMonitor: Can't find file group for uri: android://com.google.android.apps.messaging/files/datadownload/shared/public/datadownloadfile_1772203848764
02-27 14:51:29.745  8521  8589 E MDD     : DownloadProgressMonitor: Can't find file group for uri: android://com.google.android.apps.messaging/files/datadownload/shared/public/datadownloadfile_1772203848763
02-27 14:51:29.750   577   707 I PermissionManager: Permission ownership changed. Updating all permissions.
02-27 14:51:29.800   577  1792 I ImeTracker: com.shifu.app:74aba49d: onRequestHide at ORIGIN_SERVER_HIDE_INPUT reason HIDE_REMOVE_CLIENT
02-27 14:51:29.802   577  1792 I ImeTracker: com.shifu.app:74aba49d: onCancelled at PHASE_SERVER_SHOULD_HIDE
02-27 14:51:29.805   360   360 I Zygote  : Process 8275 exited due to signal 9 (Killed)
02-27 14:51:29.806   400   400 E BpTransactionCompletedListener: Failed to transact (-32)
02-27 14:51:29.807   400   400 E BpTransactionCompletedListener: Failed to transact (-32)
02-27 14:51:29.808   400   400 E BpTransactionCompletedListener: Failed to transact (-32)
02-27 14:51:30.010   577   707 D PackageManager: Instant App installer not found with android.intent.action.INSTALL_INSTANT_APP_PACKAGE
02-27 14:51:30.010   577   707 D PackageManager: Clear ephemeral installer activity
02-27 14:51:29.976     0     0 I logd    : start watching /data/system/packages.list ...
02-27 14:51:29.980     0     0 I logd    : ReadPackageList, total packages: 200
02-27 14:51:30.019   577   681 W system_server: Long monitor contention with owner ActivityManager (682) at com.android.server.pm.Computer com.android.server.pm.PackageManagerService.snapshotComputer(boolean)(PackageManagerService.java:1195) waiters=1 in com.android.server.pm.Computer com.android.server.pm.PackageManagerService.snapshotComputer(boolean) for 268ms
02-27 14:51:30.030   577   653 W system_server: Long monitor contention with owner ActivityManager (682) at com.android.server.pm.Computer com.android.server.pm.PackageManagerService.snapshotComputer(boolean)(PackageManagerService.java:1195) waiters=3 in com.android.server.pm.Computer com.android.server.pm.PackageManagerService.snapshotComputer(boolean) for 273ms
02-27 14:51:30.038   577   671 W system_server: Long monitor contention with owner ActivityManager (682) at com.android.server.pm.Computer com.android.server.pm.PackageManagerService.snapshotComputer(boolean)(PackageManagerService.java:1195) waiters=4 in com.android.server.pm.Computer com.android.server.pm.PackageManagerService.snapshotComputer(boolean) for 266ms
02-27 14:51:30.044   577  1650 W system_server: Long monitor contention with owner ActivityManager (682) at android.content.res.Configuration com.android.server.wm.ActivityTaskManagerService.getGlobalConfigurationForPid(int)(ActivityTaskManagerService.java:1133) waiters=0 in android.os.IBinder com.android.server.wm.WindowOrganizerController.startTransition(int, android.os.IBinder, android.window.WindowContainerTransaction) for 298ms
02-27 14:51:30.047   577  1518 W system_server: Long monitor contention with owner ActivityManager (682) at android.content.res.Configuration com.android.server.wm.ActivityTaskManagerService.getGlobalConfigurationForPid(int)(ActivityTaskManagerService.java:1133) waiters=2 in void com.android.server.wm.Session.binderDied() for 250ms
02-27 14:51:30.048   577  2112 W system_server: Long monitor contention with owner ActivityManager (682) at android.content.res.Configuration com.android.server.wm.ActivityTaskManagerService.getGlobalConfigurationForPid(int)(ActivityTaskManagerService.java:1133) waiters=3 in void com.android.server.wm.WindowState$DeathRecipient.binderDied() for 250ms
02-27 14:51:30.048  1074  1116 W Looper  : Slow dispatch took 316ms wmshell.main h=android.os.Handler c=com.android.wm.shell.transition.Transitions$TransitionPlayerImpl$$ExternalSyntheticLambda1@d66f2fd m=0
02-27 14:51:30.048   577  2112 I WindowManager: WIN DEATH: Window{bfe58cc u0 com.shifu.app/com.shifu.app.MainActivity}
02-27 14:51:30.048  1074  1116 W Looper  : Slow delivery took 311ms wmshell.main h=android.os.Handler c=com.android.wm.shell.pip.PinnedStackListenerForwarder$PinnedTaskListenerImpl$$ExternalSyntheticLambda1@f8cbbf2 m=0
02-27 14:51:30.050   577  2112 W InputManager-JNI: Input channel object 'bfe58cc com.shifu.app/com.shifu.app.MainActivity (client)' was disposed without first being removed with the input manager!
02-27 14:51:30.066   577   682 E libprocessgroup: No such cgroup attribute: /sys/fs/cgroup/uid_4294877488/cgroup.freeze
02-27 14:51:30.066   577   682 W libprocessgroup: Failed to apply Unfrozen process profile: No such file or directory
02-27 14:51:30.066   577   671 W Looper  : Slow dispatch took 294ms android.fg h=android.os.Handler c=<recycled PooledLambda@39f4f49> m=0
02-27 14:51:30.075   400   400 I BpBinder: onLastStrongRef automatically unlinking death recipients: 
02-27 14:51:30.081  1074  1116 W Looper  : Drained
02-27 14:51:30.094   577   671 W Looper  : Slow delivery took 333ms android.fg h=android.os.Handler c=<recycled PooledLambda@d168531> m=0
02-27 14:51:30.094   577   674 V WindowManager: Unknown focus tokens, dropping reportFocusChanged
02-27 14:51:30.099   577  2368 W ProcessStats: Tracking association SourceState{d3aca1e com.google.android.apps.nexuslauncher/10169 BTop #14503} whose proc state 2 is better than process ProcessState{aded3c4 com.google.android.googlequicksearchbox:search/10132 pkg=com.google.android.googlequicksearchbox} proc state 6 (44 skipped)
02-27 14:51:30.106   577  2847 V ActivityManager: Got obituary of 8275:com.shifu.app
02-27 14:51:30.121   577  1994 W AppSearchIcing: icing-search-engine.cc:283: Error: 5, Message: Document (com.google.android.googlequicksearchbox$OneSearchZeroStateGoogleSuggestions/default, zp) not found.
02-27 14:51:30.135  8521  8579 D cevx    : Starting download: https://c.tenor.com/wnwBAWc3AeEAAAAk/rolling-snow-snoopy.gif
02-27 14:51:30.136  8521  8579 V cevx    : Is http uri, downloading (uri: https://c.tenor.com/wnwBAWc3AeEAAAAk/rolling-snow-snoopy.gif)
02-27 14:51:30.141  1365  2408 D OneSearchSuggestProvider: Created the binder channel successfully for end point service =com.google.android.apps.search.googleapp.search.suggest.plugins.onesearch.server.OneSearchSuggestService , mChannel=z1{delegate=s1{logId=9, target=directaddress:///AndroidComponentAddress%5BIntent%20%7B%20act=grpc.io.action.BIND%20cmp=com.google.android.googlequicksearchbox/com.google.android.apps.search.googleapp.search.suggest.plugins.onesearch.server.OneSearchSuggestService%20%7D%5D}} , mOneSearchConnection=X1.T@f4f52e9
02-27 14:51:30.145     0     0 I servicemanager: Since 'artd' could not be found, trying to start it as a lazy AIDL service. (if it's not configured to be a lazy service, it may be stuck starting or still starting).
02-27 14:51:30.179   577   675 W WindowManager: Failed to deliver inset control state change to w=Window{bfe58cc u0 com.shifu.app/com.shifu.app.MainActivity EXITING}
02-27 14:51:30.179   577   675 W WindowManager: android.os.DeadObjectException
02-27 14:51:30.179   577   675 W WindowManager: 	at android.os.BinderProxy.transactNative(Native Method)
02-27 14:51:30.179   577   675 W WindowManager: 	at android.os.BinderProxy.transact(BinderProxy.java:584)
02-27 14:51:30.179   577   675 W WindowManager: 	at android.view.IWindow$Stub$Proxy.insetsControlChanged(IWindow.java:479)
02-27 14:51:30.179   577   675 W WindowManager: 	at com.android.server.wm.WindowState.notifyInsetsControlChanged(WindowState.java:3802)
02-27 14:51:30.179   577   675 W WindowManager: 	at com.android.server.wm.InsetsStateController.lambda$notifyPendingInsetsControlChanged$3(InsetsStateController.java:343)
02-27 14:51:30.179   577   675 W WindowManager: 	at com.android.server.wm.InsetsStateController.$r8$lambda$8yykPRG1GyNq_J17QvL9d5xANMc(InsetsStateController.java:0)
02-27 14:51:30.179   577   675 W WindowManager: 	at com.android.server.wm.InsetsStateController$$ExternalSyntheticLambda2.run(R8$$SyntheticClass:0)
02-27 14:51:30.179   577   675 W WindowManager: 	at com.android.server.wm.WindowAnimator.executeAfterPrepareSurfacesRunnables(WindowAnimator.java:294)
02-27 14:51:30.179   577   675 W WindowManager: 	at com.android.server.wm.WindowAnimator.animate(WindowAnimator.java:202)
02-27 14:51:30.179   577   675 W WindowManager: 	at com.android.server.wm.WindowAnimator.lambda$new$1(WindowAnimator.java:99)
02-27 14:51:30.179   577   675 W WindowManager: 	at com.android.server.wm.WindowAnimator.$r8$lambda$aHNu1uhcqxihX5NZc4McDDQPAyw(WindowAnimator.java:0)
02-27 14:51:30.179   577   675 W WindowManager: 	at com.android.server.wm.WindowAnimator$$ExternalSyntheticLambda1.doFrame(R8$$SyntheticClass:0)
02-27 14:51:30.179   577   675 W WindowManager: 	at android.view.Choreographer$CallbackRecord.run(Choreographer.java:1337)
02-27 14:51:30.179   577   675 W WindowManager: 	at android.view.Choreographer$CallbackRecord.run(Choreographer.java:1348)
02-27 14:51:30.179   577   675 W WindowManager: 	at android.view.Choreographer.doCallbacks(Choreographer.java:952)
02-27 14:51:30.179   577   675 W WindowManager: 	at android.view.Choreographer.doFrame(Choreographer.java:878)
02-27 14:51:30.179   577   675 W WindowManager: 	at android.view.Choreographer$FrameDisplayEventReceiver.run(Choreographer.java:1322)
02-27 14:51:30.179   577   675 W WindowManager: 	at android.os.Handler.handleCallback(Handler.java:958)
02-27 14:51:30.179   577   675 W WindowManager: 	at android.os.Handler.dispatchMessage(Handler.java:99)
02-27 14:51:30.179   577   675 W WindowManager: 	at android.os.Looper.loopOnce(Looper.java:205)
02-27 14:51:30.179   577   675 W WindowManager: 	at android.os.Looper.loop(Looper.java:294)
02-27 14:51:30.179   577   675 W WindowManager: 	at android.os.HandlerThread.run(HandlerThread.java:67)
02-27 14:51:30.179   577   675 W WindowManager: 	at com.android.server.ServiceThread.run(ServiceThread.java:46)
02-27 14:51:30.211  8521  8653 D cevx    : Starting download: https://c.tenor.com/eU6_2iB4wpIAAAAk/thanksgiving-canada.gif
02-27 14:51:30.212  8521  8653 V cevx    : Is http uri, downloading (uri: https://c.tenor.com/eU6_2iB4wpIAAAAk/thanksgiving-canada.gif)
02-27 14:51:30.218  8521  8579 E MDD     : DownloadProgressMonitor: Can't find file group for uri: android://com.google.android.apps.messaging/files/datadownload/shared/public/datadownloadfile_1772203848765
02-27 14:51:30.193     0     0 I init    : starting service 'artd'...
02-27 14:51:30.246  8521  8653 E MDD     : DownloadProgressMonitor: Can't find file group for uri: android://com.google.android.apps.messaging/files/datadownload/shared/public/datadownloadfile_1772203848766
02-27 14:51:30.246     0     0 I init    : ... started service 'artd' has pid 8705
02-27 14:51:30.249     0     0 I init    : Control message: Processed ctl.interface_start for 'aidl/artd' from pid: 156 (/system/bin/servicemanager)
02-27 14:51:30.281  8521  8589 D cevx    : Starting download: https://c.tenor.com/j9Nm0LhcZwEAAAAk/thanksgiving-canada.gif
02-27 14:51:30.282  8521  8589 V cevx    : Is http uri, downloading (uri: https://c.tenor.com/j9Nm0LhcZwEAAAAk/thanksgiving-canada.gif)
02-27 14:51:30.306  1365  2182 E OpenGLRenderer: Unable to match the desired swap behavior.
02-27 14:51:30.354  8521  8589 E MDD     : DownloadProgressMonitor: Can't find file group for uri: android://com.google.android.apps.messaging/files/datadownload/shared/public/datadownloadfile_1772203848767
02-27 14:51:30.381  2095  2640 E OpenGLRenderer: Unable to match the desired swap behavior.
02-27 14:51:30.499  8521  8579 D cevx    : Starting download: https://media.tenor.com/8yuNf9wYjdwAAAAk/brunch-cartoon.gif
02-27 14:51:30.499  8521  8579 V cevx    : Is http uri, downloading (uri: https://media.tenor.com/8yuNf9wYjdwAAAAk/brunch-cartoon.gif)
02-27 14:51:30.504   359  8708 I resolv  : GetAddrInfoHandler::run: {100 786532 100 983140 10131 0}
02-27 14:51:30.523  8705  8705 I artd    : Starting artd
02-27 14:51:30.526  8705  8705 I AidlLazyServiceRegistrar: Registering service artd
02-27 14:51:30.528   359  8709 I resolv  : res_nmkquery: (QUERY, IN, AAAA)
02-27 14:51:30.532  1074  1116 V WindowManagerShell: onTransitionReady android.os.BinderProxy@29ed2a7: {id=15 t=CLOSE f=0x0 trk=0 r=[0@Point(0, 0)] c=[{WCT{android.window.IWindowContainerToken$Stub$Proxy@416f9f} m=CLOSE f=NONE leash=Surface(name=Task=10)/@0xf5bf243 sb=Rect(0, 0 - 1080, 1920) eb=Rect(0, 0 - 1080, 1920) d=0},{WCT{android.window.IWindowContainerToken$Stub$Proxy@fd928ec} m=TO_FRONT f=SHOW_WALLPAPER leash=Surface(name=Task=1)/@0xc8c0c0 sb=Rect(0, 0 - 1080, 1920) eb=Rect(0, 0 - 1080, 1920) d=0},{null m=TO_FRONT f=IS_WALLPAPER leash=Surface(name=WallpaperWindowToken{57b027f token=android.os.Binder@7d0b420})/@0x4b4c1f9 sb=Rect(0, 0 - 1080, 1920) eb=Rect(0, 0 - 1080, 1920) d=0}]}
02-27 14:51:30.533   359  8710 I resolv  : res_nmkquery: (QUERY, IN, A)
02-27 14:51:30.535  1074  1116 V WindowManagerShell: Playing animation for (#15)android.os.BinderProxy@29ed2a7@0
02-27 14:51:30.535  1074  1116 V WindowManagerShell:  try handler com.android.wm.shell.transition.DefaultMixedHandler@bd9922a
02-27 14:51:30.535  1074  1116 V WindowManagerShell:  try handler com.android.wm.shell.keyguard.KeyguardTransitionHandler@ca8381b
02-27 14:51:30.535  1074  1116 V WindowManagerShell:  try handler com.android.wm.shell.activityembedding.ActivityEmbeddingController@49a4db8
02-27 14:51:30.535  1074  1116 V WindowManagerShell:  try handler com.android.wm.shell.recents.RecentsTransitionHandler@db15791
02-27 14:51:30.536  1074  1116 V ShellRecents: RecentsTransitionHandler.startAnimation: no controller found
02-27 14:51:30.537  1074  1116 V WindowManagerShell:  try handler com.android.wm.shell.pip.PipTransition@856a6f6
02-27 14:51:30.538  1074  1116 V WindowManagerShell:  try handler com.android.wm.shell.splitscreen.StageCoordinator@c083af7
02-27 14:51:30.538  1074  1116 V WindowManagerShell:  try handler com.android.wm.shell.transition.RemoteTransitionHandler@3828d64
02-27 14:51:30.539  1074  1116 V WindowManagerShell: Transition doesn't have explicit remote, search filters for match for {id=15 t=CLOSE f=0x0 trk=0 r=[0@Point(0, 0)] c=[{WCT{android.window.IWindowContainerToken$Stub$Proxy@416f9f} m=CLOSE f=NONE leash=Surface(name=Task=10)/@0xf5bf243 sb=Rect(0, 0 - 1080, 1920) eb=Rect(0, 0 - 1080, 1920) d=0},{WCT{android.window.IWindowContainerToken$Stub$Proxy@fd928ec} m=TO_FRONT f=SHOW_WALLPAPER leash=Surface(name=Task=1)/@0xc8c0c0 sb=Rect(0, 0 - 1080, 1920) eb=Rect(0, 0 - 1080, 1920) d=0},{null m=TO_FRONT f=IS_WALLPAPER leash=Surface(name=WallpaperWindowToken{57b027f token=android.os.Binder@7d0b420})/@0x4b4c1f9 sb=Rect(0, 0 - 1080, 1920) eb=Rect(0, 0 - 1080, 1920) d=0}]}
02-27 14:51:30.539  1074  1116 V WindowManagerShell:  Checking filter Pair{{types=[] flags=0x0] notFlags=0x0 checks=[{atype=dream independent=true modes=[OPEN,TO_FRONT] flags=NONE mustBeTask=false order=ANY topActivity=null},{atype=home independent=true modes=[CLOSE,TO_BACK] flags=NONE mustBeTask=false order=ANY topActivity=null}]} RemoteTransition { remoteTransition = android.window.IRemoteTransition$Stub$Proxy@3a070e4, appThread = android.app.IApplicationThread$Stub$Proxy@20db94d, debugName = LauncherToDream }}
02-27 14:51:30.539  1074  1116 V WindowManagerShell:  Checking filter Pair{{types=[] flags=0x0] notFlags=0x100 checks=[{atype=home independent=true modes=[OPEN,TO_FRONT] flags=NONE mustBeTask=false order=TOP topActivity=ComponentInfo{com.google.android.apps.nexuslauncher/com.google.android.apps.nexuslauncher.NexusLauncherActivity}},{atype=standard independent=true modes=[CLOSE,TO_BACK] flags=NONE mustBeTask=false order=ANY topActivity=null}]} RemoteTransition { remoteTransition = android.window.IRemoteTransition$Stub$Proxy@cdb8c02, appThread = android.app.IApplicationThread$Stub$Proxy@9af6913, debugName = QuickstepLaunchHome }}
02-27 14:51:30.540  1074  1116 V WindowManagerShell:  Delegate animation for #15 to null
02-27 14:51:30.540  1074  1116 V WindowManagerShell:  try handler com.android.wm.shell.transition.DefaultTransitionHandler@502dbcd
02-27 14:51:30.540  1074  1116 V WindowManagerShell: start default transition animation, info = {id=15 t=CLOSE f=0x0 trk=0 r=[0@Point(0, 0)] c=[{WCT{android.window.IWindowContainerToken$Stub$Proxy@416f9f} m=CLOSE f=NONE leash=Surface(name=Task=10)/@0xf5bf243 sb=Rect(0, 0 - 1080, 1920) eb=Rect(0, 0 - 1080, 1920) d=0},{WCT{android.window.IWindowContainerToken$Stub$Proxy@fd928ec} m=TO_FRONT f=SHOW_WALLPAPER leash=Surface(name=Task=1)/@0xc8c0c0 sb=Rect(0, 0 - 1080, 1920) eb=Rect(0, 0 - 1080, 1920) d=0},{null m=TO_FRONT f=IS_WALLPAPER leash=Surface(name=WallpaperWindowToken{57b027f token=android.os.Binder@7d0b420})/@0x4b4c1f9 sb=Rect(0, 0 - 1080, 1920) eb=Rect(0, 0 - 1080, 1920) d=0}]}
02-27 14:51:30.508     0     0 I BpBinder: onLastStrongRef automatically unlinking death recipients:
02-27 14:51:30.546  1074  1116 V WindowManagerShell: loadAnimation: anim=android.view.animation.AnimationSet@3e3d74a animAttr=0x10 type=CLOSE isEntrance=true
02-27 14:51:30.549  8521  8653 D cevx    : Starting download: https://media.tenor.com/eKF_xIa1bUcAAAAk/dessert-eat.gif
02-27 14:51:30.550  8521  8653 V cevx    : Is http uri, downloading (uri: https://media.tenor.com/eKF_xIa1bUcAAAAk/dessert-eat.gif)
02-27 14:51:30.550   359  8710 I resolv  : res_nsend: used send_dg 208 terrno: 0
02-27 14:51:30.551   359  8709 I resolv  : res_nsend: used send_dg 176 terrno: 0
02-27 14:51:30.551  1074  1116 V WindowManagerShell: loadAnimation: anim=android.view.animation.AnimationSet@857b731 animAttr=0x11 type=CLOSE isEntrance=false
02-27 14:51:30.551   359  8709 I resolv  : doQuery: rcode=0, ancount=5, return value=176
02-27 14:51:30.551   359  8710 I resolv  : doQuery: rcode=0, ancount=10, return value=208
02-27 14:51:30.552  8705  8712 I AidlLazyServiceRegistrar: Process has 1 (of 1 available) client(s) in use after notification artd has clients: 1
02-27 14:51:30.554  8521  8678 D TrafficStats: tagSocket(158) with statsTag=0xffffffff, statsUid=-1
02-27 14:51:30.554   359  8713 I resolv  : GetAddrInfoHandler::run: {100 786532 100 983140 10131 0}
02-27 14:51:30.558  1074  1116 V WindowManagerShell:  animated by com.android.wm.shell.transition.DefaultTransitionHandler@502dbcd
02-27 14:51:30.519     0     0 I servicemanager: Notifying artd they do (previously: don't) have clients when service is guaranteed to be in use
02-27 14:51:30.567   359  8714 I resolv  : res_nmkquery: (QUERY, IN, AAAA)
02-27 14:51:30.568   359  8715 I resolv  : res_nmkquery: (QUERY, IN, A)
02-27 14:51:30.568   359  8715 I resolv  : resolv_cache_lookup: FOUND IN CACHE entry=0x734b09ba3c90
02-27 14:51:30.568   577  2112 I ImeTracker: com.google.android.apps.nexuslauncher:a437dc: onRequestHide at ORIGIN_SERVER_HIDE_INPUT reason HIDE_UNSPECIFIED_WINDOW
02-27 14:51:30.569   359  8715 I resolv  : doQuery: rcode=0, ancount=10, return value=208
02-27 14:51:30.569   577  2112 I ImeTracker: com.google.android.apps.nexuslauncher:a437dc: onCancelled at PHASE_SERVER_SHOULD_HIDE
02-27 14:51:30.575  1828  1828 I GoogleInputMethodService: GoogleInputMethodService.onFinishInput():3227 
02-27 14:51:30.578   359  8714 I resolv  : resolv_cache_lookup: FOUND IN CACHE entry=0x734b09ba0430
02-27 14:51:30.579   359  8714 I resolv  : doQuery: rcode=0, ancount=5, return value=176
02-27 14:51:30.580  1828  1828 I GoogleInputMethodService: GoogleInputMethodService.updateDeviceLockedStatus():2087 repeatCheckTimes = 0, unlocked = true
02-27 14:51:30.581  1828  1828 I GoogleInputMethodService: GoogleInputMethodService.onStartInput():1877 onStartInput(EditorInfo{inputType=0x0(NULL) imeOptions=0x0 privateImeOptions=null actionName=UNSPECIFIED actionLabel=null actionId=0 initialSelStart=-1 initialSelEnd=-1 initialCapsMode=0x0 hintText=null label=null packageName=com.google.android.apps.nexuslauncher fieldId=0 fieldName=null extras=null}, false)
02-27 14:51:30.582  8521  8677 D TrafficStats: tagSocket(151) with statsTag=0xffffffff, statsUid=-1
02-27 14:51:30.584  1828  1828 I GoogleInputMethodService: GoogleInputMethodService.shouldHideHeaderOnInitialState():4008 ShouldHideHeaderOnInitialState = false
02-27 14:51:30.585  1828  1828 I GoogleInputMethodService: GoogleInputMethodService.updateDeviceLockedStatus():2087 repeatCheckTimes = 2, unlocked = true
02-27 14:51:30.618  7903  7990 D BtGatt.ScanManager: uid 10128 isForeground true scanMode -1
02-27 14:51:30.618  7903  7990 D BtGatt.ScanManager: uid 10128 isForeground true scanMode -1
02-27 14:51:30.667  8521  8579 E MDD     : DownloadProgressMonitor: Can't find file group for uri: android://com.google.android.apps.messaging/files/datadownload/shared/public/datadownloadfile_1772203848768
02-27 14:51:30.671   577   653 D ActivityManager: sync unfroze 5822 com.google.android.gms for 6
02-27 14:51:30.703  8521  8653 E MDD     : DownloadProgressMonitor: Can't find file group for uri: android://com.google.android.apps.messaging/files/datadownload/shared/public/datadownloadfile_1772203848769
02-27 14:51:30.714  5822  5876 I PhenotypeProcessReaper: Memory state is: 100
02-27 14:51:30.729  1945  2407 I AiAiEcho: Predicting[0]: 
02-27 14:51:30.729  1945  2407 I AiAiEcho: EchoTargets: 
02-27 14:51:30.729  1945  2407 I AiAiEcho: Filtered by AiAi flag check: 
02-27 14:51:30.729  1945  2407 I AiAiEcho: Ranked targets strategy: SORT, count: 0, ranking metadata: 
02-27 14:51:30.742  1945  2407 I AiAiEcho: #postPredictionTargets: Sending updates to UISurface home with targets# 0 (types=[])
02-27 14:51:30.766   577  1132 W system_server: Long monitor contention with owner android.fg (671) at java.util.List com.android.server.pm.permission.PermissionManagerServiceImpl.getAllPermissionsWithProtection(int)(PermissionManagerServiceImpl.java:5268) waiters=3 in int com.android.server.pm.permission.PermissionManagerServiceImpl.checkPermissionInternal(com.android.server.pm.pkg.AndroidPackage, boolean, java.lang.String, int) for 174ms
02-27 14:51:30.769   577   682 W system_server: Long monitor contention with owner android.fg (671) at java.util.List com.android.server.pm.permission.PermissionManagerServiceImpl.getAllPermissionsWithProtection(int)(PermissionManagerServiceImpl.java:5268) waiters=2 in int com.android.server.pm.permission.PermissionManagerServiceImpl.checkPermissionInternal(com.android.server.pm.pkg.AndroidPackage, boolean, java.lang.String, int) for 271ms
02-27 14:51:30.773   577   681 W system_server: Long monitor contention with owner android.fg (671) at java.util.List com.android.server.pm.permission.PermissionManagerServiceImpl.getAllPermissionsWithProtection(int)(PermissionManagerServiceImpl.java:5268) waiters=1 in int com.android.server.pm.permission.PermissionManagerServiceImpl.checkPermissionInternal(com.android.server.pm.pkg.AndroidPackage, boolean, java.lang.String, int) for 277ms
02-27 14:51:30.774   577  2112 W system_server: Long monitor contention with owner android.fg (671) at java.util.List com.android.server.pm.permission.PermissionManagerServiceImpl.getAllPermissionsWithProtection(int)(PermissionManagerServiceImpl.java:5268) waiters=4 in int com.android.server.pm.permission.PermissionManagerServiceImpl.checkPermissionInternal(com.android.server.pm.pkg.AndroidPackage, boolean, java.lang.String, int) for 183ms
02-27 14:51:30.775   577   707 W system_server: Long monitor contention with owner android.fg (671) at java.util.List com.android.server.pm.permission.PermissionManagerServiceImpl.getAllPermissionsWithProtection(int)(PermissionManagerServiceImpl.java:5268) waiters=5 in java.util.List com.android.server.pm.permission.PermissionManagerServiceImpl.getAllPermissionsWithProtection(int) for 123ms
02-27 14:51:30.795  2095  2095 I A       : Created gRPC endpoint to "search" for service class com.google.android.apps.search.googleapp.search.suggest.plugins.onesearch.server.OneSearchSuggestService
02-27 14:51:30.796   577   675 W WindowManager: Failed to deliver inset control state change to w=Window{bfe58cc u0 com.shifu.app/com.shifu.app.MainActivity EXITING}
02-27 14:51:30.796   577   675 W WindowManager: android.os.DeadObjectException
02-27 14:51:30.796   577   675 W WindowManager: 	at android.os.BinderProxy.transactNative(Native Method)
02-27 14:51:30.796   577   675 W WindowManager: 	at android.os.BinderProxy.transact(BinderProxy.java:584)
02-27 14:51:30.796   577   675 W WindowManager: 	at android.view.IWindow$Stub$Proxy.insetsControlChanged(IWindow.java:479)
02-27 14:51:30.796   577   675 W WindowManager: 	at com.android.server.wm.WindowState.notifyInsetsControlChanged(WindowState.java:3802)
02-27 14:51:30.796   577   675 W WindowManager: 	at com.android.server.wm.InsetsStateController.lambda$notifyPendingInsetsControlChanged$3(InsetsStateController.java:343)
02-27 14:51:30.796   577   675 W WindowManager: 	at com.android.server.wm.InsetsStateController.$r8$lambda$8yykPRG1GyNq_J17QvL9d5xANMc(InsetsStateController.java:0)
02-27 14:51:30.796   577   675 W WindowManager: 	at com.android.server.wm.InsetsStateController$$ExternalSyntheticLambda2.run(R8$$SyntheticClass:0)
02-27 14:51:30.796   577   675 W WindowManager: 	at com.android.server.wm.WindowAnimator.executeAfterPrepareSurfacesRunnables(WindowAnimator.java:294)
02-27 14:51:30.796   577   675 W WindowManager: 	at com.android.server.wm.RootWindowContainer.performSurfacePlacementNoTrace(RootWindowContainer.java:811)
02-27 14:51:30.796   577   675 W WindowManager: 	at com.android.server.wm.RootWindowContainer.performSurfacePlacement(RootWindowContainer.java:756)
02-27 14:51:30.796   577   675 W WindowManager: 	at com.android.server.wm.WindowSurfacePlacer.performSurfacePlacementLoop(WindowSurfacePlacer.java:177)
02-27 14:51:30.796   577   675 W WindowManager: 	at com.android.server.wm.WindowSurfacePlacer.performSurfacePlacement(WindowSurfacePlacer.java:126)
02-27 14:51:30.796   577   675 W WindowManager: 	at com.android.server.wm.WindowSurfacePlacer.performSurfacePlacement(WindowSurfacePlacer.java:115)
02-27 14:51:30.796   577   675 W WindowManager: 	at com.android.server.wm.WindowSurfacePlacer$Traverser.run(WindowSurfacePlacer.java:57)
02-27 14:51:30.796   577   675 W WindowManager: 	at android.os.Handler.handleCallback(Handler.java:958)
02-27 14:51:30.796   577   675 W WindowManager: 	at android.os.Handler.dispatchMessage(Handler.java:99)
02-27 14:51:30.796   577   675 W WindowManager: 	at android.os.Looper.loopOnce(Looper.java:205)
02-27 14:51:30.796   577   675 W WindowManager: 	at android.os.Looper.loop(Looper.java:294)
02-27 14:51:30.796   577   675 W WindowManager: 	at android.os.HandlerThread.run(HandlerThread.java:67)
02-27 14:51:30.796   577   675 W WindowManager: 	at com.android.server.ServiceThread.run(ServiceThread.java:46)
02-27 14:51:30.836  2095  2946 I A       : Using proto config with mendel
02-27 14:51:30.845  2095  2946 W A       : Queue length for executor EventBus is now 11. Perhaps some tasks are too long, or the pool is too small.
02-27 14:51:30.868  1074  1116 V WindowManagerShell: Transition animation finished (aborted=false), notifying core (#15)android.os.BinderProxy@29ed2a7@0
02-27 14:51:30.878  2095  2946 I A       : Using proto config with mendel
02-27 14:51:30.883  8521  8589 D cevx    : Starting download: https://media.tenor.com/H1dJQhNZtI8AAAAk/feed-me-om-nom.gif
02-27 14:51:30.883  8521  8589 V cevx    : Is http uri, downloading (uri: https://media.tenor.com/H1dJQhNZtI8AAAAk/feed-me-om-nom.gif)
02-27 14:51:30.884  2095  2562 W CorpusConfigHelper: Invalid input from icing corpus JSON flag.
02-27 14:51:30.884  2095  2562 W CorpusConfigHelper: android.util.MalformedJsonException: Use JsonReader.setLenient(true) to accept malformed JSON at line 123 column 2
02-27 14:51:30.884  2095  2562 W CorpusConfigHelper: 	at android.util.JsonReader.syntaxError(JsonReader.java:1162)
02-27 14:51:30.884  2095  2562 W CorpusConfigHelper: 	at android.util.JsonReader.checkLenient(JsonReader.java:840)
02-27 14:51:30.884  2095  2562 W CorpusConfigHelper: 	at android.util.JsonReader.nextInArray(JsonReader.java:615)
02-27 14:51:30.884  2095  2562 W CorpusConfigHelper: 	at android.util.JsonReader.peek(JsonReader.java:345)
02-27 14:51:30.884  2095  2562 W CorpusConfigHelper: 	at android.util.JsonReader.hasNext(JsonReader.java:321)
02-27 14:51:30.884  2095  2562 W CorpusConfigHelper: 	at com.google.android.apps.gsa.searchbox.c.b.b.k.c(PG:7)
02-27 14:51:30.884  2095  2562 W CorpusConfigHelper: 	at com.google.android.apps.gsa.searchbox.c.b.b.k.<init>(PG:5)
02-27 14:51:30.884  2095  2562 W CorpusConfigHelper: 	at com.google.android.apps.gsa.staticplugins.searchboxroot.features.n.a.c.<init>(PG:16)
02-27 14:51:30.884  2095  2562 W CorpusConfigHelper: 	at com.google.android.apps.gsa.staticplugins.searchboxroot.b.a(PG:14)
02-27 14:51:30.884  2095  2562 W CorpusConfigHelper: 	at com.google.android.apps.gsa.staticplugins.searchboxroot.x.<init>(PG:7)
02-27 14:51:30.884  2095  2562 W CorpusConfigHelper: 	at com.google.android.apps.gsa.binaries.velvet.app.akd.b(PG:15)
02-27 14:51:30.884  2095  2562 W CorpusConfigHelper: 	at dagger.a.e.b(PG:1)
02-27 14:51:30.884  2095  2562 W CorpusConfigHelper: 	at com.google.android.apps.gsa.staticplugins.searchboxroot.a.a.a(PG:3)
02-27 14:51:30.884  2095  2562 W CorpusConfigHelper: 	at com.google.android.apps.gsa.binaries.velvet.app.ok.f(Unknown Source:2541)
02-27 14:51:30.884  2095  2562 W CorpusConfigHelper: 	at com.google.android.apps.gsa.binaries.velvet.app.ok.b(PG:1)
02-27 14:51:30.884  2095  2562 W CorpusConfigHelper: 	at com.google.android.apps.gsa.search.core.service.g.a.c.a(PG:2)
02-27 14:51:30.884  2095  2562 W CorpusConfigHelper: 	at com.google.android.libraries.gsa.k.a.f.a(PG:2)
02-27 14:51:30.884  2095  2562 W CorpusConfigHelper: 	at com.google.common.util.concurrent.dx.a(PG:1)
02-27 14:51:30.884  2095  2562 W CorpusConfigHelper: 	at com.google.common.util.concurrent.cv.run(PG:4)
02-27 14:51:30.884  2095  2562 W CorpusConfigHelper: 	at com.google.common.util.concurrent.dz.run(PG:1)
02-27 14:51:30.884  2095  2562 W CorpusConfigHelper: 	at com.google.android.libraries.i.ae.run(PG:1)
02-27 14:51:30.884  2095  2562 W CorpusConfigHelper: 	at java.util.concurrent.ThreadPoolExecutor.runWorker(ThreadPoolExecutor.java:1145)
02-27 14:51:30.884  2095  2562 W CorpusConfigHelper: 	at java.util.concurrent.ThreadPoolExecutor$Worker.run(ThreadPoolExecutor.java:644)
02-27 14:51:30.884  2095  2562 W CorpusConfigHelper: 	at com.google.android.libraries.i.k.run(PG:2)
02-27 14:51:30.884  2095  2562 W CorpusConfigHelper: 	at com.google.android.libraries.i.p.run(PG:4)
02-27 14:51:30.884  2095  2562 W CorpusConfigHelper: 	at java.lang.Thread.run(Thread.java:1012)
02-27 14:51:30.886  1074  1122 W Looper  : Slow delivery took 40ms wmshell.anim h=android.view.Choreographer$FrameHandler c=android.view.Choreographer$FrameDisplayEventReceiver@90f577e m=0
02-27 14:51:30.890  1074  1122 W Looper  : Slow dispatch took 58ms wmshell.anim h=android.view.Choreographer$FrameHandler c=android.view.Choreographer$FrameDisplayEventReceiver@90f577e m=0
02-27 14:51:30.898   577  1650 W WindowManager: Exception thrown during dispatchAppVisibility Window{bfe58cc u0 com.shifu.app/com.shifu.app.MainActivity EXITING}
02-27 14:51:30.898   577  1650 W WindowManager: android.os.DeadObjectException
02-27 14:51:30.898   577  1650 W WindowManager: 	at android.os.BinderProxy.transactNative(Native Method)
02-27 14:51:30.898   577  1650 W WindowManager: 	at android.os.BinderProxy.transact(BinderProxy.java:584)
02-27 14:51:30.898   577  1650 W WindowManager: 	at android.view.IWindow$Stub$Proxy.dispatchAppVisibility(IWindow.java:546)
02-27 14:51:30.898   577  1650 W WindowManager: 	at com.android.server.wm.WindowState.sendAppVisibilityToClients(WindowState.java:3271)
02-27 14:51:30.898   577  1650 W WindowManager: 	at com.android.server.wm.WindowContainer.sendAppVisibilityToClients(WindowContainer.java:1221)
