
> shifu@0.1.0 test
> jest

node.exe : FAIL tests/
simple.test.ts
At line:1 char:1
+ & "C:\Program Files\
nodejs/node.exe" "C:\P
rogram Files\nodejs/no
de_mo ...
+ ~~~~~~~~~~~~~~~~~~~~
~~~~~~~~~~~~~~~~~~~~~~
~~~~~~~~~~~~~~~~~~~~~~
~~~~~
    + CategoryInfo    
          : NotSpecifi
ed    : (FAIL tests/si
mpl    e.test.ts:Strin
g) [    ], RemoteExcep
tion
    + FullyQualifiedEr
r    orId : NativeComm
an    dError
 
  ÔùÅ Test suite faile
d to run

    SyntaxError: C:\Us
ers\jelte\Shifu\node_m
odules\react-native\je
st\setup.js: Unexpecte
d token, expected "," 
(31:12)

    [0m [90m 29 |[3
9m     configurable[3
3m:[39m [36mtrue[39
m[33m,[39m
     [90m 30 |[39m  
   enumerable[33m:[3
9m [36mtrue[39m[33m
,[39m
    [31m[1m>[22m[3
9m[90m 31 |[39m     
value(id[33m:[39m [
33mTimeoutID[39m)[33
m:[39m [36mvoid[39m
 {
     [90m    |[39m  
           [31m[1m^
[22m[39m
     [90m 32 |[39m  
     [36mreturn[39m 
clearTimeout(id)[33m;
[39m
     [90m 33 |[39m  
   }[33m,[39m
     [90m 34 |[39m  
   writable[33m:[39m
 [36mtrue[39m[33m,
[39m[0m

      at constructor (
node_modules/@babel/pa
rser/lib/index.js:367:
19)
      at Parser.raise 
(node_modules/@babel/p
arser/lib/index.js:662
4:19)
      at Parser.unexpe
cted (node_modules/@ba
bel/parser/lib/index.j
s:6644:16)
      at Parser.expect
 (node_modules/@babel/
parser/lib/index.js:69
24:12)
      at Parser.parseB
indingList (node_modul
es/@babel/parser/lib/i
ndex.js:7393:14)
      at Parser.parseF
unctionParams (node_mo
dules/@babel/parser/li
b/index.js:13537:24)
      at Parser.parseM
ethod (node_modules/@b
abel/parser/lib/index.
js:12117:10)
      at Parser.parseO
bjectMethod (node_modu
les/@babel/parser/lib/
index.js:12018:19)
      at Parser.parseO
bjPropValue (node_modu
les/@babel/parser/lib/
index.js:12052:23)
      at Parser.parseP
ropertyDefinition (nod
e_modules/@babel/parse
r/lib/index.js:11989:1
7)
      at Parser.parseO
bjectLike (node_module
s/@babel/parser/lib/in
dex.js:11904:21)
      at Parser.parseE
xprAtom (node_modules/
@babel/parser/lib/inde
x.js:11403:23)
      at Parser.parseE
xprSubscripts (node_mo
dules/@babel/parser/li
b/index.js:11145:23)
      at Parser.parseU
pdate (node_modules/@b
abel/parser/lib/index.
js:11130:21)
      at Parser.parseM
aybeUnary (node_module
s/@babel/parser/lib/in
dex.js:11110:23)
      at Parser.parseM
aybeUnaryOrPrivate (no
de_modules/@babel/pars
er/lib/index.js:10963:
61)
      at Parser.parseE
xprOps (node_modules/@
babel/parser/lib/index
.js:10968:23)
      at Parser.parseM
aybeConditional (node_
modules/@babel/parser/
lib/index.js:10945:23)
      at Parser.parseM
aybeAssign (node_modul
es/@babel/parser/lib/i
ndex.js:10895:21)
      at node_modules/
@babel/parser/lib/inde
x.js:10864:39
      at Parser.allowI
nAnd (node_modules/@ba
bel/parser/lib/index.j
s:12500:12)
      at Parser.parseM
aybeAssignAllowIn (nod
e_modules/@babel/parse
r/lib/index.js:10864:1
7)
      at Parser.parseM
aybeAssignAllowInOrVoi
dPattern (node_modules
/@babel/parser/lib/ind
ex.js:12567:17)
      at Parser.parseO
bjectProperty (node_mo
dules/@babel/parser/li
b/index.js:12024:83)
      at Parser.parseO
bjPropValue (node_modu
les/@babel/parser/lib/
index.js:12052:100)
      at Parser.parseP
ropertyDefinition (nod
e_modules/@babel/parse
r/lib/index.js:11989:1
7)
      at Parser.parseO
bjectLike (node_module
s/@babel/parser/lib/in
dex.js:11904:21)
      at Parser.parseE
xprAtom (node_modules/
@babel/parser/lib/inde
x.js:11403:23)
      at Parser.parseE
xprSubscripts (node_mo
dules/@babel/parser/li
b/index.js:11145:23)
      at Parser.parseU
pdate (node_modules/@b
abel/parser/lib/index.
js:11130:21)
      at Parser.parseM
aybeUnary (node_module
s/@babel/parser/lib/in
dex.js:11110:23)
      at Parser.parseM
aybeUnaryOrPrivate (no
de_modules/@babel/pars
er/lib/index.js:10963:
61)
      at Parser.parseE
xprOps (node_modules/@
babel/parser/lib/index
.js:10968:23)
      at Parser.parseM
aybeConditional (node_
modules/@babel/parser/
lib/index.js:10945:23)
      at Parser.parseM
aybeAssign (node_modul
es/@babel/parser/lib/i
ndex.js:10895:21)
      at node_modules/
@babel/parser/lib/inde
x.js:10864:39
      at Parser.allowI
nAnd (node_modules/@ba
bel/parser/lib/index.j
s:12500:12)
      at Parser.parseM
aybeAssignAllowIn (nod
e_modules/@babel/parse
r/lib/index.js:10864:1
7)
      at Parser.parseM
aybeAssignAllowInOrVoi
dPattern (node_modules
/@babel/parser/lib/ind
ex.js:12567:17)
      at Parser.parseE
xprListItem (node_modu
les/@babel/parser/lib/
index.js:12249:18)
      at Parser.parseC
allExpressionArguments
 (node_modules/@babel/
parser/lib/index.js:11
316:22)
      at Parser.parseC
overCallAndAsyncArrowH
ead (node_modules/@bab
el/parser/lib/index.js
:11250:29)
      at Parser.parseS
ubscript (node_modules
/@babel/parser/lib/ind
ex.js:11184:19)
      at Parser.parseS
ubscripts (node_module
s/@babel/parser/lib/in
dex.js:11158:19)
      at Parser.parseE
xprSubscripts (node_mo
dules/@babel/parser/li
b/index.js:11149:17)
      at Parser.parseU
pdate (node_modules/@b
abel/parser/lib/index.
js:11130:21)
      at Parser.parseM
aybeUnary (node_module
s/@babel/parser/lib/in
dex.js:11110:23)
      at Parser.parseM
aybeUnaryOrPrivate (no
de_modules/@babel/pars
er/lib/index.js:10963:
61)
      at Parser.parseE
xprOps (node_modules/@
babel/parser/lib/index
.js:10968:23)
      at Parser.parseM
aybeConditional (node_
modules/@babel/parser/
lib/index.js:10945:23)

FAIL tests/ci-passes.t
est.ts
  ÔùÅ Test suite faile
d to run

    SyntaxError: C:\Us
ers\jelte\Shifu\node_m
odules\react-native\je
st\setup.js: Unexpecte
d token, expected "," 
(31:12)

    [0m [90m 29 |[3
9m     configurable[3
3m:[39m [36mtrue[39
m[33m,[39m
     [90m 30 |[39m  
   enumerable[33m:[3
9m [36mtrue[39m[33m
,[39m
    [31m[1m>[22m[3
9m[90m 31 |[39m     
value(id[33m:[39m [
33mTimeoutID[39m)[33
m:[39m [36mvoid[39m
 {
     [90m    |[39m  
           [31m[1m^
[22m[39m
     [90m 32 |[39m  
     [36mreturn[39m 
clearTimeout(id)[33m;
[39m
     [90m 33 |[39m  
   }[33m,[39m
     [90m 34 |[39m  
   writable[33m:[39m
 [36mtrue[39m[33m,
[39m[0m

      at constructor (
node_modules/@babel/pa
rser/lib/index.js:367:
19)
      at Parser.raise 
(node_modules/@babel/p
arser/lib/index.js:662
4:19)
      at Parser.unexpe
cted (node_modules/@ba
bel/parser/lib/index.j
s:6644:16)
      at Parser.expect
 (node_modules/@babel/
parser/lib/index.js:69
24:12)
      at Parser.parseB
indingList (node_modul
es/@babel/parser/lib/i
ndex.js:7393:14)
      at Parser.parseF
unctionParams (node_mo
dules/@babel/parser/li
b/index.js:13537:24)
      at Parser.parseM
ethod (node_modules/@b
abel/parser/lib/index.
js:12117:10)
      at Parser.parseO
bjectMethod (node_modu
les/@babel/parser/lib/
index.js:12018:19)
      at Parser.parseO
bjPropValue (node_modu
les/@babel/parser/lib/
index.js:12052:23)
      at Parser.parseP
ropertyDefinition (nod
e_modules/@babel/parse
r/lib/index.js:11989:1
7)
      at Parser.parseO
bjectLike (node_module
s/@babel/parser/lib/in
dex.js:11904:21)
      at Parser.parseE
xprAtom (node_modules/
@babel/parser/lib/inde
x.js:11403:23)
      at Parser.parseE
xprSubscripts (node_mo
dules/@babel/parser/li
b/index.js:11145:23)
      at Parser.parseU
pdate (node_modules/@b
abel/parser/lib/index.
js:11130:21)
      at Parser.parseM
aybeUnary (node_module
s/@babel/parser/lib/in
dex.js:11110:23)
      at Parser.parseM
aybeUnaryOrPrivate (no
de_modules/@babel/pars
er/lib/index.js:10963:
61)
      at Parser.parseE
xprOps (node_modules/@
babel/parser/lib/index
.js:10968:23)
      at Parser.parseM
aybeConditional (node_
modules/@babel/parser/
lib/index.js:10945:23)
      at Parser.parseM
aybeAssign (node_modul
es/@babel/parser/lib/i
ndex.js:10895:21)
      at node_modules/
@babel/parser/lib/inde
x.js:10864:39
      at Parser.allowI
nAnd (node_modules/@ba
bel/parser/lib/index.j
s:12500:12)
      at Parser.parseM
aybeAssignAllowIn (nod
e_modules/@babel/parse
r/lib/index.js:10864:1
7)
      at Parser.parseM
aybeAssignAllowInOrVoi
dPattern (node_modules
/@babel/parser/lib/ind
ex.js:12567:17)
      at Parser.parseO
bjectProperty (node_mo
dules/@babel/parser/li
b/index.js:12024:83)
      at Parser.parseO
bjPropValue (node_modu
les/@babel/parser/lib/
index.js:12052:100)
      at Parser.parseP
ropertyDefinition (nod
e_modules/@babel/parse
r/lib/index.js:11989:1
7)
      at Parser.parseO
bjectLike (node_module
s/@babel/parser/lib/in
dex.js:11904:21)
      at Parser.parseE
xprAtom (node_modules/
@babel/parser/lib/inde
x.js:11403:23)
      at Parser.parseE
xprSubscripts (node_mo
dules/@babel/parser/li
b/index.js:11145:23)
      at Parser.parseU
pdate (node_modules/@b
abel/parser/lib/index.
js:11130:21)
      at Parser.parseM
aybeUnary (node_module
s/@babel/parser/lib/in
dex.js:11110:23)
      at Parser.parseM
aybeUnaryOrPrivate (no
de_modules/@babel/pars
er/lib/index.js:10963:
61)
      at Parser.parseE
xprOps (node_modules/@
babel/parser/lib/index
.js:10968:23)
      at Parser.parseM
aybeConditional (node_
modules/@babel/parser/
lib/index.js:10945:23)
      at Parser.parseM
aybeAssign (node_modul
es/@babel/parser/lib/i
ndex.js:10895:21)
      at node_modules/
@babel/parser/lib/inde
x.js:10864:39
      at Parser.allowI
nAnd (node_modules/@ba
bel/parser/lib/index.j
s:12500:12)
      at Parser.parseM
aybeAssignAllowIn (nod
e_modules/@babel/parse
r/lib/index.js:10864:1
7)
      at Parser.parseM
aybeAssignAllowInOrVoi
dPattern (node_modules
/@babel/parser/lib/ind
ex.js:12567:17)
      at Parser.parseE
xprListItem (node_modu
les/@babel/parser/lib/
index.js:12249:18)
      at Parser.parseC
allExpressionArguments
 (node_modules/@babel/
parser/lib/index.js:11
316:22)
      at Parser.parseC
overCallAndAsyncArrowH
ead (node_modules/@bab
el/parser/lib/index.js
:11250:29)
      at Parser.parseS
ubscript (node_modules
/@babel/parser/lib/ind
ex.js:11184:19)
      at Parser.parseS
ubscripts (node_module
s/@babel/parser/lib/in
dex.js:11158:19)
      at Parser.parseE
xprSubscripts (node_mo
dules/@babel/parser/li
b/index.js:11149:17)
      at Parser.parseU
pdate (node_modules/@b
abel/parser/lib/index.
js:11130:21)
      at Parser.parseM
aybeUnary (node_module
s/@babel/parser/lib/in
dex.js:11110:23)
      at Parser.parseM
aybeUnaryOrPrivate (no
de_modules/@babel/pars
er/lib/index.js:10963:
61)
      at Parser.parseE
xprOps (node_modules/@
babel/parser/lib/index
.js:10968:23)
      at Parser.parseM
aybeConditional (node_
modules/@babel/parser/
lib/index.js:10945:23)

FAIL src/db/__tests__/
schema.test.ts
  ÔùÅ Test suite faile
d to run

    SyntaxError: C:\Us
ers\jelte\Shifu\node_m
odules\react-native\je
st\setup.js: Unexpecte
d token, expected "," 
(31:12)

    [0m [90m 29 |[3
9m     configurable[3
3m:[39m [36mtrue[39
m[33m,[39m
     [90m 30 |[39m  
   enumerable[33m:[3
9m [36mtrue[39m[33m
,[39m
    [31m[1m>[22m[3
9m[90m 31 |[39m     
value(id[33m:[39m [
33mTimeoutID[39m)[33
m:[39m [36mvoid[39m
 {
     [90m    |[39m  
           [31m[1m^
[22m[39m
     [90m 32 |[39m  
     [36mreturn[39m 
clearTimeout(id)[33m;
[39m
     [90m 33 |[39m  
   }[33m,[39m
     [90m 34 |[39m  
   writable[33m:[39m
 [36mtrue[39m[33m,
[39m[0m

      at constructor (
node_modules/@babel/pa
rser/lib/index.js:367:
19)
      at Parser.raise 
(node_modules/@babel/p
arser/lib/index.js:662
4:19)
      at Parser.unexpe
cted (node_modules/@ba
bel/parser/lib/index.j
s:6644:16)
      at Parser.expect
 (node_modules/@babel/
parser/lib/index.js:69
24:12)
      at Parser.parseB
indingList (node_modul
es/@babel/parser/lib/i
ndex.js:7393:14)
      at Parser.parseF
unctionParams (node_mo
dules/@babel/parser/li
b/index.js:13537:24)
      at Parser.parseM
ethod (node_modules/@b
abel/parser/lib/index.
js:12117:10)
      at Parser.parseO
bjectMethod (node_modu
les/@babel/parser/lib/
index.js:12018:19)
      at Parser.parseO
bjPropValue (node_modu
les/@babel/parser/lib/
index.js:12052:23)
      at Parser.parseP
ropertyDefinition (nod
e_modules/@babel/parse
r/lib/index.js:11989:1
7)
      at Parser.parseO
bjectLike (node_module
s/@babel/parser/lib/in
dex.js:11904:21)
      at Parser.parseE
xprAtom (node_modules/
@babel/parser/lib/inde
x.js:11403:23)
      at Parser.parseE
xprSubscripts (node_mo
dules/@babel/parser/li
b/index.js:11145:23)
      at Parser.parseU
pdate (node_modules/@b
abel/parser/lib/index.
js:11130:21)
      at Parser.parseM
aybeUnary (node_module
s/@babel/parser/lib/in
dex.js:11110:23)
      at Parser.parseM
aybeUnaryOrPrivate (no
de_modules/@babel/pars
er/lib/index.js:10963:
61)
      at Parser.parseE
xprOps (node_modules/@
babel/parser/lib/index
.js:10968:23)
      at Parser.parseM
aybeConditional (node_
modules/@babel/parser/
lib/index.js:10945:23)
      at Parser.parseM
aybeAssign (node_modul
es/@babel/parser/lib/i
ndex.js:10895:21)
      at node_modules/
@babel/parser/lib/inde
x.js:10864:39
      at Parser.allowI
nAnd (node_modules/@ba
bel/parser/lib/index.j
s:12500:12)
      at Parser.parseM
aybeAssignAllowIn (nod
e_modules/@babel/parse
r/lib/index.js:10864:1
7)
      at Parser.parseM
aybeAssignAllowInOrVoi
dPattern (node_modules
/@babel/parser/lib/ind
ex.js:12567:17)
      at Parser.parseO
bjectProperty (node_mo
dules/@babel/parser/li
b/index.js:12024:83)
      at Parser.parseO
bjPropValue (node_modu
les/@babel/parser/lib/
index.js:12052:100)
      at Parser.parseP
ropertyDefinition (nod
e_modules/@babel/parse
r/lib/index.js:11989:1
7)
      at Parser.parseO
bjectLike (node_module
s/@babel/parser/lib/in
dex.js:11904:21)
      at Parser.parseE
xprAtom (node_modules/
@babel/parser/lib/inde
x.js:11403:23)
      at Parser.parseE
xprSubscripts (node_mo
dules/@babel/parser/li
b/index.js:11145:23)
      at Parser.parseU
pdate (node_modules/@b
abel/parser/lib/index.
js:11130:21)
      at Parser.parseM
aybeUnary (node_module
s/@babel/parser/lib/in
dex.js:11110:23)
      at Parser.parseM
aybeUnaryOrPrivate (no
de_modules/@babel/pars
er/lib/index.js:10963:
61)
      at Parser.parseE
xprOps (node_modules/@
babel/parser/lib/index
.js:10968:23)
      at Parser.parseM
aybeConditional (node_
modules/@babel/parser/
lib/index.js:10945:23)
      at Parser.parseM
aybeAssign (node_modul
es/@babel/parser/lib/i
ndex.js:10895:21)
      at node_modules/
@babel/parser/lib/inde
x.js:10864:39
      at Parser.allowI
nAnd (node_modules/@ba
bel/parser/lib/index.j
s:12500:12)
      at Parser.parseM
aybeAssignAllowIn (nod
e_modules/@babel/parse
r/lib/index.js:10864:1
7)
      at Parser.parseM
aybeAssignAllowInOrVoi
dPattern (node_modules
/@babel/parser/lib/ind
ex.js:12567:17)
      at Parser.parseE
xprListItem (node_modu
les/@babel/parser/lib/
index.js:12249:18)
      at Parser.parseC
allExpressionArguments
 (node_modules/@babel/
parser/lib/index.js:11
316:22)
      at Parser.parseC
overCallAndAsyncArrowH
ead (node_modules/@bab
el/parser/lib/index.js
:11250:29)
      at Parser.parseS
ubscript (node_modules
/@babel/parser/lib/ind
ex.js:11184:19)
      at Parser.parseS
ubscripts (node_module
s/@babel/parser/lib/in
dex.js:11158:19)
      at Parser.parseE
xprSubscripts (node_mo
dules/@babel/parser/li
b/index.js:11149:17)
      at Parser.parseU
pdate (node_modules/@b
abel/parser/lib/index.
js:11130:21)
      at Parser.parseM
aybeUnary (node_module
s/@babel/parser/lib/in
dex.js:11110:23)
      at Parser.parseM
aybeUnaryOrPrivate (no
de_modules/@babel/pars
er/lib/index.js:10963:
61)
      at Parser.parseE
xprOps (node_modules/@
babel/parser/lib/index
.js:10968:23)
      at Parser.parseM
aybeConditional (node_
modules/@babel/parser/
lib/index.js:10945:23)

FAIL tests/setup.test.
ts
  ÔùÅ Test suite faile
d to run

    SyntaxError: C:\Us
ers\jelte\Shifu\node_m
odules\react-native\je
st\setup.js: Unexpecte
d token, expected "," 
(31:12)

    [0m [90m 29 |[3
9m     configurable[3
3m:[39m [36mtrue[39
m[33m,[39m
     [90m 30 |[39m  
   enumerable[33m:[3
9m [36mtrue[39m[33m
,[39m
    [31m[1m>[22m[3
9m[90m 31 |[39m     
value(id[33m:[39m [
33mTimeoutID[39m)[33
m:[39m [36mvoid[39m
 {
     [90m    |[39m  
           [31m[1m^
[22m[39m
     [90m 32 |[39m  
     [36mreturn[39m 
clearTimeout(id)[33m;
[39m
     [90m 33 |[39m  
   }[33m,[39m
     [90m 34 |[39m  
   writable[33m:[39m
 [36mtrue[39m[33m,
[39m[0m

      at constructor (
node_modules/@babel/pa
rser/lib/index.js:367:
19)
      at Parser.raise 
(node_modules/@babel/p
arser/lib/index.js:662
4:19)
      at Parser.unexpe
cted (node_modules/@ba
bel/parser/lib/index.j
s:6644:16)
      at Parser.expect
 (node_modules/@babel/
parser/lib/index.js:69
24:12)
      at Parser.parseB
indingList (node_modul
es/@babel/parser/lib/i
ndex.js:7393:14)
      at Parser.parseF
unctionParams (node_mo
dules/@babel/parser/li
b/index.js:13537:24)
      at Parser.parseM
ethod (node_modules/@b
abel/parser/lib/index.
js:12117:10)
      at Parser.parseO
bjectMethod (node_modu
les/@babel/parser/lib/
index.js:12018:19)
      at Parser.parseO
bjPropValue (node_modu
les/@babel/parser/lib/
index.js:12052:23)
      at Parser.parseP
ropertyDefinition (nod
e_modules/@babel/parse
r/lib/index.js:11989:1
7)
      at Parser.parseO
bjectLike (node_module
s/@babel/parser/lib/in
dex.js:11904:21)
      at Parser.parseE
xprAtom (node_modules/
@babel/parser/lib/inde
x.js:11403:23)
      at Parser.parseE
xprSubscripts (node_mo
dules/@babel/parser/li
b/index.js:11145:23)
      at Parser.parseU
pdate (node_modules/@b
abel/parser/lib/index.
js:11130:21)
      at Parser.parseM
aybeUnary (node_module
s/@babel/parser/lib/in
dex.js:11110:23)
      at Parser.parseM
aybeUnaryOrPrivate (no
de_modules/@babel/pars
er/lib/index.js:10963:
61)
      at Parser.parseE
xprOps (node_modules/@
babel/parser/lib/index
.js:10968:23)
      at Parser.parseM
aybeConditional (node_
modules/@babel/parser/
lib/index.js:10945:23)
      at Parser.parseM
aybeAssign (node_modul
es/@babel/parser/lib/i
ndex.js:10895:21)
      at node_modules/
@babel/parser/lib/inde
x.js:10864:39
      at Parser.allowI
nAnd (node_modules/@ba
bel/parser/lib/index.j
s:12500:12)
      at Parser.parseM
aybeAssignAllowIn (nod
e_modules/@babel/parse
r/lib/index.js:10864:1
7)
      at Parser.parseM
aybeAssignAllowInOrVoi
dPattern (node_modules
/@babel/parser/lib/ind
ex.js:12567:17)
      at Parser.parseO
bjectProperty (node_mo
dules/@babel/parser/li
b/index.js:12024:83)
      at Parser.parseO
bjPropValue (node_modu
les/@babel/parser/lib/
index.js:12052:100)
      at Parser.parseP
ropertyDefinition (nod
e_modules/@babel/parse
r/lib/index.js:11989:1
7)
      at Parser.parseO
bjectLike (node_module
s/@babel/parser/lib/in
dex.js:11904:21)
      at Parser.parseE
xprAtom (node_modules/
@babel/parser/lib/inde
x.js:11403:23)
      at Parser.parseE
xprSubscripts (node_mo
dules/@babel/parser/li
b/index.js:11145:23)
      at Parser.parseU
pdate (node_modules/@b
abel/parser/lib/index.
js:11130:21)
      at Parser.parseM
aybeUnary (node_module
s/@babel/parser/lib/in
dex.js:11110:23)
      at Parser.parseM
aybeUnaryOrPrivate (no
de_modules/@babel/pars
er/lib/index.js:10963:
61)
      at Parser.parseE
xprOps (node_modules/@
babel/parser/lib/index
.js:10968:23)
      at Parser.parseM
aybeConditional (node_
modules/@babel/parser/
lib/index.js:10945:23)
      at Parser.parseM
aybeAssign (node_modul
es/@babel/parser/lib/i
ndex.js:10895:21)
      at node_modules/
@babel/parser/lib/inde
x.js:10864:39
      at Parser.allowI
nAnd (node_modules/@ba
bel/parser/lib/index.j
s:12500:12)
      at Parser.parseM
aybeAssignAllowIn (nod
e_modules/@babel/parse
r/lib/index.js:10864:1
7)
      at Parser.parseM
aybeAssignAllowInOrVoi
dPattern (node_modules
/@babel/parser/lib/ind
ex.js:12567:17)
      at Parser.parseE
xprListItem (node_modu
les/@babel/parser/lib/
index.js:12249:18)
      at Parser.parseC
allExpressionArguments
 (node_modules/@babel/
parser/lib/index.js:11
316:22)
      at Parser.parseC
overCallAndAsyncArrowH
ead (node_modules/@bab
el/parser/lib/index.js
:11250:29)
      at Parser.parseS
ubscript (node_modules
/@babel/parser/lib/ind
ex.js:11184:19)
      at Parser.parseS
ubscripts (node_module
s/@babel/parser/lib/in
dex.js:11158:19)
      at Parser.parseE
xprSubscripts (node_mo
dules/@babel/parser/li
b/index.js:11149:17)
      at Parser.parseU
pdate (node_modules/@b
abel/parser/lib/index.
js:11130:21)
      at Parser.parseM
aybeUnary (node_module
s/@babel/parser/lib/in
dex.js:11110:23)
      at Parser.parseM
aybeUnaryOrPrivate (no
de_modules/@babel/pars
er/lib/index.js:10963:
61)
      at Parser.parseE
xprOps (node_modules/@
babel/parser/lib/index
.js:10968:23)
      at Parser.parseM
aybeConditional (node_
modules/@babel/parser/
lib/index.js:10945:23)

Test Suites: 4 failed,
 4 total
Tests:       0 total
Snapshots:   0 total
Time:        1.436 s
Ran all test suites.
